04-21 20:40:12.906   933  1484 I Lyric   : zuma_csis_core_driver.cc:261: [FEIRQ] CSIS Core context 0: event IspFe.csis_core_img_proc.LogicalChannel0Eof #1, category: 11, count: 1, timestamp: 132713307269408
04-21 20:40:12.906   933  1484 I Lyric   : zuma_lmp_driver.cc:455: [FEIRQ] Lmp bayer context 4, event 2305843009213694849, name: IspFe.lmp_bayer.Context4Eof, count: 1, timestamp: 132713307344075
04-21 20:40:12.906   933  2172 I Lyric   : raw_to_yuv_node.cc:1300: HalImageFormat for YUV output: HalImageFormat{ pixel_format = YCBCR_420_888, stride_alignment = 16, num_buffers = 1 }
04-21 20:40:12.913   933  1480 I Lyric   : zuma_be_core_event_handler_impl.cc:76: Received Hw event: BeCore.RgbpInt0.FrameEnd counter 1, timestamp: 132713314062133
04-21 20:40:12.913   933  1480 I Lyric   : zuma_be_core_event_handler_impl.cc:76: Received Hw event: BeCore.YuvpInt0.FrameEnd counter 1, timestamp: 132713314128173
04-21 20:40:12.913   933 11161 I Lyric   : camera_latency_analyzer.cc:98: [CLA] Cam1-Open
04-21 20:40:12.913   933 11161 I Lyric   : camera_latency_analyzer.cc:100: [CLA] (Cam1-Open) Open latency: 4.77698
04-21 20:40:12.913   933 11161 I Lyric   : camera_latency_analyzer.cc:100: [CLA] (Cam1-Open) <-- IDLE --> latency: 45.2073
04-21 20:40:12.913   933 11161 I Lyric   : camera_latency_analyzer.cc:100: [CLA] (Cam1-Open) ConfigureStream latency: 6.87581
04-21 20:40:12.913   933 11161 I Lyric   : camera_latency_analyzer.cc:100: [CLA] (Cam1-Open) <-- IDLE --> latency: 26.5488
04-21 20:40:12.913   933 11161 I Lyric   : camera_latency_analyzer.cc:100: [CLA] (Cam1-Open) First frame latency: 65.2712
04-21 20:40:12.913   933 11161 I Lyric   : camera_latency_analyzer.cc:100: [CLA] (Cam1-Open) Overall latency: 148.702
04-21 20:40:12.913   933 11161 I Lyric   : camera_latency_analyzer.cc:100: [CLA] (Cam1-Open) HAL Total latency: 76.9139
04-21 20:40:12.914   933  2175 W G3ACoordinator: af_input_parser_lyric.cc:1815: AfInputParserLyric: stats_cis_temperature is empty
04-21 20:40:12.918     0     0 I trusty  : logging.cc: 91: ***: :239: Command Received: AuthenticationEvaluate
04-21 20:40:12.948   933  2172 W G3ACoordinator: af_input_parser_lyric.cc:1815: AfInputParserLyric: stats_cis_temperature is empty
04-21 20:40:12.951     0     0 I trusty  : logging.cc: 91: ***: :239: Command Received: AuthenticationEvaluate
04-21 20:40:12.951   933  2168 W Lyric   : sensor_generic_driver.cc:3549: 11 calls in 269 sec(s): TAOTIEFRONT frame length increased to 11752 due to the frame_length_line is lower than limitation
04-21 20:40:12.985   933  4148 W G3ACoordinator: af_input_parser_lyric.cc:1815: AfInputParserLyric: stats_cis_temperature is empty
04-21 20:40:12.986     0     0 I trusty  : logging.cc: 91: ***: :239: Command Received: AuthenticationEvaluate
04-21 20:40:13.016   933  2172 W Lyric   : actuator_node.cc:430: 6 calls in 1 sec(s): cam7_actuator: Update lens temperature failed with status ABORTED: No temperature read
04-21 20:40:13.018     0     0 I trusty  : logging.cc: 91: ***: :239: Command Received: AuthenticationEvaluate
04-21 20:40:13.016   933  2175 W G3ACoordinator: af_input_parser_lyric.cc:1815: AfInputParserLyric: stats_cis_temperature is empty
04-21 20:40:13.016   933  2175 W GAF     : gaf_metric_algos_pd_impl.cc:562: 6 calls in 1 sec(s): FrontNormalThe effective lens position used for PD tPos is not reliable: effective_lens_pos(0,kUnspecified)
04-21 20:40:13.035  1508  1888 D ActivityManager: sync unfroze 13125 com.google.android.apps.privacy.wildlife for 3
04-21 20:40:13.037  1508  2316 D BackgroundInstallControlService: Package event received: 0
04-21 20:40:13.038   933 11191 W Lyric   : shutter_notification_manager.cc:254: 1 calls in 2184 sec(s): re-sync SOF and vsync events. counter offset: 0 timestamp drift: -180616ns at frame count: 5
04-21 20:40:13.056     0     0 I trusty  : logging.cc: 91: ***: :239: Command Received: AuthenticationEvaluate
04-21 20:40:13.049   933  2175 W G3ACoordinator: af_input_parser_lyric.cc:1815: AfInputParserLyric: stats_cis_temperature is empty
04-21 20:40:13.053  1508  3022 D ActivityManager: sync unfroze 5414 com.google.android.apps.messaging for 7
04-21 20:40:13.053  1508  2316 D BackgroundInstallControlService: Package event received: 0
04-21 20:40:13.091     0     0 I trusty  : logging.cc: 91: ***: :239: Command Received: AuthenticationEvaluate
04-21 20:40:13.117     0     0 I trusty  : logging.cc: 91: ***: :239: Command Received: AuthenticationEvaluate
04-21 20:40:13.153     0     0 I trusty  : logging.cc: 91: ***: :239: Command Received: AuthenticationEvaluate
04-21 20:40:13.172  1508  4933 I SoundTriggerMiddlewareLogging: UNLOAD_MODEL (2)
04-21 20:40:13.174  1508  2138 W SoundTriggerHelper: Unload error: Attempting unload invalid generic model with id:9f6ad62a-1f0b-11e7-87c5-40a8f03d3f15
04-21 20:40:13.176  1508  2138 V SoundTriggerHelper: startRecognition
04-21 20:40:13.176  1508  2138 V SoundTriggerHelper: isRecognitionAllowed
04-21 20:40:13.176  1508  2138 V SoundTriggerHelper: deviceState: ENABLE
04-21 20:40:13.176  1508  2138 V SoundTriggerHelper: updateRecognitionLocked
04-21 20:40:13.176  1508  2138 V SoundTriggerHelper: isRecognitionAllowed
04-21 20:40:13.176  1508  2138 V SoundTriggerHelper: deviceState: ENABLE
04-21 20:40:13.176  1508  2138 V SoundTriggerHelper: prepareForRecognition
04-21 20:40:13.184     0     0 I trusty  : logging.cc: 91: ***: :239: Command Received: AuthenticationEvaluate
04-21 20:40:13.185  1508  2138 I SoundTriggerMiddlewareLogging: LOAD_MODEL ("9f6ad62a-1f0b-11e7-87c5-40a8f03d3f15") -> 2
04-21 20:40:13.185  1508  2138 V SoundTriggerHelper: startRecognitionLocked
04-21 20:40:13.185  1508  2138 V SoundTriggerHelper: isRecognitionAllowed
04-21 20:40:13.185  1508  2138 V SoundTriggerHelper: deviceState: ENABLE
04-21 20:40:13.188  1508  2138 I SoundTriggerMiddlewareLogging: START_RECOGNITION (2, RecognitionConfig{captureRequested: true, phraseRecognitionExtras: [], audioCapabilities: 0, data: []}) -> android.os.Binder@c1a1af3
04-21 20:40:13.188  1508  2138 I SoundTriggerHelper: startRecognition successful.
04-21 20:40:13.188  1508  2138 W SoundTriggerService: error onStart(): Model 9f6ad62a-1f0b-11e7-87c5-40a8f03d3f15 already started
04-21 20:40:13.189  1508  2138 W SoundTriggerHelper: Unload error: Attempting unload invalid generic model with id:12caddb1-acdb-4dce-8cb0-2e95a2313aee
04-21 20:40:13.189  1508  2138 I SoundTriggerService: error onStop(): Model 12caddb1-acdb-4dce-8cb0-2e95a2313aee has no stats available
04-21 20:40:13.209  1508  2138 D InputManagerService: pilferPointers
04-21 20:40:13.218     0     0 I trusty  : logging.cc: 91: ***: :239: Command Received: AuthenticationEvaluate
04-21 20:40:13.251     0     0 I trusty  : logging.cc: 91: ***: :239: Command Received: AuthenticationEvaluate
04-21 20:40:13.288     0     0 I trusty  : logging.cc: 91: ***: :239: Command Received: AuthenticationEvaluate
04-21 20:40:13.310     0     0 I trusty  : 132715.732:E:[SG_ERR] 0x00070016 0xfb4a6a0a 3704
04-21 20:40:13.310  1508  4980 W ActivityManager: Background start not allowed: service Intent { act=com.whatsapp.messageservice.messaging.MessageService.START xflg=0x4 cmp=com.whatsapp/.messageservice.messaging.MessageService } to com.whatsapp/.messageservice.messaging.MessageService from pid=29791 uid=10319 pkg=com.whatsapp startFg?=false
04-21 20:40:13.311     0     0 I trusty  : 132715.732:E:[SG_ERR] 0x00000002 0xfb4c0a33 87
04-21 20:40:13.311     0     0 I trusty  : 132715.732:E:[SG_ERR] 0x00000002 0xfb4c0a33 89
04-21 20:40:13.311     0     0 I trusty  : 132715.732:E:[SG_ERR] 0x00000002 0xfb4c0a33 90
04-21 20:40:13.320     0     0 I trusty  : logging.cc: 91: ***: :239: Command Received: AuthenticationEvaluate
04-21 20:40:13.325  1508  2303 D BiometricLogger: Authenticated! Modality: fingerprint, latency: 97
04-21 20:40:13.325  1508  2303 W AuthenticationClient: Allowing background authentication, this is allowed only for platform or test invocations
04-21 20:40:13.325  1508  2303 D BaseClientMonitor: marking operation as done: {[1180] com.android.server.biometrics.sensors.fingerprint.aidl.FingerprintAuthenticationClient, proto=3, owner=com.android.systemui, cookie=0, requestId=323, userId=0}
04-21 20:40:13.326  1508  2303 D BiometricService: resetLockout from: 37748992, for: 1, userId: 0
04-21 20:40:13.326  1508  2306 D BiometricScheduler: [Added] {[1182] com.android.server.biometrics.sensors.face.aidl.FaceResetLockoutClient, proto=12, owner=android, cookie=0, requestId=-1, userId=0}, new queue size: 1
04-21 20:40:13.326  1508  2306 D BiometricScheduler: [Cancelling Interruptable]: {[1181] com.android.server.biometrics.sensors.face.aidl.FaceAuthenticationClient, proto=3, owner=com.android.systemui, cookie=0, requestId=461, userId=0}, State: 2
04-21 20:40:13.326  1508  2306 D BiometricSchedulerOperation: [Cancelling] Current client: {[1181] com.android.server.biometrics.sensors.face.aidl.FaceAuthenticationClient, proto=3, owner=com.android.systemui, cookie=0, requestId=461, userId=0}
04-21 20:40:13.327   504 29517 I keystore2: system/security/keystore2/src/authorization.rs:116 - add_auth_token(challenge=0, userId=1946489225329214943, authId=-1534232473, authType=0x2, timestamp=132715749ms)
04-21 20:40:13.327  1508  2303 D AuthenticationClient: addAuthToken succeeded
04-21 20:40:13.327  1508  2303 D BiometricStateCallback: Client finished, state updated to 0, client {[1180] com.android.server.biometrics.sensors.fingerprint.aidl.FingerprintAuthenticationClient, proto=3, owner=com.android.systemui, cookie=0, requestId=323, userId=0}
04-21 20:40:13.328     0     0 I trusty  : logging.cc: 91: ***: :239: Command Received: AuthenticationDelete
04-21 20:40:13.328  1508  2303 D BiometricSchedulerOperation: [Finished / destroy]: {[1180] com.android.server.biometrics.sensors.fingerprint.aidl.FingerprintAuthenticationClient, proto=3, owner=com.android.systemui, cookie=0, requestId=323, userId=0}
04-21 20:40:13.328  1508  2303 V ALSProbe: Disable ALS: 151485460
04-21 20:40:13.328  1508  2303 D FingerprintAuthenticationClient: Lockout is implemented by the HAL
04-21 20:40:13.328  1508  2303 D BiometricScheduler: [Finishing] {[1180] com.android.server.biometrics.sensors.fingerprint.aidl.FingerprintAuthenticationClient, proto=3, owner=com.android.systemui, cookie=0, requestId=323, userId=0}, success: true
04-21 20:40:13.328  1508  2303 D GestureAvailabilityTracker: Notifying gesture availability, active=true
04-21 20:40:13.328  1508  2303 D BiometricScheduler: No operations, returning to idle
04-21 20:40:13.329   504 29517 I keystore2: system/security/keystore2/src/authorization.rs:130 - on_device_unlocked(AndroidUserId(0), password.is_some()=false)
04-21 20:40:13.332  1508  2303 E FingerprintProvider/default: onPointerUp received during client: null
04-21 20:40:13.334   509 10523 W keymint-hal-trusty: kmr_hal: HAL: command DeviceBegin failed: -26
04-21 20:40:13.334     0     0 I trusty  : WARN: system/keymint/ta/src/lib.rs:1281 failing DeviceBegin request with error Hal(KeyUserNotAuthenticated, "system/keymint/ta/src/operation.rs:703: now Timestamp { milliseconds: 132715760 } is later than auth token time Timestamp { milliseconds: 124869824
04-21 20:40:13.336     0     0 I trusty  :  } + 15 seconds")
04-21 20:40:13.336     0     0 I trusty  : logging.cc: 91: ***"faceauth": :50: TZ-TPU Wakelock released.
04-21 20:40:13.336  1508  2303 D FingerprintProvider/default: setIgnoreDisplayTouches set to true
04-21 20:40:13.342     0     0 I trusty  : logging.cc: 91: ***"faceauth": :187: Session finished, current heap footprint: 1269760, maximum footprint: 6684672
04-21 20:40:13.342     0     0 I trusty  : 132715.768:E:[SG_ERR] 0x00070002 0xfb4c2ddd 2217
04-21 20:40:13.347  2379  2379 D FaceManager: Cancel face authentication requested for: 461
04-21 20:40:13.348  2379  2417 V WindowManagerShell: Transition requested (#3092): android.os.BinderProxy@da5b791 TransitionRequestInfo { type = TO_BACK, triggerTask = null, pipChange = null, remoteTransitionInfo = null, displayChange = null, requestedLocation = null, userChange = null, windowingLayerChange = null, fullscreenRequestChange = null, flags = 260, debugId = 3092 }
04-21 20:40:13.348  1508  2141 D WindowManager: Remove SleepToken: tag=keyguard, displayId=0
04-21 20:40:13.348  2379  2417 V ShellDesktopMode: DesktopTasksController: skipping handleRequest reason=triggerTask is null
04-21 20:40:13.349  1508  2141 D ActivityTaskManager: Top Process State changed to PROCESS_STATE_TOP
04-21 20:40:13.349  1508  2141 W TransitionChain: Combining sleepTokens into #3092(TO_BACK|R|0x104) from kgGoAway
04-21 20:40:13.351  1508  2316 D BackgroundInstallControlService: Package event received: 0
04-21 20:40:13.352  1508  2306 D BiometricScheduler: cancelAuthenticationOrDetection, requestId: 461
04-21 20:40:13.352  1508  2306 D BiometricScheduler: Cancelling auth/detect op: {[1181] com.android.server.biometrics.sensors.face.aidl.FaceAuthenticationClient, proto=3, owner=com.android.systemui, cookie=0, requestId=461, userId=0}, State: 3
04-21 20:40:13.352  1508  2306 W BiometricSchedulerOperation: Cannot cancel - already invoked for operation: {[1181] com.android.server.biometrics.sensors.face.aidl.FaceAuthenticationClient, proto=3, owner=com.android.systemui, cookie=0, requestId=461, userId=0}, State: 3
04-21 20:40:13.353  1508  2316 D BackgroundInstallControlService: Package event received: 0
04-21 20:40:13.354  1508  2316 D BackgroundInstallControlService: Package event received: 0
04-21 20:40:13.356  1508  1866 I DisplayDeviceRepository: Display device changed render timings: "Built-in Screen", renderFrameRate=120.00001, presentationDeadlineNanos=11500000, appVsyncOffsetNanos=6233332, frameRateOverrides=[{uid=10267 frameRateHz=120.00001}, {uid=10276 frameRateHz=120.00001}, {uid=10277 frameRateHz=120.00001}]
04-21 20:40:13.356   504 29517 I keystore2: system/security/keystore2/src/super_key.rs:1060 - Successfully unlocked AndroidUserId(0) with biometric SecureUserId(-1534232473)
04-21 20:40:13.366  1508  2138 D CoreBackPreview: Window{ac52974 u0 Splash Screen com.whatsapp}: Setting back callback OnBackInvokedCallbackInfo{mCallback=android.window.IOnBackInvokedCallback$Stub$Proxy@4c8330c, mPriority=0, mIsAnimationCallback=false, mOverrideBehavior=0}
04-21 20:40:13.368  2379  2549 D Bubbles : handleKeyguardOrDreamChange isUnlockedShade=false keyguardShowing=true dreamingOrInPreview=false
04-21 20:40:13.368  2379  2417 D Bubbles : BubbleController.onStatusBarStateChanged() isShade=false didChange=false mNotifEntryToExpandOnShadeUnlock=null
04-21 20:40:13.369   933  2210 I Lyric   : camera_device_session_hwl_impl.cc:1197: Flush entered, camera_id: 1
04-21 20:40:13.369   933  2210 I Lyric   : camera_powerhal_impl.cc:189: SetPowerBoost Trigger CAMERA_LAUNCH for 200ms
04-21 20:40:13.369   933  2210 I Lyric   : camera_device_session_manager_base.cc:1454: Attempting to flush graph:top_graph_for_camera_FrontMultiFov
04-21 20:40:13.369   933  2210 I Lyric   : multicam_node.cc:2066: Last tracked request frame number: 16, flush frame number: 16, produced_multicam_frame_number: 16, latest_processed_frame_number: 16, is_all_inflight_request_handled_by_flush_: 1
04-21 20:40:13.370   933  4148 I Lyric   : retiming_node.cc:586: Front(hal id: 7), Reporting image frame drop to framework for stream id: 0, request id: 14
04-21 20:40:13.370   933  4148 I Lyric   : retiming_node.cc:586: Front(hal id: 7), Reporting image frame drop to framework for stream id: 0, request id: 15
04-21 20:40:13.370   933  4148 I Lyric   : retiming_node.cc:586: Front(hal id: 7), Reporting image frame drop to framework for stream id: 0, request id: 16
04-21 20:40:13.370   933  2210 I Lyric   : sensor_node.cc:1588: cam7_sensor flush called with flush_mark at request: 16
04-21 20:40:13.370   933  2210 I Lyric   : front_end_node.cc:1032: cam7_frontend flush at flush_mark 16 output frame stats (ignores fence-signaled drops): {process_input_count = 0, dropped_all_outputs = 0, valid_ae = 0, valid_pre_lsc_ae = 0, valid_uae = 0, valid_awb = 0, valid_histogram = 0, valid_flicker = 0, valid_motion = 0, valid_cdaf = 0, valid_pdaf = 0, valid_align = 0, valid_alias_map = 0, valid_gaussian_pyramid = 0, valid_scaled_rgb_stats = 0, valid_scaled_yuv_stats = 0, valid_lsc = 0, valid_bilateral_grid = 0, valid_scaled_rgb = 0, valid_scaled_yuv = 0, valid_cam_data_dump = 0, valid_pixel_patch = 0}
04-21 20:40:13.370   933  2210 I Lyric   : zuma_front_end_controller.cc:412: [CAM7] Flushing at Normal mode
04-21 20:40:13.370   933  2210 I Lyric   : per_camera_barrier_impl.cc:47: Blocker for FeControllerBlockCam7ToStop#1ForFlush acquired
04-21 20:40:13.370   933  4149 W Lyric   : actuator_node.cc:516: 2 calls in 270 sec(s): cam7_actuator: Read dac position failed with status FAILED_PRECONDITION: This Frame is a drop at frame: 14
04-21 20:40:13.370   933  2210 I Lyric   : inflight_config_queue.cc:151: [CAM7][ISPFE] Flushing 1 pending configs. Queue: last completed: (sensor frame # 16 (abs 15), id: 33980) pending: (sensor frame # 17 (abs 16), id: 33981), 
04-21 20:40:13.370   933  2210 I Lyric   : fe_programming_async.cc:387: [CAM7][ISPFE] Rewinding PDMA write pointer to end of sensor frame # 16 (abs 15) commands. Write pointer: 256
04-21 20:40:13.370   933  2210 I Lyric   : frame_images_queue_handler.cc:140: [CAM7] Bayer[0] Canceled sensor frames 17 Flushed [CAM7] Bayer[0] frame
04-21 20:40:13.371   933  2172 I Lyric   : camera_device_session_manager_base.cc:1310: Reporting metadata frame drop for camera: FrontMultiFov, request id: 14, partial result count: 1
04-21 20:40:13.371   933  2210 I Lyric   : lmp_pipeline.cc:604: [Bayer4][CAM7] Removed obsolete lmp frame (not frame 15) (not frame 16) 17
04-21 20:40:13.371   933  2210 I Lyric   : zuma_lmp_context.cc:123: Flushing Lmp context bayer
04-21 20:40:13.371   933  2172 I Lyric   : camera_device_session_manager_base.cc:1310: Reporting metadata frame drop for camera: FrontMultiFov, request id: 14, partial result count: 2
04-21 20:40:13.371   933  2210 I Lyric   : lmp_pipeline.cc:497: [Bayer4][CAM7] Drain(timeout=200.00854675ms) entered. Number of frames in the queue is 2
04-21 20:40:13.371   933  2210 I Lyric   : lmp_pipeline.cc:513: [Bayer4][CAM7] Waiting for pipeline to drain. There are 2 pending transactions for frames: sensor frame numbers: [15 16], abs frame numbers: [14 15]
04-21 20:40:13.371   933  2172 I Lyric   : camera_device_session_manager_base.cc:1310: Reporting metadata frame drop for camera: FrontMultiFov, request id: 15, partial result count: 1
04-21 20:40:13.371   933  2172 I Lyric   : camera_device_session_manager_base.cc:1310: Reporting metadata frame drop for camera: FrontMultiFov, request id: 15, partial result count: 2
04-21 20:40:13.371   933  2172 I Lyric   : camera_device_session_manager_base.cc:1310: Reporting metadata frame drop for camera: FrontMultiFov, request id: 16, partial result count: 1
04-21 20:40:13.371   933  2172 I Lyric   : camera_device_session_manager_base.cc:1310: Reporting metadata frame drop for camera: FrontMultiFov, request id: 16, partial result count: 2
04-21 20:40:13.377  1508  1888 D ActivityManager: sync unfroze 13026 com.google.android.crossdeviceaccessservice for 3
04-21 20:40:13.377  1508  1863 V WindowManager: Sent Transition (#3092) createdAt=04-21 20:40:13.347 via request=TransitionRequestInfo { type = TO_BACK, triggerTask = null, pipChange = null, remoteTransitionInfo = null, displayChange = null, requestedLocation = null, userChange = null, windowingLayerChange = null, fullscreenRequestChange = null, flags = 260, debugId = 3092 }
04-21 20:40:13.377  1508  1863 V WindowManager:     startWCT=WindowContainerTransaction { changes= {} hops= [] flags= 0 errorCallbackToken=null taskFragmentOrganizer=null }
04-21 20:40:13.377  1508  1863 V WindowManager:     info={id=3092 t=TO_BACK f=0x104 trk=0 r=[0@Point(0, 0)] c=[
04-21 20:40:13.377  1508  1863 V WindowManager:         {WCT{RemoteToken{e837338 Task{d826587 #2426 type=standard A=10319:com.whatsapp}}} m=TO_FRONT f=NONE p=WCT{RemoteToken{d57e0f6 DefaultTaskDisplayArea@129961493}} leash=Surface(name=Task=2426#32561)/@0xae5e95 sb=Rect(0, 0 - 960, 2142) eb=Rect(0, 0 - 960, 2142) epz=Point(960, 2142) d=0 taskParent=-1 winMode=1 userId=0},
04-21 20:40:13.377  1508  1863 V WindowManager:         {WCT{RemoteToken{d57e0f6 DefaultTaskDisplayArea@129961493}} m=TO_FRONT f=FLAG_IS_TASK_DISPLAY_AREA leash=Surface(name=DefaultTaskDisplayArea#10)/@0x3d1e4e0 sb=Rect(0, 0 - 960, 2142) eb=Rect(0, 0 - 960, 2142) epz=Point(960, 2142) d=0}
04-21 20:40:13.377  1508  1863 V WindowManager:     ]}
04-21 20:40:13.378  2379  2407 V WindowManagerShell: onTransitionReady(transaction=6476811147464)
04-21 20:40:13.378  2379  2417 V WindowManagerShell: onTransitionReady (#3092) android.os.BinderProxy@da5b791: {id=3092 t=TO_BACK f=0x104 trk=0 r=[0@Point(0, 0)] c=[
04-21 20:40:13.378  2379  2417 V WindowManagerShell:         {m=TO_FRONT f=NONE p=WCT{android.os.BinderProxy@8c9b402} leash=Surface(name=Task=2426#32561)/@0x9c1ebf5 sb=Rect(0, 0 - 960, 2142) eb=Rect(0, 0 - 960, 2142) epz=Point(960, 2142) d=0 taskParent=-1 winMode=1 userId=0},
04-21 20:40:13.378  2379  2417 V WindowManagerShell:         {m=TO_FRONT f=FLAG_IS_TASK_DISPLAY_AREA leash=Surface(name=DefaultTaskDisplayArea#10)/@0x1f44d8a sb=Rect(0, 0 - 960, 2142) eb=Rect(0, 0 - 960, 2142) epz=Point(960, 2142) d=0}
04-21 20:40:13.378  2379  2417 V WindowManagerShell:     ]}
04-21 20:40:13.379  2379  2417 V ShellDesktopMode: DesktopModeLogger: taskInfo map after processing changes 0
04-21 20:40:13.379  2379  2417 D ShellDesktopMode: DesktopTaskChangeListener: onTaskMovingToFront for taskId=2426, displayId=0 - desktop not supported
04-21 20:40:13.379  2379  2417 V WindowManagerShell: Playing animation for (#3092) android.os.BinderProxy@da5b791@0
04-21 20:40:13.379  2379  2417 V WindowManagerShell: start keyguard going-away transition, info = {id=3092 t=TO_BACK f=0x104 trk=0 r=[0@Point(0, 0)] c=[{m=TO_FRONT f=NONE p=WCT{android.os.BinderProxy@8c9b402} leash=Surface(name=Task=2426#32561)/@0x9c1ebf5 sb=Rect(0, 0 - 960, 2142) eb=Rect(0, 0 - 960, 2142) epz=Point(960, 2142) d=0 taskParent=-1 winMode=1 userId=0},{m=TO_FRONT f=FLAG_IS_TASK_DISPLAY_AREA leash=Surface(name=DefaultTaskDisplayArea#10)/@0x1f44d8a sb=Rect(0, 0 - 960, 2142) eb=Rect(0, 0 - 960, 2142) epz=Point(960, 2142) d=0}]}
04-21 20:40:13.379  2379  2417 D KeyguardService: Starts IRemoteAnimationRunner: info={id=3092 t=TO_BACK f=0x104 trk=0 r=[0@Point(0, 0)] c=[{m=TO_FRONT f=NONE p=WCT{android.os.BinderProxy@8c9b402} leash=Surface(name=Task=2426#32561)/@0x9c1ebf5 sb=Rect(0, 0 - 960, 2142) eb=Rect(0, 0 - 960, 2142) epz=Point(960, 2142) d=0 taskParent=-1 winMode=1 userId=0},{m=TO_FRONT f=FLAG_IS_TASK_DISPLAY_AREA leash=Surface(name=DefaultTaskDisplayArea#10)/@0x1f44d8a sb=Rect(0, 0 - 960, 2142) eb=Rect(0, 0 - 960, 2142) epz=Point(960, 2142) d=0}]}
04-21 20:40:13.379  2379  2417 V WindowManagerShell:  animated by com.android.wm.shell.keyguard.KeyguardTransitionHandler@230e4e
04-21 20:40:13.387  1508  2146 D ActivityManager: sync unfroze 32115 com.google.android.youtube for 6
04-21 20:40:13.392  1508  2146 D ActivityManager: sync unfroze 8990 com.google.android.apps.photos for 6
04-21 20:40:13.407   933  2210 I Lyric   : lmp_pipeline.cc:528: [Bayer4][CAM7] Pipeline drained.
04-21 20:40:13.407   933  2210 I Lyric   : zuma_lmp_context.cc:126: Done flushing Lmp context bayer
04-21 20:40:13.407   933  2210 I Lyric   : zuma_csis_core_context.cc:957: [CAM7] Waiting for 0 bayer[0] images: none for 33ms
04-21 20:40:13.407   933  2210 I Lyric   : zuma_csis_core_context.cc:966: [CAM7] Flush is done
04-21 20:40:13.407   933  2210 I Lyric   : zuma_front_end_controller.cc:546: [CAM7] There is no sensor start barrier, skip re-acquiring the blocker
04-21 20:40:13.407   933  2210 I Lyric   : zuma_front_end_controller.cc:474: [CAM7] Flushed.
04-21 20:40:13.407   933  2210 I Lyric   : per_camera_barrier_impl.cc:58: Blocker for FeControllerBlockCam7ToStop#1ForFlush released with status: OK without lwis fence.
04-21 20:40:13.407   933  2210 I Lyric   : zuma_front_end_controller.cc:503: [CAM7] There is no sensor start barrier, skip re-acquiring the blocker
04-21 20:40:13.407   933  2210 I Lyric   : zuma_backend_pipeline_context.cc:1886: Flushing backend pipeline Pipeline (ID: (instance_id: 130505), IPs: [ RawToYuv ], Max Outputs: 1, IPConnections: [ ], Usecase: Realtime) took 14 us, with flush HW = false
04-21 20:40:13.407   933  2210 I Lyric   : auto_focus_node.cc:1799: cam7_af: af context is flushed successfully
04-21 20:40:13.407   933  2210 I Lyric   : auto_exposure_node.cc:1139: {type: Node, name: top_graph_for_camera_FrontMultiFov.cam7_ae, class_name: AutoExposureNode}: AE input statistics: {process_input_count = 17, dropped_requests = 0, stats_not_ready_count = 0, motion_stats_not_ready_count = 0, segmentation_mask_not_ready_count = 0, stage_detection_result_not_ready_count = 0, saliency_data_not_ready_count = 0, valid_flash_state = 0, valid_exposure_timestamp = 14, valid_sensor_properties = 14, valid_motion_stats = 0, valid_wb_config = 16, valid_color_correction = 16}
04-21 20:40:13.408   933  2210 I Lyric   : retiming_node.cc:1714: Front(hal id: 7), Over the past 495.246257ms there were 16 responses sent and 13 of them had no error. FPS: 32.3072 Non-error FPS: 26.2496
04-21 20:40:13.408   933  2210 I Lyric   : camera_device_session_manager_base.cc:1510: Finished flushing graph:top_graph_for_camera_FrontMultiFov
04-21 20:40:13.414   933  4186 I Lyric   : camera_device_session_hwl_impl.cc:1197: Flush entered, camera_id: 1
04-21 20:40:13.415   933  4186 I Lyric   : camera_device_session_hwl_impl.cc:1037: DestroyPipelines entered, camera_id: 1
04-21 20:40:13.415   933  4186 I Lyric   : camera_powerhal_impl.cc:304: CAMERA_STREAMING_STANDARD mode unset
04-21 20:40:13.415   933  4186 I Lyric   : camera_powerhal_impl.cc:304: CAMERA_GPU_STANDARD mode unset
04-21 20:40:13.415   933  1448 I Lyric   : page_release_controller.cc:74: PageReleaseController releasing pages.
04-21 20:40:13.416   933  4186 I Lyric   : malloc_tracker.cc:52: Total allocation count: 0; Active allocation count: 0; recorded allocations: 0; unique allocation sizes: 0
04-21 20:40:13.416   933  4186 I Lyric   : camera_device_session_manager_base.cc:1159: Attempting to stop graph:top_graph_for_camera_FrontMultiFov
04-21 20:40:13.416   933  4186 I Lyric   : sensor_node.cc:1588: cam7_sensor flush called with flush_mark at request: 0
04-21 20:40:13.416   933  4186 I Lyric   : front_end_node.cc:1032: cam7_frontend flush at flush_mark 9223372036854774807 output frame stats (ignores fence-signaled drops): {process_input_count = 0, dropped_all_outputs = 0, valid_ae = 0, valid_pre_lsc_ae = 0, valid_uae = 0, valid_awb = 0, valid_histogram = 0, valid_flicker = 0, valid_motion = 0, valid_cdaf = 0, valid_pdaf = 0, valid_align = 0, valid_alias_map = 0, valid_gaussian_pyramid = 0, valid_scaled_rgb_stats = 0, valid_scaled_yuv_stats = 0, valid_lsc = 0, valid_bilateral_grid = 0, valid_scaled_rgb = 0, valid_scaled_yuv = 0, valid_cam_data_dump = 0, valid_pixel_patch = 0}
04-21 20:40:13.416   933  4186 I Lyric   : zuma_front_end_controller.cc:412: [CAM7] Flushing at Normal mode
04-21 20:40:13.416   933  4186 I Lyric   : per_camera_barrier_impl.cc:47: Blocker for FeControllerBlockCam7ToStop#2ForFlush acquired
04-21 20:40:13.416   933  4186 I Lyric   : fe_programming_async.cc:365: [CAM7][ISPFE] No inflight frame configs to flush
04-21 20:40:13.416   933  4186 I Lyric   : frame_images_queue_handler.cc:140: [CAM7] Bayer[0] Flushed [CAM7] Bayer[0] frame
04-21 20:40:13.416   933  4186 I Lyric   : lmp_pipeline.cc:604: [Bayer4][CAM7] Removed obsolete lmp frame
04-21 20:40:13.416   933  4186 I Lyric   : zuma_lmp_context.cc:123: Flushing Lmp context bayer
04-21 20:40:13.416   933  4186 I Lyric   : lmp_pipeline.cc:497: [Bayer4][CAM7] Drain(timeout=100ms) entered. Number of frames in the queue is 0
04-21 20:40:13.416   933  4186 I Lyric   : lmp_pipeline.cc:501: [Bayer4][CAM7] Pipeline drained.
04-21 20:40:13.416   933  4186 I Lyric   : zuma_lmp_context.cc:126: Done flushing Lmp context bayer
04-21 20:40:13.416   933  4186 I Lyric   : zuma_csis_core_context.cc:957: [CAM7] Waiting for 0 bayer[0] images: none for 33ms
04-21 20:40:13.416   933  4186 I Lyric   : zuma_csis_core_context.cc:966: [CAM7] Flush is done
04-21 20:40:13.416   933  4186 I Lyric   : zuma_front_end_controller.cc:546: [CAM7] There is no sensor start barrier, skip re-acquiring the blocker
04-21 20:40:13.416   933  4186 I Lyric   : zuma_front_end_controller.cc:474: [CAM7] Flushed.
04-21 20:40:13.416   933  4186 I Lyric   : per_camera_barrier_impl.cc:58: Blocker for FeControllerBlockCam7ToStop#2ForFlush released with status: OK without lwis fence.
04-21 20:40:13.416   933  4186 I Lyric   : zuma_front_end_controller.cc:503: [CAM7] There is no sensor start barrier, skip re-acquiring the blocker
04-21 20:40:13.416   933  4186 I Lyric   : zuma_backend_pipeline_context.cc:1886: Flushing backend pipeline Pipeline (ID: (instance_id: 130505), IPs: [ RawToYuv ], Max Outputs: 1, IPConnections: [ ], Usecase: Realtime) took 11 us, with flush HW = false
04-21 20:40:13.416   933  4186 I Lyric   : auto_focus_node.cc:1799: cam7_af: af context is flushed successfully
04-21 20:40:13.417   933  4186 I Lyric   : processing_graph.cc:575: top_graph_for_camera_FrontMultiFov starting OutputPort production audit...
04-21 20:40:13.417   933  4186 I Lyric   : processing_graph.cc:639: OutputPort production audit passed, no anomalies detected :)
04-21 20:40:13.417   933  1446 I Lyric   : multisensor_controller.cc:931: Resetting stream_on_framework_request_id for camera 7
04-21 20:40:13.418   933  1446 I Lyric   : multisensor_controller.cc:955: Front StopStreaming, waiting on barrier, request: 4294967295
04-21 20:40:13.418   933  1448 I Lyric   : zuma_backend_pipeline_context.cc:1886: Flushing backend pipeline Pipeline (ID: (instance_id: 130505), IPs: [ RawToYuv ], Max Outputs: 1, IPConnections: [ ], Usecase: Realtime) took 5 us, with flush HW = false
04-21 20:40:13.418   933  1447 I Lyric   : zuma_front_end_controller.cc:742: [CAM7] Updating power mode from Normal to Standby with incomplete_request on frame -1, and stream_off_fence: 0
04-21 20:40:13.418   933  1447 I Lyric   : zuma_lmp_context.cc:109: Lmp context bayer go to standby mode at hw frame 17
04-21 20:40:13.418   933  1447 I Lyric   : lmp_pipeline.cc:497: [Bayer4][CAM7] Drain(timeout=100ms) entered. Number of frames in the queue is 0
04-21 20:40:13.418   933  1447 I Lyric   : lmp_pipeline.cc:501: [Bayer4][CAM7] Pipeline drained.
04-21 20:40:13.418   933  1447 I Lyric   : zuma_lmp_context.cc:115: LMP context bayer is done waiting for frame for standby mode
04-21 20:40:13.418   933  1447 I Lyric   : zuma_csis_core_context.cc:957: [CAM7] Waiting for 0 bayer[0] images: none for 33ms
04-21 20:40:13.418   933  1447 I Lyric   : zuma_csis_core_context.cc:966: [CAM7] Flush is done
04-21 20:40:13.418   933  1447 I Lyric   : per_camera_barrier_impl.cc:58: Blocker for FeControllerBlockCam7ToStop#0 released with status: OK without lwis fence.
04-21 20:40:13.418   933  1448 I Lyric   : zuma_be_core_driver_impl.cc:433: BeCore: receives context release notification
04-21 20:40:13.418   933 11191 I Lyric   : sensor_generic_driver.cc:1244: TAOTIEFRONT stream off success.
04-21 20:40:13.418   933  1446 I Lyric   : sensor_generic_driver.cc:6430: TAOTIEFRONT is IDLE with 0xFF framecount. is_reading_frame: 0 delay: 127.523us
04-21 20:40:13.419  1508  2146 W JobServiceContext: Sending onNetworkChanged for a job that isn't started. JobStatus{d899f4c androidx.work.systemjobscheduler:u0a238/3127 #des_dispatch_all_task#@androidx.work.systemjobscheduler@com.google.android.youtube/androidx.work.impl.background.systemjob.SystemJobService u=0 s=10238 TIME=-3s34ms:none NET READY}
04-21 20:40:13.419   933  1446 I Lyric   : sensor_generic_driver.cc:1318:  event thread stopped.
04-21 20:40:13.419   933  1446 I Lyric   : sensor_generic_driver.cc:1747: TAOTIEFRONT sensor frame drop rate at stream off: 0%. drop rate for hw sync: 0%
04-21 20:40:13.419   933  1446 I Lyric   : sensor_generic_driver.cc:1790: TAOTIEFRONT stream off, size: {width: 1656, height: 1240}, frame rate range: [15, 60]
04-21 20:40:13.419   933  1446 I Lyric   : per_camera_barrier_impl.cc:58: Blocker for MultiSensorController_Stop released with status: OK without lwis fence.
04-21 20:40:13.419   933  1446 I Lyric   : multisensor_controller.cc:1923: Front created transition fence, stream-on ID: 4294967295
04-21 20:40:13.419   933  1446 I Lyric   : multisensor_controller.cc:1948: Front signalled transition fence with stream-on ID: 4294967295
04-21 20:40:13.419   933  1447 I Lyric   : zuma_fe_driver.cc:1462: [ISPFE] Cleaning up the sub-driver contexts
04-21 20:40:13.419   933  1446 I Lyric   : dpm_bandwidth_controller_v2.cc:1044: Update minimum MIF clock to 0 number of active sensor: 0
04-21 20:40:13.419   933  1446 I Lyric   : dpm_bandwidth_controller_v2.cc:1100: Update minimum INT clock to 0 number of active sensor: 0
04-21 20:40:13.419   933  1447 I Lyric   : zuma_csis_phy_link_context.cc:1120: Zuma CsisPhyLinkContext_6 disabled
04-21 20:40:13.419   933  1448 I Lyric   : secure_operation_controller.cc:38: SecureOperationController: End secure session for mcfp
04-21 20:40:13.419   933  1447 I Lyric   : zuma_fc_bayer_context.cc:250: Disabling bayer context 4
04-21 20:40:13.419   933  1447 I Lyric   : zuma_fe_driver.cc:1489: [ISPFE] Skip cleaning up the FC PDAF context.
04-21 20:40:13.419   933  1447 I Lyric   : lmp_pipeline.cc:604: [Bayer4][CAM7] Removed obsolete lmp frame
04-21 20:40:13.419   933  1446 I Lyric   : three_a_request_node.cc:946: cam7_three_a_request: Performance statistics for this session: {process_input_count = 17, dropped_request_count = 0}
04-21 20:40:13.420   933  1447 I Lyric   : zuma_fe_driver.cc:1501: [ISPFE] Skip cleaning up the LMP PDAF context.
04-21 20:40:13.420   933  1447 I Lyric   : zuma_pdma_context.cc:167: disabling Pdma context.
04-21 20:40:13.420   933  1446 I Lyric   : multicam_controller_base.cc:1480: Destroy context 0xb40000764c06eed0 for logical camera FrontMultiFov
04-21 20:40:13.421   933  1447 I Lyric   : zuma_csis_core_context.cc:311: [CAM7] Destroyed Zuma CSIS Core context for sensor TAOTIEFRONT with size: {width: 1656, height: 1240}
04-21 20:40:13.421   933  1448 I Lyric   : secure_operation_controller.cc:38: SecureOperationController: End secure session for rgbp
04-21 20:40:13.421   933  1448 I Lyric   : secure_operation_controller.cc:38: SecureOperationController: End secure session for yuvp
04-21 20:40:13.421   933  1448 I Lyric   : zuma_be_core_driver_impl.cc:468: BeCore: release internal memory allocation
04-21 20:40:13.421   933  1448 I Lyric   : zuma_be_core_driver_impl.cc:548: BeCore: power down
04-21 20:40:13.421   933  1448 I Lyric   : zuma_be_core_driver_impl.cc:571: BeCore: disabling hardware
04-21 20:40:13.422   933  1447 I Lyric   : secure_operation_controller.cc:38: SecureOperationController: End secure session for fe
04-21 20:40:13.422   933  1447 I Lyric   : zuma_fe_driver.cc:1514: [ISPFE] Received context release notification for camera 7
04-21 20:40:13.422   933  1447 I Lyric   : zuma_fe_driver.cc:1444: ISP-FE Qos Update: clock frequency: 0, write bandwidth: 0, read bandwidth: 0
04-21 20:40:13.422   933  1447 I Lyric   : zuma_fe_driver.cc:1534: [ISPFE] Skipping power down due to active power context
04-21 20:40:13.424   933  1448 I Lyric   : dynamic_boost_manager.cc:82: Boost factor reset done
04-21 20:40:13.424  1508  2128 D CoreBackPreview: Window{e6febeb u0 NotificationShade}: Setting back callback null
04-21 20:40:13.424   933  1447 I Lyric   : zuma_front_end_controller.cc:479: [CAM7] Received notification that graph has stopped
04-21 20:40:13.427   933  1447 I Lyric   : zuma_front_end_controller.cc:712: Release ZumaFeControllerContext for binding id [CAM7]
04-21 20:40:13.427   933  1447 I Lyric   : zuma_front_end_controller.cc:119: [CAM7] Context is being destroyed
04-21 20:40:13.427   933  1447 I Lyric   : zuma_fe_driver.cc:1020: [ISPFE] Received context release notification when releasing power_context.
04-21 20:40:13.427   933  1447 I Lyric   : zuma_fe_driver.cc:1321: [ISPFE] Disabling the device
04-21 20:40:13.427   933  1447 I Lyric   : lwis_event_thread.cc:119: LwEv:IspFeEvent RemovedLwisClient(isp-fe|FePhyLink) from event thread
04-21 20:40:13.427   933  1447 I Lyric   : lwis_event_thread.cc:119: LwEv:IspFeEvent RemovedLwisClient(isp-fe|FeLmp) from event thread
04-21 20:40:13.427   933  1447 I Lyric   : zuma_fe_pdma_driver.cc:61: Disabling pdma hardware
04-21 20:40:13.427   933  1447 I Lyric   : lwis_event_thread.cc:119: LwEv:IspFeEvent RemovedLwisClient(isp-fe|FePdma) from event thread
04-21 20:40:13.428   933  1447 I Lyric   : zuma_fe_resetter.cc:157: FrontEnd: SW Reset begins.
04-21 20:40:13.429   933  1447 I Lyric   : zuma_fe_resetter.cc:168: FrontEnd: SW Reset done: rstctl_status = 0x0
04-21 20:40:13.432   933  4186 I Lyric   : camera_device_session_manager_base.cc:1163: Successfully stopped graph:top_graph_for_camera_FrontMultiFov
04-21 20:40:13.432   933  4186 I Lyric   : camera_device_session_manager_base.cc:886: Attempting to destroy graph:top_graph_for_camera_FrontMultiFov
04-21 20:40:13.473     0     0 I trusty  : logging.cc: 91: ***: :239: Command Received: TzResetLockout
04-21 20:40:13.479     0     0 I trusty  : logging.cc: 91: ***"faceauth": :187: Session finished, current heap footprint: 1269760, maximum footprint: 6684672
04-21 20:40:13.433   933  4186 W Lyric   : graph_runner.cc:211: GraphRunner::StopGraph(1) called on a graph that is not running.
04-21 20:40:13.433   933  4186 I Lyric   : sensor_node.cc:508: cam7_sensor Releasing sensor context.
04-21 20:40:13.433   933  4186 I Lyric   : multisensor_controller.cc:1362: Front reset set mode fence
04-21 20:40:13.433   933  4186 I Lyric   : sensor_node.cc:514: cam7_sensor Sensor context released, spent 519.206us
04-21 20:40:13.434   933  4186 I Lyric   : camera_device_session_manager_base.cc:951: Successfully destroyed graph:top_graph_for_camera_FrontMultiFov
04-21 20:40:13.434   933  4186 I Lyric   : camera_device_session_hwl_impl.cc:408: Destroyed CameraDeviceSessionHwlImpl for camera 1
04-21 20:40:13.434   933  4186 I Lyric   : camera_powerhal_impl.cc:204: CancelPowerBoost CAMERA_LAUNCH
04-21 20:40:13.434   933  4186 I Lyric   : camera_powerhal_impl.cc:204: CancelPowerBoost CAMERA_THERMAL_SEVERE_BOOST
04-21 20:40:13.434   933  4186 I Lyric   : camera_powerhal_impl.cc:204: CancelPowerBoost CAMERA_VIDEO_RECORDING
04-21 20:40:13.434   933  4186 I Lyric   : camera_powerhal_impl.cc:204: CancelPowerBoost CAMERA_HIGH_PERFORMANCE_BOOST
04-21 20:40:13.434   933  4186 I Lyric   : camera_powerhal_impl.cc:204: CancelPowerBoost CAMERA_LAUNCH_EXTENDED
04-21 20:40:13.434   933  4186 I Lyric   : camera_powerhal_impl.cc:204: CancelPowerBoost CAMERA_BACKEND_BOOST
04-21 20:40:13.434   933  4186 I Lyric   : camera_powerhal_impl.cc:204: CancelPowerBoost CAMERA_MULTICAM_BOOST
04-21 20:40:13.434   933  2177 I G3ACoordinator: coordinator.cc:1094: Coordinator NotifyCaptureSessionClose called for camera: {position: front, lens_type: multi_fov, spectrum: visible, instance: real, capability: {default_mode: 1, in_sensor_hdr: 1, remosaic: 0, max_resolution: 0}}
04-21 20:40:13.434   933  1448 I Lyric   : device_context.cc:234: Closing camera Front asynchronously
04-21 20:40:13.434   933  2177 I G3ACoordinator: coordinator.cc:1118: Coordinator AfNotifyCaptureSessionClose called for camera: {position: front, lens_type: multi_fov, spectrum: visible, instance: real, capability: {default_mode: 1, in_sensor_hdr: 1, remosaic: 0, max_resolution: 0}}
04-21 20:40:13.434   933  1446 I Lyric   : device_context.cc:234: Closing camera FrontVirtual asynchronously
04-21 20:40:13.434   933  2177 I G3ACoordinator: coordinator.cc:1139: Coordinator AsdNotifyCaptureSessionClose called for camera: {position: front, lens_type: multi_fov, spectrum: visible, instance: real, capability: {default_mode: 1, in_sensor_hdr: 1, remosaic: 0, max_resolution: 0}}
04-21 20:40:13.434   933  1448 I Lyric   : generic_actuator_controller.cc:161: act-front-normal sampling intervals: (count=111, min=1.65324ms, max=5.15051ms, mean=4.97017ms, stddev=0.318362ms, skew=-10.1835, kurtosis=106.156)
04-21 20:40:13.434   933  2177 I G3ACoordinator: coordinator.cc:1156: Coordinator AwbNotifyCaptureSessionClose called for camera: {position: front, lens_type: multi_fov, spectrum: visible, instance: real, capability: {default_mode: 1, in_sensor_hdr: 1, remosaic: 0, max_resolution: 0}}
04-21 20:40:13.434   933  2177 I G3ACoordinator: coordinator.cc:1073: Coordinator::NotifyCaptureSessionClose called for camera: {position: front, lens_type: multi_fov, spectrum: visible, instance: real, capability: {default_mode: 1, in_sensor_hdr: 1, remosaic: 0, max_resolution: 0}}
04-21 20:40:13.434   933 11187 I Lyric   : focus_lens_actuator_driver_impl_base.cc:980: act-front-normal Event thread is disabled
04-21 20:40:13.434   933  1448 I Lyric   : focus_lens_actuator_driver_impl_base.cc:989: act-front-normal: Total events dequeued: 57, failed events: 0
04-21 20:40:13.435   933  2177 I G3ACoordinator: coordinator.cc:1073: Coordinator::NotifyCaptureSessionClose called for camera: {position: front, lens_type: multi_fov, spectrum: visible, instance: real, capability: {default_mode: 1, in_sensor_hdr: 1, remosaic: 0, max_resolution: 0}}
04-21 20:40:13.436   933  1447 I G3ACoordinator: front_als_manager.cc:211: Front ALS sensor disabled
04-21 20:40:13.440 29791 11227 E ActivityThread: Failed to find provider info for com.facebook.stella.assistant.deviceconnectionstate
04-21 20:40:13.440   933  1447 I Lyric   : motion_sensor_reader.cc:64: accelerometer sampling intervals: (count=103, min=5.01142ms, max=5.06372ms, mean=5.03887ms, stddev=0.00997025ms, skew=0.0913485, kurtosis=4.3737)
04-21 20:40:13.444 29791 11227 E ActivityThread: Failed to find provider info for com.facebook.stella_debug.assistant.deviceconnectionstate
04-21 20:40:13.444   933  1447 I Lyric   : direct_channel_motion_sensor_data_streamer.cc:616: accelerometer resource released.
04-21 20:40:13.444   933  1447 I Lyric   : motion_sensor_reader.cc:64: gravity sampling intervals: (count=96, min=5.01408ms, max=20.1511ms, mean=5.24908ms, stddev=1.612ms, skew=8.50595, kurtosis=76.9107)
04-21 20:40:13.446   933  1448 W Lyric   : device_context.cc:418: NotifyCaptureSessionClose: No OisController found for physical camera Front. Status: NOT_FOUND: Failed to find controller by type and camera id(Front); Controller with ID: optical image stabilization controller for camera: Front not present in device_context
04-21 20:40:13.446   933  1446 W Lyric   : device_context.cc:418: NotifyCaptureSessionClose: No OisController found for physical camera FrontVirtual. Status: NOT_FOUND: Failed to find controller by type and camera id(FrontVirtual); Controller with ID: optical image stabilization controller for camera: FrontVirtual not present in device_context
04-21 20:40:13.448   933  4186 I Lyric   : camera_latency_analyzer.cc:98: [CLA] Cam1-Close
04-21 20:40:13.448   933  4186 I Lyric   : camera_latency_analyzer.cc:100: [CLA] (Cam1-Close) Flush latency: 39.2902
04-21 20:40:13.448   933  4186 I Lyric   : camera_latency_analyzer.cc:100: [CLA] (Cam1-Close) <-- IDLE --> latency: 5.90251
04-21 20:40:13.448   933  4186 I Lyric   : camera_latency_analyzer.cc:100: [CLA] (Cam1-Close) Flush latency: 0.046916
04-21 20:40:13.448   933  4186 I Lyric   : camera_latency_analyzer.cc:100: [CLA] (Cam1-Close) <-- IDLE --> latency: 0.209148
04-21 20:40:13.448   933  4186 I Lyric   : camera_latency_analyzer.cc:100: [CLA] (Cam1-Close) Close latency: 33.5256
04-21 20:40:13.448   933  4186 I Lyric   : camera_latency_analyzer.cc:100: [CLA] (Cam1-Close) Overall latency: 78.9884
04-21 20:40:13.448   933  4186 I Lyric   : camera_latency_analyzer.cc:100: [CLA] (Cam1-Close) HAL Total latency: 72.8558
04-21 20:40:13.453  1508  1508 V WindowManager: WindowManager: Display id=0 is notified that Camera 1 is closed.
04-21 20:40:13.453  1508  1508 W WindowManager: WindowManager: Camera closed but cannot find the app which had it opened.
04-21 20:40:13.454   933  2060 I Lyric   : spectral_driver.cc:182: Changed als mode from 1 to 2 for sensor: rear with new id: 1711
04-21 20:40:13.458  1508  2306 I AuthenticationPolicyService: AuthenticationStateListener#onAuthenticationError
04-21 20:40:13.458  1508  2306 D AcquisitionClient: onErrorInternal code: 5, finish: true
04-21 20:40:13.458  1508  2306 D BiometricLogger: Error! Modality: face, latency: 700
04-21 20:40:13.458  1508  2306 D BiometricSchedulerOperation: [Finished / destroy]: {[1181] com.android.server.biometrics.sensors.face.aidl.FaceAuthenticationClient, proto=3, owner=com.android.systemui, cookie=0, requestId=461, userId=0}
04-21 20:40:13.460   933  1447 I Lyric   : direct_channel_motion_sensor_data_streamer.cc:616: gravity resource released.
04-21 20:40:13.460   933  1447 I Lyric   : motion_sensor_reader.cc:64: gyroscope sampling intervals: (count=110, min=5.01142ms, max=5.06372ms, mean=5.03904ms, stddev=0.0102772ms, skew=0.0553159, kurtosis=4.10796)
04-21 20:40:13.460   933  1447 I Lyric   : time_triggered_task_pool.cc:79: Timer is removed: TTTP[0,0]
04-21 20:40:13.462  1508  2306 V ALSProbe: Disable ALS: 95172132
04-21 20:40:13.462  1508  2306 D BiometricScheduler: [Finishing] {[1181] com.android.server.biometrics.sensors.face.aidl.FaceAuthenticationClient, proto=3, owner=com.android.systemui, cookie=0, requestId=461, userId=0}, success: false
04-21 20:40:13.462  1508  2306 D BiometricScheduler: [Polled] {[1182] com.android.server.biometrics.sensors.face.aidl.FaceResetLockoutClient, proto=12, owner=android, cookie=0, requestId=-1, userId=0}, State: 0
04-21 20:40:13.462  1508  2306 D BiometricScheduler: [Started] {[1182] com.android.server.biometrics.sensors.face.aidl.FaceResetLockoutClient, proto=12, owner=android, cookie=0, requestId=-1, userId=0}
04-21 20:40:13.467  1508  2306 V BiometricSchedulerOperation: started: {[1182] com.android.server.biometrics.sensors.face.aidl.FaceResetLockoutClient, proto=12, owner=android, cookie=0, requestId=-1, userId=0}, State: 2
04-21 20:40:13.469   933  1447 I Lyric   : direct_channel_motion_sensor_data_streamer.cc:616: gyroscope resource released.
04-21 20:40:13.474  1508  2306 D LockoutCache: Lockout for user: 0 is 0
04-21 20:40:13.474  1508  2306 D BiometricSchedulerOperation: [Finished / destroy]: {[1182] com.android.server.biometrics.sensors.face.aidl.FaceResetLockoutClient, proto=12, owner=android, cookie=0, requestId=-1, userId=0}
04-21 20:40:13.474  1508  2306 D BiometricScheduler: [Finishing] {[1182] com.android.server.biometrics.sensors.face.aidl.FaceResetLockoutClient, proto=12, owner=android, cookie=0, requestId=-1, userId=0}, success: true
04-21 20:40:13.474  1508  2306 D BiometricScheduler: No operations, returning to idle
04-21 20:40:13.481  1508  4694 W ActivityManager: Background start not allowed: service Intent { xflg=0x4 cmp=com.google.android.apps.photos/com.google.android.libraries.social.mediamonitor.BackgroundThreadNotifierIntentService (has extras) } to com.google.android.apps.photos/com.google.android.libraries.social.mediamonitor.BackgroundThreadNotifierIntentService from pid=8990 uid=10213 pkg=com.google.android.apps.photos startFg?=false
04-21 20:40:13.486  1508  4694 W ActivityManager: Background start not allowed: service Intent { xflg=0x4 cmp=com.google.android.apps.photos/com.google.android.libraries.social.mediamonitor.BackgroundThreadNotifierIntentService (has extras) } to com.google.android.apps.photos/com.google.android.libraries.social.mediamonitor.BackgroundThreadNotifierIntentService from pid=8990 uid=10213 pkg=com.google.android.apps.photos startFg?=false
04-21 20:40:13.487  1508  4694 W ActivityManager: Background start not allowed: service Intent { xflg=0x