04-21 21:41:23.945     0     0 I trusty  : logging.cc: 91: ***: :239: Command Received: AuthenticationEvaluate
04-21 21:41:23.979     0     0 I trusty  : logging.cc: 91: ***: :239: Command Received: AuthenticationEvaluate
04-21 21:41:24.014     0     0 I trusty  : logging.cc: 91: ***: :239: Command Received: AuthenticationEvaluate
04-21 21:41:24.049     0     0 I trusty  : logging.cc: 91: ***: :239: Command Received: AuthenticationEvaluate
04-21 21:41:24.085     0     0 I trusty  : logging.cc: 91: ***: :239: Command Received: AuthenticationEvaluate
04-21 21:41:24.114     0     0 I trusty  : logging.cc: 91: ***: :239: Command Received: AuthenticationEvaluate
04-21 21:41:24.147     0     0 I trusty  : logging.cc: 91: ***: :239: Command Received: AuthenticationEvaluate
04-21 21:41:24.180     0     0 I trusty  : logging.cc: 91: ***: :239: Command Received: AuthenticationEvaluate
04-21 21:41:24.214     0     0 I trusty  : logging.cc: 91: ***: :239: Command Received: AuthenticationEvaluate
04-21 21:41:24.246     0     0 I trusty  : logging.cc: 91: ***: :239: Command Received: AuthenticationEvaluate
04-21 21:41:24.279     0     0 I trusty  : logging.cc: 91: ***: :239: Command Received: AuthenticationEvaluate
04-21 21:41:24.302     0     0 I trusty  : 136386.722:E:[SG_ERR] 0x00070016 0xfb4a6a0a 3704
04-21 21:41:24.302     0     0 I trusty  : 136386.723:E:[SG_ERR] 0x00000002 0xfb4c0a33 87
04-21 21:41:24.302     0     0 I trusty  : 136386.723:E:[SG_ERR] 0x00000002 0xfb4c0a33 89
04-21 21:41:24.302     0     0 I trusty  : 136386.723:E:[SG_ERR] 0x00000002 0xfb4c0a33 90
04-21 21:41:24.313     0     0 I trusty  : logging.cc: 91: ***: :239: Command Received: AuthenticationEvaluate
04-21 21:41:24.321     0     0 I trusty  : logging.cc: 91: ***: :239: Command Received: AuthenticationDelete
04-21 21:41:24.325     0     0 I trusty  : WARN: system/keymint/ta/src/lib.rs:1281 failing DeviceBegin request with error Hal(KeyUserNotAuthenticated, "system/keymint/ta/src/operation.rs:703: now Timestamp { milliseconds: 136386751 } is later than auth token time Timestamp { milliseconds: 134661193
04-21 21:41:24.325     0     0 I trusty  :  } + 15 seconds")
04-21 21:41:24.327     0     0 I trusty  : logging.cc: 91: ***"faceauth": :50: TZ-TPU Wakelock released.
04-21 21:41:24.340     0     0 I trusty  : 136386.765:E:[SG_ERR] 0x00070002 0xfb4c2ddd 2217
04-21 21:41:24.352     0     0 I trusty  : logging.cc: 91: ***"faceauth": :187: Session finished, current heap footprint: 409600, maximum footprint: 6684672
04-21 21:41:24.422     0     0 I trusty  : logging.cc: 91: ***: :239: Command Received: TzResetLockout
04-21 21:41:24.422     0     0 I trusty  : logging.cc: 91: ***"faceauth": :187: Session finished, current heap footprint: 409600, maximum footprint: 6684672
04-21 21:41:25.496     0     0 I trusty  : 136387.920:E:[SG_ERR] 0x00140001 0xfb4ba023 266
04-21 21:41:25.496     0     0 I trusty  : 136387.921:E:[SG_ERR] 0x00140002 0xfb4b468f 336
04-21 21:41:25.524     0     0 I trusty  : 136387.949:E:[SG_ERR] 0x00070002 0xfb4c2ddd 2217
--------- beginning of system
04-21 21:41:37.889   933  1447 I Lyric   : generic_actuator_controller.cc:161: act-rear-normal sampling intervals: (count=143, min=4.39689ms, max=5.37065ms, mean=4.99062ms, stddev=0.0780375ms, skew=-3.99698, kurtosis=35.0592)
04-21 21:41:37.889   933  1446 I Lyric   : device_context.cc:234: Closing camera Rear asynchronously
04-21 21:41:37.889   933  2163 I G3ACoordinator: coordinator.cc:1094: Coordinator NotifyCaptureSessionClose called for camera: {position: rear, lens_type: multi_fov, spectrum: visible, instance: real, capability: {default_mode: 1, in_sensor_hdr: 1, remosaic: 0, max_resolution: 0}}
04-21 21:41:37.889   933  2163 I G3ACoordinator: coordinator.cc:1118: Coordinator AfNotifyCaptureSessionClose called for camera: {position: rear, lens_type: multi_fov, spectrum: visible, instance: real, capability: {default_mode: 1, in_sensor_hdr: 1, remosaic: 0, max_resolution: 0}}
04-21 21:41:37.889   933  2163 I G3ACoordinator: rls_manager.cc:309: RlsManager::TofUnregister(): Tof is not supported, haven't registered
04-21 21:41:37.889   933  1448 I Lyric   : device_context.cc:234: Closing camera RearTele asynchronously
04-21 21:41:37.889   933  2163 I G3ACoordinator: coordinator.cc:1139: Coordinator AsdNotifyCaptureSessionClose called for camera: {position: rear, lens_type: multi_fov, spectrum: visible, instance: real, capability: {default_mode: 1, in_sensor_hdr: 1, remosaic: 0, max_resolution: 0}}
04-21 21:41:37.889   933  2163 I G3ACoordinator: coordinator.cc:1156: Coordinator AwbNotifyCaptureSessionClose called for camera: {position: rear, lens_type: multi_fov, spectrum: visible, instance: real, capability: {default_mode: 1, in_sensor_hdr: 1, remosaic: 0, max_resolution: 0}}
04-21 21:41:37.889   933  2163 I G3ACoordinator: coordinator.cc:1073: Coordinator::NotifyCaptureSessionClose called for camera: {position: rear, lens_type: multi_fov, spectrum: visible, instance: real, capability: {default_mode: 1, in_sensor_hdr: 1, remosaic: 0, max_resolution: 0}}
04-21 21:41:37.889   933 25564 I Lyric   : focus_lens_actuator_driver_impl_base.cc:980: act-rear-normal Event thread is disabled
04-21 21:41:37.889   933  2163 I G3ACoordinator: coordinator.cc:1073: Coordinator::NotifyCaptureSessionClose called for camera: {position: rear, lens_type: multi_fov, spectrum: visible, instance: real, capability: {default_mode: 1, in_sensor_hdr: 1, remosaic: 0, max_resolution: 0}}
04-21 21:41:37.889   933  1448 I Lyric   : ois_driver_base.cc:584: ois-rear-tele joining monitor aoc thread..
04-21 21:41:37.889   933  1447 I Lyric   : focus_lens_actuator_driver_impl_base.cc:989: act-rear-normal: Total events dequeued: 73, failed events: 0
04-21 21:41:37.889   933  1447 I Lyric   : ois_driver_base.cc:584: ois-rear-normal joining monitor aoc thread..
04-21 21:41:37.890   933 25513 I Lyric   : tof_tarasque.cc:1224: EventDequeueLoop terminated
04-21 21:41:37.890   933  1447 I Lyric   : ois_driver.cc:1199: ois-rear-normal OIS operation mode changed to: Off timestamp: 136398291141576
04-21 21:41:37.890   933  1447 I Lyric   : ois_driver.cc:1890: ois-rear-normal system IMU gyro chain closed.
04-21 21:41:37.890   933  1447 I Lyric   : device_context.cc:234: Closing camera RearTeleVirtual asynchronously
04-21 21:41:37.895   933 25512 I Lyric   : tof_tarasque.cc:850: Abort transaction during powering down
04-21 21:41:37.895   933 25512 I Lyric   : tof_tarasque.cc:568: WorkLoop terminated
04-21 21:41:37.895   933 25576 I Lyric   : tof_tarasque.cc:1307: clean old ranging result
04-21 21:41:37.896  1508  1866 I DisplayDeviceRepository: Display device changed render timings: "Built-in Screen", renderFrameRate=120.00001, presentationDeadlineNanos=11500000, appVsyncOffsetNanos=6233332, frameRateOverrides=[{uid=10319 frameRateHz=120.00001}]
04-21 21:41:37.896   933 25576 I Lyric   : tof_driver_proxy.cc:212: TARASQUE-tof get ranging results age: (count=40, min=12.6223ms, max=152.469ms, mean=71.4943ms, stddev=42.6698ms, skew=0.267658, kurtosis=1.85953)
04-21 21:41:37.896   933 25576 I Lyric   : tof_driver_proxy.cc:214: total empty get ranging results events: 20.
04-21 21:41:37.896   933 25576 I Lyric   : tof_driver_proxy.cc:216: total old get ranging results events: 0.
04-21 21:41:37.900   933  1448 I Lyric   : ois_driver.cc:1009: ois-rear-tele Driver IC waked up from low power mode
04-21 21:41:37.900   933  1448 I Lyric   : ois_driver.cc:977: ois-rear-tele OIS operation mode changed to: Servo off timestamp: 136398301157201
04-21 21:41:37.901   933  1448 I Lyric   : ois_driver.cc:977: ois-rear-tele OIS operation mode changed to: Standby timestamp: 136398302664403
04-21 21:41:37.904 29791 29791 D InsetsController: hide(ime())
04-21 21:41:37.906  1508  2128 W PackageConfigPersister: App-specific configuration not found for packageName: com.whatsapp and userId: 0
04-21 21:41:37.908   933  1446 I Lyric   : device_context.cc:234: Closing camera RearWide asynchronously
04-21 21:41:37.915   933  1448 I Lyric   : device_context.cc:234: Closing camera RearWideVirtual asynchronously
04-21 21:41:37.915   933  1447 I Lyric   : motion_sensor_reader.cc:64: accelerometer sampling intervals: (count=138, min=4.9906ms, max=5.07064ms, mean=5.03921ms, stddev=0.0111035ms, skew=-0.358795, kurtosis=6.20335)
04-21 21:41:37.918   933  1447 I Lyric   : direct_channel_motion_sensor_data_streamer.cc:616: accelerometer resource released.
04-21 21:41:37.918   933  1447 I Lyric   : motion_sensor_reader.cc:64: gravity sampling intervals: (count=140, min=4.9906ms, max=5.07064ms, mean=5.03918ms, stddev=0.0110362ms, skew=-0.352972, kurtosis=6.26188)
04-21 21:41:37.920   933  1446 W Lyric   : device_context.cc:418: NotifyCaptureSessionClose: No OisController found for physical camera RearWide. Status: NOT_FOUND: Failed to find controller by type and camera id(RearWide); Controller with ID: optical image stabilization controller for camera: RearWide not present in device_context
04-21 21:41:37.920   933  1448 W Lyric   : device_context.cc:418: NotifyCaptureSessionClose: No OisController found for physical camera RearWideVirtual. Status: NOT_FOUND: Failed to find controller by type and camera id(RearWideVirtual); Controller with ID: optical image stabilization controller for camera: RearWideVirtual not present in device_context
04-21 21:41:37.921   933 14601 I Lyric   : camera_latency_analyzer.cc:98: [CLA] Cam0-Close
04-21 21:41:37.921   933 14601 I Lyric   : camera_latency_analyzer.cc:100: [CLA] (Cam0-Close) Flush latency: 35.2383
04-21 21:41:37.921   933 14601 I Lyric   : camera_latency_analyzer.cc:100: [CLA] (Cam0-Close) <-- IDLE --> latency: 0.696329
04-21 21:41:37.921   933 14601 I Lyric   : camera_latency_analyzer.cc:100: [CLA] (Cam0-Close) Close latency: 116.508
04-21 21:41:37.921   933 14601 I Lyric   : camera_latency_analyzer.cc:100: [CLA] (Cam0-Close) Overall latency: 152.451
04-21 21:41:37.921   933 14601 I Lyric   : camera_latency_analyzer.cc:100: [CLA] (Cam0-Close) HAL Total latency: 151.742
04-21 21:41:37.924  1508  1508 V WindowManager: WindowManager: Display id=0 is notified that Camera 0 is closed.
04-21 21:41:37.924  1508  1508 W WindowManager: WindowManager: Camera closed but cannot find the app which had it opened.
04-21 21:41:37.932  1508  2000 D SystemRequestObserver: binder unlinking to death: android.os.BinderProxy@8fd1d96
04-21 21:41:37.932  1508  2000 D SystemRequestObserver: unlinking to death failed: android.os.BinderProxy@8fd1d96
04-21 21:41:37.932  1508  2000 D SystemRequestObserver: java.util.NoSuchElementException: Death link does not exist (NAME_NOT_FOUND)
04-21 21:41:37.932  1508  2000 D SystemRequestObserver: 	at android.os.BinderProxy.unlinkToDeathNative(Native Method)
04-21 21:41:37.932  1508  2000 D SystemRequestObserver: 	at android.os.BinderProxy.unlinkToDeath(BinderProxy.java:656)
04-21 21:41:37.932  1508  2000 D SystemRequestObserver: 	at com.android.server.display.mode.SystemRequestObserver.removeSystemRequestedVote(SystemRequestObserver.java:113)
04-21 21:41:37.932  1508  2000 D SystemRequestObserver: 	at com.android.server.display.mode.SystemRequestObserver.requestDisplayModes(SystemRequestObserver.java:66)
04-21 21:41:37.932  1508  2000 D SystemRequestObserver: 	at com.android.server.display.mode.DisplayModeDirector.requestDisplayModes(DisplayModeDirector.java:555)
04-21 21:41:37.932  1508  2000 D SystemRequestObserver: 	at com.android.server.display.DisplayManagerService$BinderService.requestDisplayModes(DisplayManagerService.java:6201)
04-21 21:41:37.932  1508  2000 D SystemRequestObserver: 	at android.hardware.display.IDisplayManager$Stub.onTransact(IDisplayManager.java:1305)
04-21 21:41:37.932  1508  2000 D SystemRequestObserver: 	at android.os.Binder.execTransactInternal(Binder.java:1466)
04-21 21:41:37.932  1508  2000 D SystemRequestObserver: 	at android.os.Binder.execTransact(Binder.java:1411)
04-21 21:41:37.932   933  1447 I Lyric   : direct_channel_motion_sensor_data_streamer.cc:616: gravity resource released.
04-21 21:41:37.932   933  1447 I Lyric   : motion_sensor_reader.cc:64: gyroscope sampling intervals: (count=144, min=5.00737ms, max=5.07149ms, mean=5.03921ms, stddev=0.00935975ms, skew=-0.012096, kurtosis=5.45688)
04-21 21:41:37.932   933  1447 I Lyric   : time_triggered_task_pool.cc:79: Timer is removed: TTTP[0,0]
04-21 21:41:37.934  1508  1866 I DisplayDeviceRepository: Display device changed render timings: "Built-in Screen", renderFrameRate=120.00002, presentationDeadlineNanos=11499999, appVsyncOffsetNanos=6233332, frameRateOverrides=[]
04-21 21:41:37.934   933  2060 I Lyric   : spectral_driver.cc:182: Changed als mode from 1 to 2 for sensor: rear with new id: 1768
04-21 21:41:37.934  1508  1864 D WindowManager: DeferredDisplayUpdater: partially applying DisplayInfo(960 x 2142) immediately
04-21 21:41:37.935  1508  1866 I DisplayDeviceRepository: Display device changed render timings: "Built-in Screen", renderFrameRate=120.00002, presentationDeadlineNanos=11499999, appVsyncOffsetNanos=6233332, frameRateOverrides=[{uid=10319 frameRateHz=120.00002}]
04-21 21:41:37.944   933  1447 I Lyric   : direct_channel_motion_sensor_data_streamer.cc:616: gyroscope resource released.
04-21 21:41:38.031  1508  1866 V WindowManager: CameraOpen: cameraApp=ProcessRecord{b8753e2 29791:com.whatsapp/u0a319} cameraInfo.mPid=29791 cameraTask=Task{df2cbb7 #2461 type=standard A=10319:com.whatsapp} cameraAppInfo.mTaskId=2461
04-21 21:41:38.346   933  2061 I Lyric   : spectral_driver.cc:511: Flicker sampling has been disabled.
04-21 21:41:38.536  1508  2128 D CoreBackPreview: Window{8c88254 u0 com.whatsapp/com.whatsapp.mediacomposer.ui.app.MediaComposerActivity}: Setting back callback OnBackInvokedCallbackInfo{mCallback=android.window.IOnBackInvokedCallback$Stub$Proxy@ced44f9, mPriority=0, mIsAnimationCallback=false, mOverrideBehavior=0}
04-21 21:41:38.542  1508  2128 V AutofillSession: Primary service component name: ComponentInfo{com.google.android.gms/com.google.android.gms.autofill.service.AutofillService}, secondary service component name: ComponentInfo{com.android.credentialmanager/com.android.credentialmanager.autofill.CredentialAutofillService}
04-21 21:41:38.542  1508  2128 V SecondaryProviderHandler: Creating a secondary provider handler with component name, ComponentInfo{com.android.credentialmanager/com.android.credentialmanager.autofill.CredentialAutofillService}
04-21 21:41:38.544  1508  2128 D PresentationStatsEventLogger: Started new PresentationStatsEvent
04-21 21:41:38.558  1508  2000 D AutofillSession: createPendingIntent for request 2072
04-21 21:41:38.581 29791 29791 D InsetsController: hide(ime())
04-21 21:41:38.585 29791 29791 D InsetsController: show(ime())
04-21 21:41:38.585 29791 29791 D InsetsController: Setting requestedVisibleTypes to 511 (was 503)
04-21 21:41:38.589  1508  2720 W PackageConfigPersister: App-specific configuration not found for packageName: com.whatsapp and userId: 0
04-21 21:41:38.592  1508  2316 D BackgroundInstallControlService: Package event received: 0
04-21 21:41:38.592 29791 29791 D InsetsController: show(ime())
04-21 21:41:38.619  1508  2720 D CoreBackPreview: Window{8c88254 u0 com.whatsapp/com.whatsapp.mediacomposer.ui.app.MediaComposerActivity}: Setting back callback OnBackInvokedCallbackInfo{mCallback=android.window.IOnBackInvokedCallback$Stub$Proxy@a071ca2, mPriority=0, mIsAnimationCallback=true, mOverrideBehavior=0}
04-21 21:41:38.626  2379  2417 D Bubbles : BubbleController.BubblesImeListener.onImeVisibilityChanged visible=true runnable=null stackView=null
04-21 21:41:38.682  1508  1866 I DisplayDeviceRepository: Display device changed render timings: "Built-in Screen", renderFrameRate=120.00002, presentationDeadlineNanos=11499999, appVsyncOffsetNanos=6233332, frameRateOverrides=[{uid=10227 frameRateHz=120.00002}, {uid=10319 frameRateHz=120.00002}]
04-21 21:41:39.059  1508  3389 W PresentationStatsEventLogger: Bad view state for: -1, state: ViewState: [id=1073741940@1031445840, state:1010, currentValue:android.view.autofill.AutofillValue@ac8]
04-21 21:41:39.187  1508  3389 W PresentationStatsEventLogger: Bad view state for: -1, state: ViewState: [id=1073741940@1031445840, state:1018, currentValue:android.view.autofill.AutofillValue@2872c833]
04-21 21:41:39.301  1508  2720 W PresentationStatsEventLogger: Bad view state for: -1, state: ViewState: [id=1073741940@1031445840, state:1018, currentValue:android.view.autofill.AutofillValue@27c2c21]
04-21 21:41:39.456  1508  2000 W PresentationStatsEventLogger: Bad view state for: -1, state: ViewState: [id=1073741940@1031445840, state:1018, currentValue:android.view.autofill.AutofillValue@476818ef]
04-21 21:41:39.553  1508  2720 W PresentationStatsEventLogger: Bad view state for: -1, state: ViewState: [id=1073741940@1031445840, state:1018, currentValue:android.view.autofill.AutofillValue@979dde5f]
04-21 21:41:39.640  1508  1717 W PresentationStatsEventLogger: Bad view state for: -1, state: ViewState: [id=1073741940@1031445840, state:1018, currentValue:android.view.autofill.AutofillValue@c16803c2]
04-21 21:41:39.715  1508  2501 W PresentationStatsEventLogger: Bad view state for: -1, state: ViewState: [id=1073741940@1031445840, state:1018, currentValue:android.view.autofill.AutofillValue@5fee9c46]
04-21 21:41:39.871  1508  2501 W PresentationStatsEventLogger: Bad view state for: -1, state: ViewState: [id=1073741940@1031445840, state:1018, currentValue:android.view.autofill.AutofillValue@a25cd833]
04-21 21:41:40.012  1508  4519 W PresentationStatsEventLogger: Bad view state for: -1, state: ViewState: [id=1073741940@1031445840, state:1018, currentValue:android.view.autofill.AutofillValue@bdaa924b]
04-21 21:41:40.256  1508  1866 I DisplayDeviceRepository: Display device changed render timings: "Built-in Screen", renderFrameRate=120.00002, presentationDeadlineNanos=11499999, appVsyncOffsetNanos=6233332, frameRateOverrides=[{uid=10227 frameRateHz=120.00002}]
04-21 21:41:40.291  1508  1866 I DisplayDeviceRepository: Display device changed render timings: "Built-in Screen", renderFrameRate=120.00002, presentationDeadlineNanos=11499999, appVsyncOffsetNanos=6233332, frameRateOverrides=[{uid=10227 frameRateHz=120.00002}, {uid=10319 frameRateHz=120.00002}]
04-21 21:41:41.157  1508  2501 W PresentationStatsEventLogger: Bad view state for: -1, state: ViewState: [id=1073741940@1031445840, state:1018, currentValue:android.view.autofill.AutofillValue@a297c549]
04-21 21:41:41.391  1508  2501 W PresentationStatsEventLogger: Bad view state for: -1, state: ViewState: [id=1073741940@1031445840, state:1018, currentValue:android.view.autofill.AutofillValue@905b192c]
04-21 21:41:41.488  1508  4519 W PresentationStatsEventLogger: Bad view state for: -1, state: ViewState: [id=1073741940@1031445840, state:1018, currentValue:android.view.autofill.AutofillValue@db1bf773]
04-21 21:41:41.556  1508  1866 I DisplayDeviceRepository: Display device changed render timings: "Built-in Screen", renderFrameRate=120.00002, presentationDeadlineNanos=11499999, appVsyncOffsetNanos=6233332, frameRateOverrides=[{uid=10227 frameRateHz=120.00002}, {uid=10319 frameRateHz=60.00001}]
04-21 21:41:41.623  1508  1866 I DisplayDeviceRepository: Display device changed render timings: "Built-in Screen", renderFrameRate=120.00002, presentationDeadlineNanos=11499999, appVsyncOffsetNanos=6233332, frameRateOverrides=[{uid=10319 frameRateHz=60.00001}]
04-21 21:41:41.623  1508  4519 W PresentationStatsEventLogger: Bad view state for: -1, state: ViewState: [id=1073741940@1031445840, state:1018, currentValue:android.view.autofill.AutofillValue@7f3028ca]
04-21 21:41:41.629  1508  1866 I DisplayDeviceRepository: Display device changed render timings: "Built-in Screen", renderFrameRate=120.00002, presentationDeadlineNanos=11499999, appVsyncOffsetNanos=6233332, frameRateOverrides=[{uid=10227 frameRateHz=60.00001}, {uid=10319 frameRateHz=60.00001}]
04-21 21:41:41.799  1508  2501 W PresentationStatsEventLogger: Bad view state for: -1, state: ViewState: [id=1073741940@1031445840, state:1018, currentValue:android.view.autofill.AutofillValue@2202e946]
04-21 21:41:42.005  1508  1866 I DisplayDeviceRepository: Display device changed render timings: "Built-in Screen", renderFrameRate=120.00002, presentationDeadlineNanos=11499999, appVsyncOffsetNanos=6233332, frameRateOverrides=[{uid=10227 frameRateHz=60.00001}, {uid=10277 frameRateHz=120.00002}, {uid=10319 frameRateHz=60.00001}]
04-21 21:41:42.213  1508  1866 I DisplayDeviceRepository: Display device changed render timings: "Built-in Screen", renderFrameRate=120.00002, presentationDeadlineNanos=11499999, appVsyncOffsetNanos=6233332, frameRateOverrides=[{uid=10227 frameRateHz=60.00001}, {uid=10277 frameRateHz=120.00002}]
04-21 21:41:42.336  1508  2720 D CoreBackPreview: Window{8c88254 u0 com.whatsapp/com.whatsapp.mediacomposer.ui.app.MediaComposerActivity}: Setting back callback OnBackInvokedCallbackInfo{mCallback=android.window.IOnBackInvokedCallback$Stub$Proxy@41b6868, mPriority=0, mIsAnimationCallback=false, mOverrideBehavior=0}
04-21 21:41:42.337  1508  5253 D CoreBackPreview: Window{8c88254 u0 com.whatsapp/com.whatsapp.mediacomposer.ui.app.MediaComposerActivity}: Setting back callback null
04-21 21:41:42.345  2379  2417 D Bubbles : BubbleController.BubblesImeListener.onImeVisibilityChanged visible=false runnable=null stackView=null
04-21 21:41:42.352  1508  2501 W PresentationStatsEventLogger: Bad view state for: -1, state: ViewState: [id=1073741940@1031445840, state:5018, currentValue:android.view.autofill.AutofillValue@1, candidateSaveValue:android.view.autofill.AutofillValue@2202e946]
04-21 21:41:42.355  1508  1866 V WindowManager: Unknown focus tokens, dropping reportFocusChanged
04-21 21:41:42.359  1508  2501 W PresentationStatsEventLogger: Bad view state for: -1, state: ViewState: [id=1073741824@1031445840, state:1, currentValue:android.view.autofill.AutofillValue@67fabfc9]
04-21 21:41:42.365  1508  1863 D HintManagerService: Sent cleanup message for uid 10227
04-21 21:41:42.383  1508  1717 E Bundle  : Failed to parse item android.intent.extra.STREAM, returning null.
04-21 21:41:42.383  1508  1717 E Bundle  : android.os.BadTypeParcelableException: About to unparcel a java.util.ArrayList, which is not a subtype of type android.net.Uri required by caller.
04-21 21:41:42.383  1508  1717 E Bundle  : 	at android.os.Parcel.checkTypeToUnparcel(Parcel.java:5188)
04-21 21:41:42.383  1508  1717 E Bundle  : 	at android.os.Parcel.readValue(Parcel.java:5029)
04-21 21:41:42.383  1508  1717 E Bundle  : 	at android.os.Parcel.readValue(Parcel.java:4732)
04-21 21:41:42.383  1508  1717 E Bundle  : 	at android.os.Parcel.-$$Nest$mreadValue(Unknown Source:0)
04-21 21:41:42.383  1508  1717 E Bundle  : 	at android.os.Parcel$LazyValue.apply(Parcel.java:4846)
04-21 21:41:42.383  1508  1717 E Bundle  : 	at android.os.Parcel$LazyValue.apply(Parcel.java:4799)
04-21 21:41:42.383  1508  1717 E Bundle  : 	at android.os.BaseBundle.unwrapLazyValueFromMapLocked(BaseBundle.java:448)
04-21 21:41:42.383  1508  1717 E Bundle  : 	at android.os.BaseBundle.getValueAt(BaseBundle.java:428)
04-21 21:41:42.383  1508  1717 E Bundle  : 	at android.os.BaseBundle.getValue(BaseBundle.java:399)
04-21 21:41:42.383  1508  1717 E Bundle  : 	at android.os.BaseBundle.getValue(BaseBundle.java:382)
04-21 21:41:42.383  1508  1717 E Bundle  : 	at android.os.BaseBundle.get(BaseBundle.java:774)
04-21 21:41:42.383  1508  1717 E Bundle  : 	at android.os.Bundle.getParcelable(Bundle.java:1121)
04-21 21:41:42.383  1508  1717 E Bundle  : 	at android.content.Intent.getParcelableExtra(Intent.java:9782)
04-21 21:41:42.383  1508  1717 E Bundle  : 	at com.android.server.uri.UriGrantsManagerService.enforceRequireContentUriPermissionFromCallerOnIntentExtraStreamUnlocked(UriGrantsManagerService.java:806)
04-21 21:41:42.383  1508  1717 E Bundle  : 	at com.android.server.uri.UriGrantsManagerService.checkGrantUriPermissionFromIntentUnlocked(UriGrantsManagerService.java:660)
04-21 21:41:42.383  1508  1717 E Bundle  : 	at com.android.server.uri.UriGrantsManagerService.-$$Nest$mcheckGrantUriPermissionFromIntentUnlocked(UriGrantsManagerService.java:0)
04-21 21:41:42.383  1508  1717 E Bundle  : 	at com.android.server.uri.UriGrantsManagerService$LocalService.internalCheckGrantUriPermissionFromIntent(UriGrantsManagerService.java:1769)
04-21 21:41:42.383  1508  1717 E Bundle  : 	at com.android.server.uri.UriGrantsManagerService$LocalService.checkGrantUriPermissionFromIntent(UriGrantsManagerService.java:1741)
04-21 21:41:42.383  1508  1717 E Bundle  : 	at com.android.server.wm.ActivityTaskManagerService.collectGrants(ActivityTaskManagerService.java:2493)
04-21 21:41:42.383  1508  1717 E Bundle  : 	at com.android.server.wm.ActivityClientController.finishActivity(ActivityClientController.java:535)
04-21 21:41:42.383  1508  1717 E Bundle  : 	at android.app.IActivityClientController$Stub.onTransact(IActivityClientController.java:830)
04-21 21:41:42.383  1508  1717 E Bundle  : 	at com.android.server.wm.ActivityClientController.onTransact(ActivityClientController.java:180)
04-21 21:41:42.383  1508  1717 E Bundle  : 	at android.os.Binder.execTransactInternal(Binder.java:1471)
04-21 21:41:42.383  1508  1717 E Bundle  : 	at android.os.Binder.execTransact(Binder.java:1411)
04-21 21:41:42.384  2379  2417 V WindowManagerShell: Transition requested (#3251): android.os.BinderProxy@8602b08 TransitionRequestInfo { type = CLOSE, triggerTask = null, pipChange = null, remoteTransitionInfo = null, displayChange = null, requestedLocation = null, userChange = null, windowingLayerChange = null, fullscreenRequestChange = null, flags = 0, debugId = 3251 }
04-21 21:41:42.384  2379  2417 V ShellDesktopMode: DesktopTasksController: skipping handleRequest reason=triggerTask is null
04-21 21:41:42.390  1508  1717 W PackageConfigPersister: App-specific configuration not found for packageName: com.whatsapp and userId: 0
04-21 21:41:42.391  1508  1866 I DisplayDeviceRepository: Display device changed render timings: "Built-in Screen", renderFrameRate=120.00002, presentationDeadlineNanos=11499999, appVsyncOffsetNanos=6233332, frameRateOverrides=[{uid=10227 frameRateHz=120.00002}, {uid=10276 frameRateHz=120.00002}, {uid=10277 frameRateHz=120.00002}, {uid=10319 frameRateHz=120.00002}]
04-21 21:41:42.397  1508  1863 V WindowManager: Sent Transition (#3251) createdAt=04-21 21:41:42.383 via request=TransitionRequestInfo { type = CLOSE, triggerTask = null, pipChange = null, remoteTransitionInfo = null, displayChange = null, requestedLocation = null, userChange = null, windowingLayerChange = null, fullscreenRequestChange = null, flags = 0, debugId = 3251 }
04-21 21:41:42.397  1508  1863 V WindowManager:     startWCT=WindowContainerTransaction { changes= {} hops= [] flags= 0 errorCallbackToken=null taskFragmentOrganizer=null }
04-21 21:41:42.397  1508  1863 V WindowManager:     info={id=3251 t=CLOSE f=0x0 trk=0 r=[0@Point(0, 0)] c=[
04-21 21:41:42.397  1508  1863 V WindowManager:         {m=CLOSE f=TRANSLUCENT|FILLS_TASK leash=Surface(name=ActivityRecord{63952430 u0 com.whatsapp/.mediacomposer.ui.app.MediaComposerActivity t2461}#38325)/@0xd5d938c sb=Rect(0, 0 - 960, 2142) eb=Rect(0, 0 - 960, 2142) epz=Point(960, 2142) d=0 bc=ff303030 activity=ActivityTransitionInfo { component = ComponentInfo{com.whatsapp/com.whatsapp.mediacomposer.ui.app.MediaComposerActivity}, taskId = 2461, appCompatTransitionInfo = null } opt={t=FROM_STYLE mUserId=0}}
04-21 21:41:42.397  1508  1863 V WindowManager:     ]}
04-21 21:41:42.398  2379  3279 V WindowManagerShell: onTransitionReady(transaction=6476811173001)
04-21 21:41:42.398  2379  2417 V WindowManagerShell: onTransitionReady (#3251) android.os.BinderProxy@8602b08: {id=3251 t=CLOSE f=0x0 trk=0 r=[0@Point(0, 0)] c=[
04-21 21:41:42.398  2379  2417 V WindowManagerShell:         {m=CLOSE f=TRANSLUCENT|FILLS_TASK leash=Surface(name=ActivityRecord{63952430 u0 com.whatsapp/.mediacomposer.ui.app.MediaComposerActivity t2461}#38325)/@0xe3ef2a1 sb=Rect(0, 0 - 960, 2142) eb=Rect(0, 0 - 960, 2142) epz=Point(960, 2142) d=0 bc=ff303030 activity=ActivityTransitionInfo { component = ComponentInfo{com.whatsapp/com.whatsapp.mediacomposer.ui.app.MediaComposerActivity}, taskId = 2461, appCompatTransitionInfo = null } opt={t=FROM_STYLE mUserId=0}}
04-21 21:41:42.398  2379  2417 V WindowManagerShell:     ]}
04-21 21:41:42.399  1508  1866 I DisplayDeviceRepository: Display device changed render timings: "Built-in Screen", renderFrameRate=120.00002, presentationDeadlineNanos=11499999, appVsyncOffsetNanos=6233332, frameRateOverrides=[{uid=10276 frameRateHz=120.00002}, {uid=10277 frameRateHz=120.00002}, {uid=10319 frameRateHz=120.00002}]
04-21 21:41:42.399  2379  2417 V ShellDesktopMode: DesktopModeLogger: taskInfo map after processing changes 0
04-21 21:41:42.399  2379  2417 V WindowManagerShell: Playing animation for (#3251) android.os.BinderProxy@8602b08@0
04-21 21:41:42.399  2379  2417 D ShellSplitScreen: startAnimation: transition=3251 isSplitActive=false
04-21 21:41:42.399  1508  2316 D BackgroundInstallControlService: Package event received: 0
04-21 21:41:42.399  2379  2417 V ShellRecents: RecentsTransitionHandler.startAnimation: no controller found
04-21 21:41:42.399  2379  2417 V ShellDesktopMode: DesktopMixedTransitionHandler: No pending desktop transition
04-21 21:41:42.399  2379  2417 V WindowManagerShell: Transition doesn't have explicit remote, search filters for match for {id=3251 t=CLOSE f=0x0 trk=0 r=[0@Point(0, 0)] c=[{m=CLOSE f=TRANSLUCENT|FILLS_TASK leash=Surface(name=ActivityRecord{63952430 u0 com.whatsapp/.mediacomposer.ui.app.MediaComposerActivity t2461}#38325)/@0xe3ef2a1 sb=Rect(0, 0 - 960, 2142) eb=Rect(0, 0 - 960, 2142) epz=Point(960, 2142) d=0 bc=ff303030 activity=ActivityTransitionInfo { component = ComponentInfo{com.whatsapp/com.whatsapp.mediacomposer.ui.app.MediaComposerActivity}, taskId = 2461, appCompatTransitionInfo = null } opt={t=FROM_STYLE mUserId=0}}]}
04-21 21:41:42.399  1508  2316 D BackgroundInstallControlService: Package event received: 0
04-21 21:41:42.399  2379  2417 V WindowManagerShell:  Checking filter Pair{{types=[] flags=0x0] notFlags=0x0 checks=[{atype=undefined independent=true modes=[CLOSE,TO_BACK] flags=IN_TASK_WITH_EMBEDDED_ACTIVITY mustBeTask=false order=ANY topActivity=null launchCookie=null taskFragmentToken=android.os.BinderProxy@5a07db6 windowingMode=undefined isCrossDisplayMove=false}]} RemoteTransition { remoteTransition = android.window.IRemoteTransition$Stub$Proxy@c672ab7, appThread = android.app.IApplicationThread$Stub$Proxy@77b2224, debugName = overlayBackTransition, filter = null }}
04-21 21:41:42.399  2379  2417 V WindowManagerShell:  Checking filter Pair{{types=[] flags=0x0] notFlags=0x0 checks=[{atype=dream independent=true modes=[OPEN,TO_FRONT] flags=NONE mustBeTask=false order=ANY topActivity=null launchCookie=null windowingMode=undefined isCrossDisplayMove=false},{atype=home independent=true modes=[CLOSE,TO_BACK] flags=NONE mustBeTask=false order=ANY topActivity=null launchCookie=null windowingMode=undefined isCrossDisplayMove=false}]} RemoteTransition { remoteTransition = android.window.IRemoteTransition$Stub$Proxy@facb18d, appThread = android.app.IApplicationThread$Stub$Proxy@aaebf42, debugName = LauncherToDream, filter = null }}
04-21 21:41:42.400  2379  2417 V WindowManagerShell:  Checking filter Pair{{types=[] flags=0x0] notFlags=0x0 checks=[{atype=standard independent=false modes=[CHANGE] flags=NONE mustBeTask=true order=ANY topActivity=null launchCookie=null windowingMode=undefined isCrossDisplayMove=true}]} RemoteTransition { remoteTransition = android.window.IRemoteTransition$Stub$Proxy@9b9bb53, appThread = android.app.IApplicationThread$Stub$Proxy@5a3c90, debugName = QuickstepDisplayMove, filter = null }}
04-21 21:41:42.400  2379  2417 V WindowManagerShell:  Checking filter Pair{{types=[] flags=0x0] notFlags=0x100 checks=[{atype=home independent=true modes=[OPEN,TO_FRONT] flags=NONE mustBeTask=false order=ANY topActivity=ComponentInfo{com.google.android.apps.nexuslauncher/com.google.android.apps.nexuslauncher.NexusLauncherActivity} launchCookie=null windowingMode=undefined isCrossDisplayMove=false},{atype=standard independent=true modes=[CLOSE,TO_BACK] flags=NONE mustBeTask=false order=ANY topActivity=null launchCookie=null windowingMode=undefined isCrossDisplayMove=false},{NOT atype=undefined independent=true modes=[] flags=NONE mustBeTask=true order=ANY topActivity=null launchCookie=null customAnim=true windowingMode=undefined isCrossDisplayMove=false}]} RemoteTransition { remoteTransition = android.window.IRemoteTransition$Stub$Proxy@c3fd989, appThread = android.app.IApplicationThread$Stub$Proxy@46d8d8e, debugName = QuickstepLaunchHome, filter = null }}
04-21 21:41:42.400  2379  2417 V WindowManagerShell:  Checking filter Pair{{types=[OPEN,TO_FRONT] flags=0x0] notFlags=0x0 checks=[{atype=standard independent=true modes=[OPEN,TO_FRONT] flags=NONE mustBeTask=true order=ANY topActivity=null launchCookie=null windowingMode=freeform isCrossDisplayMove=false}]} RemoteTransition { remoteTransition = android.window.IRemoteTransition$Stub$Proxy@9b44258, appThread = null, debugName = DesktopWindowLimitUnminimize, filter = null }}
04-21 21:41:42.400  2379  2417 V WindowManagerShell:  Delegate animation for (#3251) to null
04-21 21:41:42.400  2379  2417 V WindowManagerShell: start default transition animation, info = {id=3251 t=CLOSE f=0x0 trk=0 r=[0@Point(0, 0)] c=[{m=CLOSE f=TRANSLUCENT|FILLS_TASK leash=Surface(name=ActivityRecord{63952430 u0 com.whatsapp/.mediacomposer.ui.app.MediaComposerActivity t2461}#38325)/@0xe3ef2a1 sb=Rect(0, 0 - 960, 2142) eb=Rect(0, 0 - 960, 2142) epz=Point(960, 2142) d=0 bc=ff303030 activity=ActivityTransitionInfo { component = ComponentInfo{com.whatsapp/com.whatsapp.mediacomposer.ui.app.MediaComposerActivity}, taskId = 2461, appCompatTransitionInfo = null } opt={t=FROM_STYLE mUserId=0}}]}
04-21 21:41:42.401  2379  2417 V WindowManagerShell: loadAnimation: anim=android.view.animation.AnimationSet@b717dd animAttr=0x7 type=CLOSE isEntrance=false
04-21 21:41:42.401  2379  2417 V WindowManagerShell:  animated by com.android.wm.shell.transition.DefaultTransitionHandler@d0b2a16
04-21 21:41:42.402  1508  2316 D BackgroundInstallControlService: Package event received: 0
04-21 21:41:42.407  2379  2417 V WindowManagerShell: Transition requested (#3252): android.os.BinderProxy@729d223 TransitionRequestInfo { type = CLOSE, triggerTask = null, pipChange = null, remoteTransitionInfo = null, displayChange = null, requestedLocation = null, userChange = null, windowingLayerChange = null, fullscreenRequestChange = null, flags = 0, debugId = 3252 }
04-21 21:41:42.407  2379  2417 V ShellDesktopMode: DesktopTasksController: skipping handleRequest reason=triggerTask is null
04-21 21:41:42.409  1508  5253 W ActivityTaskManager: Duplicate finish request for r=ActivityRecord{77137061 u0 com.whatsapp/.camera.ui.CameraActivity t2461 f}}
04-21 21:41:42.418  1508  2316 D BackgroundInstallControlService: Package event received: 0
04-21 21:41:42.422  1508  2316 D BackgroundInstallControlService: Package event received: 0
04-21 21:41:42.422  1508  2316 D BackgroundInstallControlService: Package event received: 0
04-21 21:41:42.424  1508  1863 V WindowManager: Sent Transition (#3252) createdAt=04-21 21:41:42.406 via request=TransitionRequestInfo { type = CLOSE, triggerTask = null, pipChange = null, remoteTransitionInfo = null, displayChange = null, requestedLocation = null, userChange = null, windowingLayerChange = null, fullscreenRequestChange = null, flags = 0, debugId = 3252 }
04-21 21:41:42.424  1508  1863 V WindowManager:     startWCT=WindowContainerTransaction { changes= {} hops= [] flags= 0 errorCallbackToken=null taskFragmentOrganizer=null }
04-21 21:41:42.424  1508  1863 V WindowManager:     info={id=3252 t=CLOSE f=0x0 trk=0 r=[0@Point(0, 0)] c=[
04-21 21:41:42.424  1508  1863 V WindowManager:         {m=CLOSE f=TRANSLUCENT|FILLS_TASK leash=Surface(name=ActivityRecord{77137061 u0 com.whatsapp/.camera.ui.CameraActivity t2461}#38315)/@0x79f49c9 sb=Rect(0, 0 - 960, 2142) eb=Rect(0, 0 - 960, 2142) epz=Point(960, 2142) d=0 bc=ff303030 activity=ActivityTransitionInfo { component = ComponentInfo{com.whatsapp/com.whatsapp.camera.ui.CameraActivity}, taskId = 2461, appCompatTransitionInfo = null } opt={t=FROM_STYLE mUserId=0}}
04-21 21:41:42.424  1508  1863 V WindowManager:     ]}
04-21 21:41:42.427 29791 29791 D InsetsController: hide(ime())
04-21 21:41:42.429  2379  3279 V WindowManagerShell: onTransitionReady(transaction=6476811173022)
04-21 21:41:42.429  2379  2417 V WindowManagerShell: onTransitionReady (#3252) android.os.BinderProxy@729d223: {id=3252 t=CLOSE f=0x0 trk=0 r=[0@Point(0, 0)] c=[
04-21 21:41:42.429  2379  2417 V WindowManagerShell:         {m=CLOSE f=TRANSLUCENT|FILLS_TASK leash=Surface(name=ActivityRecord{77137061 u0 com.whatsapp/.camera.ui.CameraActivity t2461}#38315)/@0x4e75320 sb=Rect(0, 0 - 960, 2142) eb=Rect(0, 0 - 960, 2142) epz=Point(960, 2142) d=0 bc=ff303030 activity=ActivityTransitionInfo { component = ComponentInfo{com.whatsapp/com.whatsapp.camera.ui.CameraActivity}, taskId = 2461, appCompatTransitionInfo = null } opt={t=FROM_STYLE mUserId=0}}
04-21 21:41:42.429  2379  2417 V WindowManagerShell:     ]}
04-21 21:41:42.429  2379  2417 V ShellDesktopMode: DesktopModeLogger: taskInfo map after processing changes 0
04-21 21:41:42.429  2379  2417 V WindowManagerShell: Transition (#3252) android.os.BinderProxy@729d223@0 ready while (#3251) android.os.BinderProxy@8602b08@0 is still animating. Notify the animating transition in case they can be merged
04-21 21:41:42.430  2379  2417 V WindowManagerShell: Transition animation finished (aborted=false), notifying core (#3251) android.os.BinderProxy@8602b08@0
04-21 21:41:42.430  1508  2501 W AutofillManagerServiceImpl: logViewEntered(): not logging event because history is null
04-21 21:41:42.433  1508  1863 V WindowManager: Finish Transition (#3251): created at 04-21 21:41:42.383 collect-started=0.021ms request-sent=0.034ms started=4.612ms ready=10.56ms sent=12.215ms commit=12.316ms finished=49.124ms
04-21 21:41:42.434  2379  2417 V WindowManagerShell: Playing animation for (#3252) android.os.BinderProxy@729d223@0
04-21 21:41:42.434  2379  2417 D ShellSplitScreen: startAnimation: transition=3252 isSplitActive=false
04-21 21:41:42.434  2379  2417 V ShellRecents: RecentsTransitionHandler.startAnimation: no controller found
04-21 21:41:42.434  2379  2417 V ShellDesktopMode: DesktopMixedTransitionHandler: No pending desktop transition
04-21 21:41:42.434  2379  2417 V WindowManagerShell: Transition doesn't have explicit remote, search filters for match for {id=3252 t=CLOSE f=0x0 trk=0 r=[0@Point(0, 0)] c=[{m=CLOSE f=TRANSLUCENT|FILLS_TASK leash=Surface(name=ActivityRecord{77137061 u0 com.whatsapp/.camera.ui.CameraActivity t2461}#38315)/@0x4e75320 sb=Rect(0, 0 - 960, 2142) eb=Rect(0, 0 - 960, 2142) epz=Point(960, 2142) d=0 bc=ff303030 activity=ActivityTransitionInfo { component = ComponentInfo{com.whatsapp/com.whatsapp.camera.ui.CameraActivity}, taskId = 2461, appCompatTransitionInfo = null } opt={t=FROM_STYLE mUserId=0}}]}
04-21 21:41:42.434  2379  2417 V WindowManagerShell:  Checking filter Pair{{types=[] flags=0x0] notFlags=0x0 checks=[{atype=undefined independent=true modes=[CLOSE,TO_BACK] flags=IN_TASK_WITH_EMBEDDED_ACTIVITY mustBeTask=false order=ANY topActivity=null launchCookie=null taskFragmentToken=android.os.BinderProxy@5a07db6 windowingMode=undefined isCrossDisplayMove=false}]} RemoteTransition { remoteTransition = android.window.IRemoteTransition$Stub$Proxy@c672ab7, appThread = android.app.IApplicationThread$Stub$Proxy@77b2224, debugName = overlayBackTransition, filter = null }}
04-21 21:41:42.434  2379  2417 V WindowManagerShell:  Checking filter Pair{{types=[] flags=0x0] notFlags=0x0 checks=[{atype=dream independent=true modes=[OPEN,TO_FRONT] flags=NONE mustBeTask=false order=ANY topActivity=null launchCookie=null windowingMode=undefined isCrossDisplayMove=false},{atype=home independent=true modes=[CLOSE,TO_BACK] flags=NONE mustBeTask=false order=ANY topActivity=null launchCookie=null windowingMode=undefined isCrossDisplayMove=false}]} RemoteTransition { remoteTransition = android.window.IRemoteTransition$Stub$Proxy@facb18d, appThread = android.app.IApplicationThread$Stub$Proxy@aaebf42, debugName = LauncherToDream, filter = null }}
04-21 21:41:42.434  2379  2417 V WindowManagerShell:  Checking filter Pair{{types=[] flags=0x0] notFlags=0x0 checks=[{atype=standard independent=false modes=[CHANGE] flags=NONE mustBeTask=true order=ANY topActivity=null launchCookie=null windowingMode=undefined isCrossDisplayMove=true}]} RemoteTransition { remoteTransition = android.window.IRemoteTransition$Stub$Proxy@9b9bb53, appThread = android.app.IApplicationThread$Stub$Proxy@5a3c90, debugName = QuickstepDisplayMove, filter = null }}
04-21 21:41:42.434  2379  2417 V WindowManagerShell:  Checking filter Pair{{types=[] flags=0x0] notFlags=0x100 checks=[{atype=home independent=true modes=[OPEN,TO_FRONT] flags=NONE mustBeTask=false order=ANY topActivity=ComponentInfo{com.google.android.apps.nexuslauncher/com.google.android.apps.nexuslauncher.NexusLauncherActivity} launchCookie=null windowingMode=undefined isCrossDisplayMove=false},{atype=standard independent=true modes=[CLOSE,TO_BACK] flags=NONE mustBeTask=false order=ANY topActivity=null launchCookie=null windowingMode=undefined isCrossDisplayMove=false},{NOT atype=undefined independent=true modes=[] flags=NONE mustBeTask=true order=ANY topActivity=null launchCookie=null customAnim=true windowingMode=undefined isCrossDisplayMove=false}]} RemoteTransition { remoteTransition = android.window.IRemoteTransition$Stub$Proxy@c3fd989, appThread = android.app.IApplicationThread$Stub$Proxy@46d8d8e, debugName = QuickstepLaunchHome, filter = null }}
04-21 21:41:42.434  2379  2417 V WindowManagerShell:  Checking filter Pair{{types=[OPEN,TO_FRONT] flags=0x0] notFlags=0x0 checks=[{atype=standard independent=true modes=[OPEN,TO_FRONT] flags=NONE mustBeTask=true order=ANY topActivity=null launchCookie=null windowingMode=freeform isCrossDisplayMove=false}]} RemoteTransition { remoteTransition = android.window.IRemoteTransition$Stub$Proxy@9b44258, appThread = null, debugName = DesktopWindowLimitUnminimize, filter = null }}
04-21 21:41:42.434  2379  2417 V WindowManagerShell:  Delegate animation for (#3252) to null
04-21 21:41:42.434  2379  2417 V WindowManagerShell: start default transition animation, info = {id=3252 t=CLOSE f=0x0 trk=0 r=[0@Point(0, 0)] c=[{m=CLOSE f=TRANSLUCENT|FILLS_TASK leash=Surface(name=ActivityRecord{77137061 u0 com.whatsapp/.camera.ui.CameraActivity t2461}#38315)/@0x4e75320 sb=Rect(0, 0 - 960, 2142) eb=Rect(0, 0 - 960, 2142) epz=Point(960, 2142) d=0 bc=ff303030 activity=ActivityTransitionInfo { component = ComponentInfo{com.whatsapp/com.whatsapp.camera.ui.CameraActivity}, taskId = 2461, appCompatTransitionInfo = null } opt={t=FROM_STYLE mUserId=0}}]}
04-21 21:41:42.434  2379  2417 V WindowManagerShell: loadAnimation: anim=android.view.animation.AnimationSet@8fe6e9e animAttr=0x7 type=CLOSE isEntrance=false
04-21 21:41:42.435  2379  2417 V WindowManagerShell:  animated by com.android.wm.shell.transition.DefaultTransitionHandler@d0b2a16
04-21 21:41:42.435  1508  4519 W PackageConfigPersister: App-specific configuration not found for packageName: com.whatsapp and userId: 0
04-21 21:41:42.436  1508  2501 W PresentationStatsEventLogger: Empty dataset. Autofill ignoring log
04-21 21:41:42.436  1508  2501 D PresentationStatsEventLogger: Started new PresentationStatsEvent
04-21 21:41:42.443  1508  2501 W PackageConfigPersister: App-specific configuration not found for packageName: com.whatsapp and userId: 0
04-21 21:41:42.449  1508  2501 D AutofillSession: createPendingIntent for request 2074
04-21 21:41:42.450  1508  2501 D PresentationStatsEventLogger: Not setting no presentation reason because it already exists
04-21 21:41:42.450  1508  2501 W PresentationStatsEventLogger: Empty dataset. Autofill ignoring log
04-21 21:41:42.452  1508  2501 W FillRequestEventLogger: Shouldn't be logging AutofillFillRequestReported again for same event
04-21 21:41:42.452  1508  2501 W FillResponseEventLogger: Shouldn't be logging AutofillFillRequestReported again for same event
04-21 21:41:42.452  1508  2501 W PresentationStatsEventLogger: Shouldn't be logging AutofillPresentationEventReported again for same event
04-21 21:41:42.452  1508  2501 D AutofillSession: clearPendingIntentLocked
04-21 21:41:42.455  1508  2000 D CoreBackPreview: Window{70af51d u0 com.whatsapp/com.whatsapp.mediacomposer.ui.app.MediaComposerActivity}: Setting back callback null
04-21 21:41:42.461  1508  2316 D BackgroundInstallControlService: Package event received: 0
04-21 21:41:42.464  1508  2316 D BackgroundInstallControlService: Package event received: 0
04-21 21:41:42.466 29791 29791 D InsetsController: hide(ime())
04-21 21:41:42.478  1508  2000 W PackageConfigPersister: App-specific configuration not found for packageName: com.whatsapp and userId: 0
04-21 21:41:42.560 29791 25221 E ActivityThread: Failed to find provider info for com.facebook.stella.assistant.deviceconnectionstate
04-21 21:41:42.561 29791 25221 E ActivityThread: Failed to find provider info for com.facebook.stella_debug.assistant.deviceconnectionstate
04-21 21:41:42.567  1508  1717 W FillRequestEventLogger: Shouldn't be logging AutofillFillRequestReported again for same event
04-21 21:41:42.567  1508  1717 W FillResponseEventLogger: Shouldn't be logging AutofillFillRequestReported again for same event
04-21 21:41:42.567  1508  1717 W PresentationStatsEventLogger: Empty dataset. Autofill ignoring log
04-21 21:41:42.567  1508  1717 D AutofillSession: clearPendingIntentLocked
04-21 21:41:42.569  1508  4519 V AutofillSession: Primary service component name: ComponentInfo{com.google.android.gms/com.google.android.gms.autofill.service.AutofillService}, secondary service component name: ComponentInfo{com.android.credentialmanager/com.android.credentialmanager.autofill.CredentialAutofillService}
04-21 21:41:42.569  1508  4519 V SecondaryProviderHandler: Creating a secondary provider handler with component name, ComponentInfo{com.android.credentialmanager/com.android.credentialmanager.autofill.CredentialAutofillService}
04-21 21:41:42.569  1508  4519 D PresentationStatsEventLogger: Started new PresentationStatsEvent
04-21 21:41:42.569  1508  4519 W FillRequestEventLogger: FillRequestEventLogger is not empty before starting for a new request
04-21 21:41:42.650  1508  4519 W FillRequestEventLogger: Shouldn't be logging AutofillFillRequestReported again for same event
04-21 21:41:42.651  1508  4519 W FillResponseEventLogger: Shouldn't be logging AutofillFillRequestReported again for same event
04-21 21:41:42.651  1508  4519 W PresentationStatsEventLogger: Empty dataset. Autofill ignoring log
04-21 21:41:42.651  1508  4519 D AutofillSession: clearPendingIntentLocked
04-21 21:41:42.655  1508  4519 V AutofillSession: Primary service component name: ComponentInfo{com.google.android.gms/com.google.android.gms.autofill.service.AutofillService}, secondary service component name: ComponentInfo{com.android.credentialmanager/com.android.credentialmanager.autofill.CredentialAutofillService}
04-21 21:41:42.656  1508  4519 V SecondaryProviderHandler: Creating a secondary provider handler with component name, ComponentInfo{com.android.credentialmanager/com.android.credentialmanager.autofill.CredentialAutofillService}
04-21 21:41:42.657  1508  4519 D PresentationStatsEventLogger: Started new PresentationStatsEvent
04-21 21:41:42.657  1508  4519 W FillRequestEventLogger: FillRequestEventLogger is not empty before starting for a new request
04-21 21:41:42.697  2379  2417 V WindowManagerShell: Transition animation finished (aborted=false), notifying core (#3252) android.os.BinderProxy@729d223@0
04-21 21:41:42.709  1508  1863 V WindowManager: Finish Transition (#3252): created at 04-21 21:41:42.406 collect-started=0.02ms request-sent=0.034ms started=2.579ms ready=14.477ms sent=16.348ms commit=17.298ms finished=302.004ms
04-21 21:41:42.711  2379  2417 V WindowManagerShell: Track 0 became idle
04-21 21:41:42.711  2379  2417 V WindowManagerShell: All active transition animations finished
04-21 21:41:42.724  1508  1866 I DisplayDeviceRepository: Display device changed render timings: "Built-in Screen", renderFrameRate=60.00001, presentationDeadlineNanos=11500000, appVsyncOffsetNanos=6233328, frameRateOverrides=[{uid=10319 frameRateHz=60.00001}]
04-21 21:41:42.726  1508  1864 D WindowManager: DeferredDisplayUpdater: partially applying DisplayInfo(960 x 2142) immediately
04-21 21:41:42.732  1508  1866 I DisplayDeviceRepository: Display device changed render timings: "Built-in Screen", renderFrameRate=120.00002, presentationDeadlineNanos=11499999, appVsyncOffsetNanos=6233332, frameRateOverrides=[{uid=10277 frameRateHz=120.00002}, {uid=10319 frameRateHz=60.00001}]
04-21 21:41:42.732  1508  1864 D WindowManager: DeferredDisplayUpdater: partially applying DisplayInfo(960 x 2142) immediately
04-21 21:41:42.745  1508  1717 D CoreBackPreview: Window{37e89a3 u0 com.whatsapp/com.whatsapp.camera.ui.CameraActivity}: Setting back callback null
04-21 21:41:42.751  1508  2316 D BackgroundInstallControlService: Package event received: 0
04-21 21:41:43.097  1508  2316 D BackgroundInstallControlService: Package event received: 0
04-21 21:41:43.117  1508  2316 D BackgroundInstallControlService: Package event received: 0
04-21 21:41:43.211  1508  2189 D ActivityManager: freezing 20198 com.google.android.gms.ui
