04-21 20:37:16.228  2379  2417 V WindowManagerShell:  Checking filter Pair{{types=[] flags=0x0] notFlags=0x100 checks=[{atype=home independent=true modes=[OPEN,TO_FRONT] flags=NONE mustBeTask=false order=ANY topActivity=ComponentInfo{com.google.android.apps.nexuslauncher/com.google.android.apps.nexuslauncher.NexusLauncherActivity} launchCookie=null windowingMode=undefined isCrossDisplayMove=false},{atype=standard independent=true modes=[CLOSE,TO_BACK] flags=NONE mustBeTask=false order=ANY topActivity=null launchCookie=null windowingMode=undefined isCrossDisplayMove=false},{NOT atype=undefined independent=true modes=[] flags=NONE mustBeTask=true order=ANY topActivity=null launchCookie=null customAnim=true windowingMode=undefined isCrossDisplayMove=false}]} RemoteTransition { remoteTransition = android.window.IRemoteTransition$Stub$Proxy@73a7aff, appThread = android.app.IApplicationThread$Stub$Proxy@59a40cc, debugName = QuickstepLaunchHome, filter = null }}
04-21 20:37:16.228  2379  2417 V WindowManagerShell:  Checking filter Pair{{types=[OPEN,TO_FRONT] flags=0x0] notFlags=0x0 checks=[{atype=standard independent=true modes=[OPEN,TO_FRONT] flags=NONE mustBeTask=true order=ANY topActivity=null launchCookie=null windowingMode=freeform isCrossDisplayMove=false}]} RemoteTransition { remoteTransition = android.window.IRemoteTransition$Stub$Proxy@9b44258, appThread = null, debugName = DesktopWindowLimitUnminimize, filter = null }}
04-21 20:37:16.228  2379  2417 V WindowManagerShell:  Delegate animation for (#3089) to null
04-21 20:37:16.228  2379  2417 V WindowManagerShell: start default transition animation, info = {id=3089 t=OPEN f=0x0 trk=0 r=[0@Point(0, 0)] c=[{m=OPEN f=FILLS_TASK leash=Surface(name=ActivityRecord{139172618 u0 com.whatsapp/.Conversation t2426}#36605)/@0xfd2db1d sb=Rect(0, 0 - 0, 0) eb=Rect(0, 0 - 960, 2142) epz=Point(960, 2142) d=-1->0 r=-1->0:-1 bc=ff303030 activity=ActivityTransitionInfo { component = ComponentInfo{com.whatsapp/com.whatsapp.Conversation}, taskId = 2426, appCompatTransitionInfo = null } opt={t=FROM_STYLE mUserId=0}},{m=TO_BACK f=FILLS_TASK leash=Surface(name=ActivityRecord{78356934 u0 com.whatsapp/.home.ui.HomeActivity t2426}#32562)/@0xf85192 sb=Rect(0, 0 - 960, 2142) eb=Rect(0, 0 - 960, 2142) epz=Point(960, 2142) d=0 bc=ff303030 activity=ActivityTransitionInfo { component = ComponentInfo{com.whatsapp/com.whatsapp.home.ui.HomeActivity}, taskId = 2426, appCompatTransitionInfo = null } opt={t=FROM_STYLE mUserId=0}}]}
04-21 20:37:16.229  2379  2417 V WindowManagerShell: loadAnimation: anim=android.view.animation.AnimationSet@cc5f4de animAttr=0x5 type=OPEN isEntrance=false
04-21 20:37:16.229  2379  2417 V WindowManagerShell: loadAnimation: anim=android.view.animation.AnimationSet@53880ea animAttr=0x4 type=OPEN isEntrance=true
04-21 20:37:16.230  2379  2417 V WindowManagerShell:  animated by com.android.wm.shell.transition.DefaultTransitionHandler@d0b2a16
04-21 20:37:16.274  1508  2141 W PackageConfigPersister: App-specific configuration not found for packageName: com.whatsapp and userId: 0
04-21 20:37:16.332 29791  7310 W NotificationManager: Shedding cancel (dupe) of NotificationKey[user=UserHandle{0}, pkg=com.whatsapp, tag=emu7fGqIT3/xdIeH0ncPLv8ElMgzI7f9GE4QM7fxyQM=
04-21 20:37:16.332 29791  7310 W NotificationManager: , id=118], rate limit (5.0) exceeded: input 9.580571, output would be 6.7135196
04-21 20:37:16.332  1508  4938 W PackageConfigPersister: App-specific configuration not found for packageName: com.whatsapp and userId: 0
04-21 20:37:16.571  1508  1508 I SoundTriggerHelper: Recognition success
04-21 20:37:16.572  1508  2138 I SoundTriggerMiddlewareLogging: RECOGNITION (1, PhraseRecognitionEventSys{phraseRecognitionEvent: PhraseRecognitionEvent{common: RecognitionEvent{status: 0, type: 0, captureAvailable: true, captureDelayMs: 0, capturePreambleMs: 0, triggerInData: false, audioConfig: AudioConfig{base: AudioConfigBase{sampleRate: 16000, channelMask: AudioChannelLayout.layoutMask(3), format: AudioFormatDescription{type: 1, pcm: 1, encoding: }}, offloadInfo: AudioOffloadInfo{base: AudioConfigBase{sampleRate: 0, channelMask: AudioChannelLayout.none(0), format: AudioFormatDescription{type: 0, pcm: 0, encoding: }}, streamType: -2, bitRatePerSecond: 0, durationUs: 0, hasVideo: false, isStreaming: false, bitWidth: 16, offloadBufferSize: 0, usage: -1, encapsulationMode: -1, contentId: 0, syncId: 0}, frameCount: 0}, data: [], recognitionStillActive: false}, phraseExtras: [PhraseRecognitionExtra{id: 101, recognitionModes: 1, confidenceLevel: 0, levels: []}]}, halEventReceivedMillis: 132536972015904, token: android.os.Binder@d296b5c}, 65)
04-21 20:37:16.696  2379  2417 V WindowManagerShell: Transition animation finished (aborted=false), notifying core (#3089) android.os.BinderProxy@e77ef48@0
04-21 20:37:16.706  1508  1863 V WindowManager: Finish Transition (#3089): created at 04-21 20:37:16.157 collect-started=0.024ms request-sent=3.092ms started=6.937ms ready=8.72ms sent=66.945ms commit=12.559ms finished=548.028ms
04-21 20:37:16.708  2379  2417 V WindowManagerShell: Track 0 became idle
04-21 20:37:16.708  2379  2417 V WindowManagerShell: All active transition animations finished
04-21 20:37:16.715  1508  1866 I DisplayDeviceRepository: Display device changed render timings: "Built-in Screen", renderFrameRate=120.00002, presentationDeadlineNanos=11499999, appVsyncOffsetNanos=6233332, frameRateOverrides=[{uid=10277 frameRateHz=120.00002}, {uid=10319 frameRateHz=120.00002}]
04-21 20:37:16.723  1508  3378 W PresentationStatsEventLogger: Shouldn't be logging AutofillPresentationEventReported again for same event
04-21 20:37:16.729  1508  2316 D BackgroundInstallControlService: Package event received: 0
04-21 20:37:17.205  1508  1866 I DisplayDeviceRepository: Display device changed render timings: "Built-in Screen", renderFrameRate=120.00002, presentationDeadlineNanos=11499999, appVsyncOffsetNanos=6233332, frameRateOverrides=[{uid=10319 frameRateHz=120.00002}]
04-21 20:37:17.742  1508  3378 I AS.FadeOutManager: unfadeOutUid() uid:10319
04-21 20:37:17.750  1508  2141 W PackageConfigPersister: App-specific configuration not found for packageName: com.whatsapp and userId: 0
04-21 20:37:17.809  1508  2141 E AppOps  : attributionTag  not declared in manifest of com.whatsapp
04-21 20:37:17.809  1508  4938 E AppOps  : attributionTag  not declared in manifest of com.whatsapp
04-21 20:37:17.835  4318  4778 I AlwaysOnHotwordDetector: onRejected
04-21 20:37:17.836  4318  4922 I AlwaysOnHotwordDetector: handle message 6
04-21 20:37:17.855  1508  2501 V SoundTriggerHelper: startRecognition
04-21 20:37:17.856  1508  2501 V SoundTriggerHelper: isRecognitionAllowed
04-21 20:37:17.856  1508  2501 V SoundTriggerHelper: deviceState: ENABLE
04-21 20:37:17.856  1508  2501 V SoundTriggerHelper: updateRecognitionLocked
04-21 20:37:17.856  1508  2501 V SoundTriggerHelper: isRecognitionAllowed
04-21 20:37:17.856  1508  2501 V SoundTriggerHelper: deviceState: ENABLE
04-21 20:37:17.856  1508  2501 V SoundTriggerHelper: prepareForRecognition
04-21 20:37:17.856  1508  2501 V SoundTriggerHelper: startRecognitionLocked
04-21 20:37:17.856  1508  2501 V SoundTriggerHelper: isRecognitionAllowed
04-21 20:37:17.856  1508  2501 V SoundTriggerHelper: deviceState: ENABLE
04-21 20:37:17.858  1508  2501 I SoundTriggerMiddlewareLogging: START_RECOGNITION (1, RecognitionConfig{captureRequested: true, phraseRecognitionExtras: [PhraseRecognitionExtra{id: 101, recognitionModes: 1, confidenceLevel: 0, levels: []}], audioCapabilities: 0, data: []}) -> android.os.Binder@af3f0e
04-21 20:37:17.858  1508  2501 I SoundTriggerHelper: startRecognition successful.
04-21 20:37:17.893  1508  2501 E AppOps  : attributionTag  not declared in manifest of com.whatsapp
04-21 20:37:17.894  1508  2141 E AppOps  : attributionTag  not declared in manifest of com.whatsapp
04-21 20:37:17.935 29791 29791 D InsetsController: hide(ime())
04-21 20:37:18.049  1508  1866 I DisplayDeviceRepository: Display device changed render timings: "Built-in Screen", renderFrameRate=120.00002, presentationDeadlineNanos=11499999, appVsyncOffsetNanos=6233332, frameRateOverrides=[{uid=10277 frameRateHz=60.00001}, {uid=10319 frameRateHz=120.00002}]
04-21 20:37:18.809  1508  1866 I DisplayDeviceRepository: Display device changed render timings: "Built-in Screen", renderFrameRate=120.00002, presentationDeadlineNanos=11499999, appVsyncOffsetNanos=6233332, frameRateOverrides=[{uid=10319 frameRateHz=120.00002}]
04-21 20:37:19.794  1508  1888 D ActivityManager: sync unfroze 19776 com.google.android.gm for 3
04-21 20:37:19.799  1508  1888 D ActivityManager: sync unfroze 6446 com.android.chrome for 3
04-21 20:37:19.801  1508  1888 D ActivityManager: sync unfroze 19997 com.google.android.webview:sandboxed_process0:org.chromium.content.app.SandboxedProcessService0:0 for 3
04-21 20:37:19.803  1508  1888 D ActivityManager: sync unfroze 6585 com.android.chrome:sandboxed_process0:org.chromium.content.app.SandboxedProcessService0:0 for 3
04-21 20:37:19.806  1508  1888 D ActivityManager: sync unfroze 28908 com.android.chrome:sandboxed_process0:org.chromium.content.app.SandboxedProcessService0:15 for 3
04-21 20:37:19.808  1508  1888 D ActivityManager: sync unfroze 6512 com.android.chrome:privileged_process0 for 3
04-21 20:37:19.811  1508  1888 D ActivityManager: sync unfroze 14706 com.android.chrome:sandboxed_process0:org.chromium.content.app.SandboxedProcessService0:12 for 3
04-21 20:37:19.891  1508  2316 D BackgroundInstallControlService: Package event received: 0
04-21 20:37:19.977  1508  2316 D BackgroundInstallControlService: Package event received: 0
04-21 20:37:19.987  1508  2316 D BackgroundInstallControlService: Package event received: 0
04-21 20:37:20.009  1508  3628 W JobScheduler: Job didn't exist in JobStore: aca81b2 #u0a167/-205649338 com.google.android.as.oss/com.google.android.gms.learning.internal.training.InAppJobService
04-21 20:37:20.015  1508  3628 W JobScheduler: Job didn't exist in JobStore: b5e65b1 #u0a167/-2127835104 com.google.android.as.oss/com.google.android.gms.learning.internal.training.InAppJobService
04-21 20:37:21.970  1508  1866 I DisplayDeviceRepository: Display device changed render timings: "Built-in Screen", renderFrameRate=120.00002, presentationDeadlineNanos=11499999, appVsyncOffsetNanos=6233332, frameRateOverrides=[]
04-21 20:37:21.980  1508  1866 I DisplayDeviceRepository: Display device changed render timings: "Built-in Screen", renderFrameRate=120.00002, presentationDeadlineNanos=11499999, appVsyncOffsetNanos=6233332, frameRateOverrides=[{uid=10319 frameRateHz=60.00001}]
04-21 20:37:22.013  1508  2316 D BackgroundInstallControlService: Package event received: 0
04-21 20:37:22.013  1508  2316 D BackgroundInstallControlService: Package event received: 0
04-21 20:37:22.283  1508  1866 I DisplayDeviceRepository: Display device changed render timings: "Built-in Screen", renderFrameRate=60.00001, presentationDeadlineNanos=11500000, appVsyncOffsetNanos=6233328, frameRateOverrides=[{uid=10319 frameRateHz=60.00001}]
04-21 20:37:22.289  1508  1864 D WindowManager: DeferredDisplayUpdater: partially applying DisplayInfo(960 x 2142) immediately
04-21 20:37:22.913  1508  1914 I DisplayPowerController[0]: BrightnessEvent: brt=0.0478249(65.0%), nits=99.83575, lux=51.399914, reason=automatic, strat=AutomaticBrightnessStrategy, state=ON, stateReason=DEFAULT_POLICY, policy=BRIGHT, flags=, initBrt=0.0461665, rcmdBrt=0.0478249, preBrt=0.0461665, preLux=27.598434, lastReadLux=51.399914, wasShortTermModelActive=false, autoBrightness=true (default), unclampedBrt=0.0478249, hbmMax=0.2922917, hbmMode=off, thrmMax=1.0, rbcStrength=35, powerFactor=1.0, physDisp=Built-in Screen(local:4619827359057144832), logicalId=0, slowChange=true, rampSpeed=0.05
04-21 20:37:24.000  2547  2547 V AdaptiveHaptics: Vice: received message MESSAGE_TYPE_CONTEXT_UPDATE
04-21 20:37:24.003  2547  2547 I AdaptiveHaptics: Skip for same intensity INTENSITY_MEDIUM
04-21 20:37:24.003  2547  2547 I AdaptiveHaptics: State updated : Intensity : INTENSITY_MEDIUM
04-21 20:37:24.003  2547  2547 I AdaptiveHaptics:     Vice: 
04-21 20:37:24.003  2547  2547 I AdaptiveHaptics:       Capo: IN_MOTION
04-21 20:37:24.003  2547  2547 I AdaptiveHaptics:       AmbientVolume: QUIET
04-21 20:37:24.003  2547  2547 I AdaptiveHaptics:       AmbientLight: DARK
04-21 20:37:24.003  2547  2547 I AdaptiveHaptics:       Pocket: NOT_IN_POCKET
04-21 20:37:24.643  1508  1866 I DisplayDeviceRepository: Display device changed render timings: "Built-in Screen", renderFrameRate=120.00002, presentationDeadlineNanos=11499999, appVsyncOffsetNanos=6233332, frameRateOverrides=[]
04-21 20:37:24.650  1508  1864 D WindowManager: DeferredDisplayUpdater: partially applying DisplayInfo(960 x 2142) immediately
04-21 20:37:24.931  1508  3628 W AutofillManagerServiceImpl: logViewEntered(): not logging event because history is null
04-21 20:37:24.933  1508  3628 W PresentationStatsEventLogger: Empty dataset. Autofill ignoring log
04-21 20:37:24.933  1508  3628 D PresentationStatsEventLogger: Started new PresentationStatsEvent
04-21 20:37:24.939  1508  1866 I DisplayDeviceRepository: Display device changed render timings: "Built-in Screen", renderFrameRate=120.00002, presentationDeadlineNanos=11499999, appVsyncOffsetNanos=6233332, frameRateOverrides=[{uid=10277 frameRateHz=60.00001}]
04-21 20:37:24.943  1508  1866 I DisplayDeviceRepository: Display device changed render timings: "Built-in Screen", renderFrameRate=120.00002, presentationDeadlineNanos=11499999, appVsyncOffsetNanos=6233332, frameRateOverrides=[]
04-21 20:37:24.945  1508  1866 I DisplayDeviceRepository: Display device changed render timings: "Built-in Screen", renderFrameRate=120.00002, presentationDeadlineNanos=11499999, appVsyncOffsetNanos=6233332, frameRateOverrides=[{uid=10277 frameRateHz=60.00001}]
04-21 20:37:24.949  1508  3628 D AutofillSession: createPendingIntent for request 2010
04-21 20:37:24.957  1508  2138 W PackageConfigPersister: App-specific configuration not found for packageName: com.whatsapp and userId: 0
04-21 20:37:24.959  1508  2316 D BackgroundInstallControlService: Package event received: 0
04-21 20:37:25.000  1508  3378 E AppOps  : attributionTag  not declared in manifest of com.whatsapp
04-21 20:37:25.000  1508  3378 E AppOps  : attributionTag  not declared in manifest of com.whatsapp
04-21 20:37:25.009  2547  2547 V AdaptiveHaptics: Vice: received message MESSAGE_TYPE_CONTEXT_UPDATE
04-21 20:37:25.010  2547  2547 I AdaptiveHaptics: Skip for same intensity INTENSITY_MEDIUM
04-21 20:37:25.010  2547  2547 I AdaptiveHaptics: State updated : Intensity : INTENSITY_MEDIUM
04-21 20:37:25.010  2547  2547 I AdaptiveHaptics:     Vice: 
04-21 20:37:25.010  2547  2547 I AdaptiveHaptics:       Capo: IN_MOTION
04-21 20:37:25.010  2547  2547 I AdaptiveHaptics:       AmbientVolume: QUIET
04-21 20:37:25.010  2547  2547 I AdaptiveHaptics:       AmbientLight: BRIGHT
04-21 20:37:25.010  2547  2547 I AdaptiveHaptics:       Pocket: NOT_IN_POCKET
04-21 20:37:25.058  1508  2316 D BackgroundInstallControlService: Package event received: 0
04-21 20:37:25.064 29791 10738 E ActivityThread: Failed to find provider info for com.facebook.stella.assistant.deviceconnectionstate
04-21 20:37:25.065 29791 10738 E ActivityThread: Failed to find provider info for com.facebook.stella_debug.assistant.deviceconnectionstate
04-21 20:37:25.299  1508  3628 E AppOps  : attributionTag  not declared in manifest of com.whatsapp
04-21 20:37:25.305  1508  2138 E AppOps  : attributionTag  not declared in manifest of com.whatsapp
04-21 20:37:25.687  1508  1866 I DisplayDeviceRepository: Display device changed render timings: "Built-in Screen", renderFrameRate=120.00002, presentationDeadlineNanos=11499999, appVsyncOffsetNanos=6233332, frameRateOverrides=[]
04-21 20:37:25.904  1508  2501 E AppOps  : attributionTag  not declared in manifest of com.whatsapp
04-21 20:37:25.905  1508  2501 E AppOps  : attributionTag  not declared in manifest of com.whatsapp
04-21 20:37:25.918  1508  3378 D CoreBackPreview: startBackNavigation currentTask=Task{d826587 #2426 type=standard A=10319:com.whatsapp}, topRunningActivity=ActivityRecord{139172618 u0 com.whatsapp/.Conversation t2426}, callbackInfo=OnBackInvokedCallbackInfo{mCallback=android.window.IOnBackInvokedCallback$Stub$Proxy@27da82d, mPriority=0, mIsAnimationCallback=false, mOverrideBehavior=0}, currentFocus=Window{3905dd6 u0 com.whatsapp/com.whatsapp.Conversation}, embedded=false
04-21 20:37:25.919  2379  2417 D ShellBackPreview: Received backNavigationInfo:BackNavigationInfo{mType=TYPE_CALLBACK (4), mOnBackNavigationDone=android.os.RemoteCallback@ec77135, mOnBackInvokedCallback=android.window.IOnBackInvokedCallback$Stub$Proxy@36789ca, mPrepareRemoteAnimation=false, mAnimationCallback=false, mCustomizeAnimationInfo=null}
04-21 20:37:25.923  1508  2501 E AppOps  : attributionTag  not declared in manifest of com.whatsapp
04-21 20:37:25.924  1508  2482 E AppOps  : attributionTag  not declared in manifest of com.whatsapp
04-21 20:37:25.928  1508  3378 D InputManagerService: pilferPointers
04-21 20:37:25.969  1508  1866 I DisplayDeviceRepository: Display device changed render timings: "Built-in Screen", renderFrameRate=120.00002, presentationDeadlineNanos=11499999, appVsyncOffsetNanos=6233332, frameRateOverrides=[{uid=10277 frameRateHz=120.00002}]
04-21 20:37:25.990  2379  2417 D ShellBackPreview: Finishing gesture with event action: 1
04-21 20:37:25.990  2379  2417 D ShellBackPreview: onGestureFinished() mTriggerBack == true
04-21 20:37:25.990  2379  2417 D ShellBackPreview: Trigger back without dispatching to animator.
04-21 20:37:25.991  2379  2417 D ShellBackPreview: BackAnimationController: finishBackNavigation()
04-21 20:37:25.991  1508  2138 D CoreBackPreview: onBackNavigationDone backType=4, triggerBack=true
04-21 20:37:25.998  2379  2417 V WindowManagerShell: Transition requested (#3090): android.os.BinderProxy@2213c17 TransitionRequestInfo { type = CLOSE, triggerTask = null, pipChange = null, remoteTransitionInfo = null, displayChange = null, requestedLocation = null, userChange = null, windowingLayerChange = null, fullscreenRequestChange = null, flags = 0, debugId = 3090 }
04-21 20:37:25.998  2379  2417 V ShellDesktopMode: DesktopTasksController: skipping handleRequest reason=triggerTask is null
04-21 20:37:26.004  1508  2316 D BackgroundInstallControlService: Package event received: 0
04-21 20:37:26.006  1508  1866 I DisplayDeviceRepository: Display device changed render timings: "Built-in Screen", renderFrameRate=120.00002, presentationDeadlineNanos=11499999, appVsyncOffsetNanos=6233332, frameRateOverrides=[{uid=10276 frameRateHz=120.00002}, {uid=10277 frameRateHz=120.00002}, {uid=10319 frameRateHz=120.00002}]
04-21 20:37:26.009  1508  2316 D BackgroundInstallControlService: Package event received: 0
04-21 20:37:26.009  1508  2316 D BackgroundInstallControlService: Package event received: 0
04-21 20:37:26.068  1508  1863 V WindowManager: Sent Transition (#3090) createdAt=04-21 20:37:25.997 via request=TransitionRequestInfo { type = CLOSE, triggerTask = null, pipChange = null, remoteTransitionInfo = null, displayChange = null, requestedLocation = null, userChange = null, windowingLayerChange = null, fullscreenRequestChange = null, flags = 0, debugId = 3090 }
04-21 20:37:26.068  1508  1863 V WindowManager:     startWCT=WindowContainerTransaction { changes= {} hops= [] flags= 0 errorCallbackToken=null taskFragmentOrganizer=null }
04-21 20:37:26.068  1508  1863 V WindowManager:     info={id=3090 t=CLOSE f=0x0 trk=0 r=[0@Point(0, 0)] c=[
04-21 20:37:26.068  1508  1863 V WindowManager:         {m=CLOSE f=FILLS_TASK leash=Surface(name=ActivityRecord{139172618 u0 com.whatsapp/.Conversation t2426}#36605)/@0x2afb4f sb=Rect(0, 0 - 960, 2142) eb=Rect(0, 0 - 960, 2142) epz=Point(960, 2142) d=0 bc=ff303030 activity=ActivityTransitionInfo { component = ComponentInfo{com.whatsapp/com.whatsapp.Conversation}, taskId = 2426, appCompatTransitionInfo = null } opt={t=FROM_STYLE mUserId=0}},
04-21 20:37:26.068  1508  1863 V WindowManager:         {m=TO_FRONT f=FILLS_TASK leash=Surface(name=ActivityRecord{78356934 u0 com.whatsapp/.home.ui.HomeActivity t2426}#32562)/@0xaa2a188 sb=Rect(0, 0 - 960, 2142) eb=Rect(0, 0 - 960, 2142) epz=Point(960, 2142) d=0 bc=ff303030 activity=ActivityTransitionInfo { component = ComponentInfo{com.whatsapp/com.whatsapp.home.ui.HomeActivity}, taskId = 2426, appCompatTransitionInfo = null } opt={t=FROM_STYLE mUserId=0}}
04-21 20:37:26.068  1508  1863 V WindowManager:     ]}
04-21 20:37:26.074  2379  3274 V WindowManagerShell: onTransitionReady(transaction=6476811147178)
04-21 20:37:26.075  2379  2417 V WindowManagerShell: onTransitionReady (#3090) android.os.BinderProxy@2213c17: {id=3090 t=CLOSE f=0x0 trk=0 r=[0@Point(0, 0)] c=[
04-21 20:37:26.075  2379  2417 V WindowManagerShell:         {m=CLOSE f=FILLS_TASK leash=Surface(name=ActivityRecord{139172618 u0 com.whatsapp/.Conversation t2426}#36605)/@0x93fc804 sb=Rect(0, 0 - 960, 2142) eb=Rect(0, 0 - 960, 2142) epz=Point(960, 2142) d=0 bc=ff303030 activity=ActivityTransitionInfo { component = ComponentInfo{com.whatsapp/com.whatsapp.Conversation}, taskId = 2426, appCompatTransitionInfo = null } opt={t=FROM_STYLE mUserId=0}},
04-21 20:37:26.075  2379  2417 V WindowManagerShell:         {m=TO_FRONT f=FILLS_TASK leash=Surface(name=ActivityRecord{78356934 u0 com.whatsapp/.home.ui.HomeActivity t2426}#32562)/@0x63191ed sb=Rect(0, 0 - 960, 2142) eb=Rect(0, 0 - 960, 2142) epz=Point(960, 2142) d=0 bc=ff303030 activity=ActivityTransitionInfo { component = ComponentInfo{com.whatsapp/com.whatsapp.home.ui.HomeActivity}, taskId = 2426, appCompatTransitionInfo = null } opt={t=FROM_STYLE mUserId=0}}
04-21 20:37:26.075  2379  2417 V WindowManagerShell:     ]}
04-21 20:37:26.075  2379  2417 V ShellDesktopMode: DesktopModeLogger: taskInfo map after processing changes 0
04-21 20:37:26.075  2379  2417 V WindowManagerShell: Playing animation for (#3090) android.os.BinderProxy@2213c17@0
04-21 20:37:26.075  2379  2417 D ShellSplitScreen: startAnimation: transition=3090 isSplitActive=false
04-21 20:37:26.075  2379  2417 V ShellRecents: RecentsTransitionHandler.startAnimation: no controller found
04-21 20:37:26.075  2379  2417 V ShellDesktopMode: DesktopMixedTransitionHandler: No pending desktop transition
04-21 20:37:26.075  2379  2417 V WindowManagerShell: Transition doesn't have explicit remote, search filters for match for {id=3090 t=CLOSE f=0x0 trk=0 r=[0@Point(0, 0)] c=[{m=CLOSE f=FILLS_TASK leash=Surface(name=ActivityRecord{139172618 u0 com.whatsapp/.Conversation t2426}#36605)/@0x93fc804 sb=Rect(0, 0 - 960, 2142) eb=Rect(0, 0 - 960, 2142) epz=Point(960, 2142) d=0 bc=ff303030 activity=ActivityTransitionInfo { component = ComponentInfo{com.whatsapp/com.whatsapp.Conversation}, taskId = 2426, appCompatTransitionInfo = null } opt={t=FROM_STYLE mUserId=0}},{m=TO_FRONT f=FILLS_TASK leash=Surface(name=ActivityRecord{78356934 u0 com.whatsapp/.home.ui.HomeActivity t2426}#32562)/@0x63191ed sb=Rect(0, 0 - 960, 2142) eb=Rect(0, 0 - 960, 2142) epz=Point(960, 2142) d=0 bc=ff303030 activity=ActivityTransitionInfo { component = ComponentInfo{com.whatsapp/com.whatsapp.home.ui.HomeActivity}, taskId = 2426, appCompatTransitionInfo = null } opt={t=FROM_STYLE mUserId=0}}]}
04-21 20:37:26.075  2379  2417 V WindowManagerShell:  Checking filter Pair{{types=[] flags=0x0] notFlags=0x0 checks=[{atype=undefined independent=true modes=[CLOSE,TO_BACK] flags=IN_TASK_WITH_EMBEDDED_ACTIVITY mustBeTask=false order=ANY topActivity=null launchCookie=null taskFragmentToken=android.os.BinderProxy@f423f34 windowingMode=undefined isCrossDisplayMove=false}]} RemoteTransition { remoteTransition = android.window.IRemoteTransition$Stub$Proxy@4aef15d, appThread = android.app.IApplicationThread$Stub$Proxy@6f54ad2, debugName = overlayBackTransition, filter = null }}
04-21 20:37:26.076  2379  2417 V WindowManagerShell:  Checking filter Pair{{types=[] flags=0x0] notFlags=0x0 checks=[{atype=dream independent=true modes=[OPEN,TO_FRONT] flags=NONE mustBeTask=false order=ANY topActivity=null launchCookie=null windowingMode=undefined isCrossDisplayMove=false},{atype=home independent=true modes=[CLOSE,TO_BACK] flags=NONE mustBeTask=false order=ANY topActivity=null launchCookie=null windowingMode=undefined isCrossDisplayMove=false}]} RemoteTransition { remoteTransition = android.window.IRemoteTransition$Stub$Proxy@3a907a3, appThread = android.app.IApplicationThread$Stub$Proxy@a5e1aa0, debugName = LauncherToDream, filter = null }}
04-21 20:37:26.076  2379  2417 V WindowManagerShell:  Checking filter Pair{{types=[] flags=0x0] notFlags=0x0 checks=[{atype=standard independent=false modes=[CHANGE] flags=NONE mustBeTask=true order=ANY topActivity=null launchCookie=null windowingMode=undefined isCrossDisplayMove=true}]} RemoteTransition { remoteTransition = android.window.IRemoteTransition$Stub$Proxy@dee4659, appThread = android.app.IApplicationThread$Stub$Proxy@9b9421e, debugName = QuickstepDisplayMove, filter = null }}
04-21 20:37:26.076  2379  2417 V WindowManagerShell:  Checking filter Pair{{types=[] flags=0x0] notFlags=0x100 checks=[{atype=home independent=true modes=[OPEN,TO_FRONT] flags=NONE mustBeTask=false order=ANY topActivity=ComponentInfo{com.google.android.apps.nexuslauncher/com.google.android.apps.nexuslauncher.NexusLauncherActivity} launchCookie=null windowingMode=undefined isCrossDisplayMove=false},{atype=standard independent=true modes=[CLOSE,TO_BACK] flags=NONE mustBeTask=false order=ANY topActivity=null launchCookie=null windowingMode=undefined isCrossDisplayMove=false},{NOT atype=undefined independent=true modes=[] flags=NONE mustBeTask=true order=ANY topActivity=null launchCookie=null customAnim=true windowingMode=undefined isCrossDisplayMove=false}]} RemoteTransition { remoteTransition = android.window.IRemoteTransition$Stub$Proxy@73a7aff, appThread = android.app.IApplicationThread$Stub$Proxy@59a40cc, debugName = QuickstepLaunchHome, filter = null }}
04-21 20:37:26.076  2379  2417 V WindowManagerShell:  Checking filter Pair{{types=[OPEN,TO_FRONT] flags=0x0] notFlags=0x0 checks=[{atype=standard independent=true modes=[OPEN,TO_FRONT] flags=NONE mustBeTask=true order=ANY topActivity=null launchCookie=null windowingMode=freeform isCrossDisplayMove=false}]} RemoteTransition { remoteTransition = android.window.IRemoteTransition$Stub$Proxy@9b44258, appThread = null, debugName = DesktopWindowLimitUnminimize, filter = null }}
04-21 20:37:26.076  2379  2417 V WindowManagerShell:  Delegate animation for (#3090) to null
04-21 20:37:26.076  2379  2417 V WindowManagerShell: start default transition animation, info = {id=3090 t=CLOSE f=0x0 trk=0 r=[0@Point(0, 0)] c=[{m=CLOSE f=FILLS_TASK leash=Surface(name=ActivityRecord{139172618 u0 com.whatsapp/.Conversation t2426}#36605)/@0x93fc804 sb=Rect(0, 0 - 960, 2142) eb=Rect(0, 0 - 960, 2142) epz=Point(960, 2142) d=0 bc=ff303030 activity=ActivityTransitionInfo { component = ComponentInfo{com.whatsapp/com.whatsapp.Conversation}, taskId = 2426, appCompatTransitionInfo = null } opt={t=FROM_STYLE mUserId=0}},{m=TO_FRONT f=FILLS_TASK leash=Surface(name=ActivityRecord{78356934 u0 com.whatsapp/.home.ui.HomeActivity t2426}#32562)/@0x63191ed sb=Rect(0, 0 - 960, 2142) eb=Rect(0, 0 - 960, 2142) epz=Point(960, 2142) d=0 bc=ff303030 activity=ActivityTransitionInfo { component = ComponentInfo{com.whatsapp/com.whatsapp.home.ui.HomeActivity}, taskId = 2426, appCompatTransitionInfo = null } opt={t=FROM_STYLE mUserId=0}}]}
04-21 20:37:26.077  2379  2417 V WindowManagerShell: loadAnimation: anim=android.view.animation.AnimationSet@ff36070 animAttr=0x6 type=CLOSE isEntrance=true
04-21 20:37:26.078  2379  2417 V WindowManagerShell: loadAnimation: anim=android.view.animation.AnimationSet@d92046e animAttr=0x7 type=CLOSE isEntrance=false
04-21 20:37:26.079  2379  2417 V WindowManagerShell:  animated by com.android.wm.shell.transition.DefaultTransitionHandler@d0b2a16
04-21 20:37:26.111 29791 29791 D InsetsController: hide(ime())
04-21 20:37:26.121  1508  2482 W PackageConfigPersister: App-specific configuration not found for packageName: com.whatsapp and userId: 0
04-21 20:37:26.140  1508  1866 W ProcessStats: Tracking association SourceState{41db263 com.android.settings/1000 Service #324551} whose proc state 8 is better than process ProcessState{8a2b67a com.google.android.apps.wellbeing/10166 pkg=com.google.android.apps.wellbeing} proc state 15 (19 skipped)
04-21 20:37:26.209  1508  1885 W NotificationHistory: Attempted to remove conversation for locked/gone/disabled user 0
04-21 20:37:26.214  1508  3378 E ShortcutService: Invalid icon type in shortcut 84787184316558@lid. Bitmaps are not allowed in long-lived shortcuts. Use Resource icons, or Uri-based icons instead.
04-21 20:37:26.545  2379  2417 V WindowManagerShell: Transition animation finished (aborted=false), notifying core (#3090) android.os.BinderProxy@2213c17@0
04-21 20:37:26.562  2379  2417 V WindowManagerShell: Track 0 became idle
04-21 20:37:26.562  2379  2417 V WindowManagerShell: All active transition animations finished
04-21 20:37:26.565  1508  1863 V WindowManager: Finish Transition (#3090): created at 04-21 20:37:25.997 collect-started=0.04ms request-sent=0.067ms started=3.439ms ready=10.096ms sent=68.662ms commit=22.175ms finished=560.748ms
04-21 20:37:26.570  1508  1866 I DisplayDeviceRepository: Display device changed render timings: "Built-in Screen", renderFrameRate=120.00002, presentationDeadlineNanos=11499999, appVsyncOffsetNanos=6233332, frameRateOverrides=[{uid=10319 frameRateHz=120.00002}]
04-21 20:37:26.582  1508  3628 D PresentationStatsEventLogger: Not setting no presentation reason because it already exists
04-21 20:37:26.582  1508  3628 W PresentationStatsEventLogger: Empty dataset. Autofill ignoring log
04-21 20:37:26.585  1508  3628 W FillRequestEventLogger: Shouldn't be logging AutofillFillRequestReported again for same event
04-21 20:37:26.585  1508  3628 W FillResponseEventLogger: Shouldn't be logging AutofillFillRequestReported again for same event
04-21 20:37:26.586  1508  3628 W PresentationStatsEventLogger: Shouldn't be logging AutofillPresentationEventReported again for same event
04-21 20:37:26.586  1508  3628 D AutofillSession: clearPendingIntentLocked
04-21 20:37:26.588  1508  3628 D CoreBackPreview: Window{3905dd6 u0 com.whatsapp/com.whatsapp.Conversation}: Setting back callback null
04-21 20:37:26.594  1508  2316 D BackgroundInstallControlService: Package event received: 0
04-21 20:37:26.597  1508  2316 D BackgroundInstallControlService: Package event received: 0
04-21 20:37:26.996  2547  2547 V AdaptiveHaptics: Vice: received message MESSAGE_TYPE_CONTEXT_UPDATE
04-21 20:37:26.997  2547  2547 I AdaptiveHaptics: Skip for same intensity INTENSITY_MEDIUM
04-21 20:37:26.998  2547  2547 I AdaptiveHaptics: State updated : Intensity : INTENSITY_MEDIUM
04-21 20:37:26.998  2547  2547 I AdaptiveHaptics:     Vice: 
04-21 20:37:26.998  2547  2547 I AdaptiveHaptics:       Capo: IN_MOTION
04-21 20:37:26.998  2547  2547 I AdaptiveHaptics:       AmbientVolume: QUIET
04-21 20:37:26.998  2547  2547 I AdaptiveHaptics:       AmbientLight: DARK
04-21 20:37:26.998  2547  2547 I AdaptiveHaptics:       Pocket: NOT_IN_POCKET
04-21 20:37:27.196  1508  2189 D ActivityManager: freezing 29640 android.process.acore
04-21 20:37:28.307  1508  1864 D WindowManager: powerPress: eventTime=96409626 interactive=true count=1 mShortPressOnPowerBehavior=7
04-21 20:37:28.309  1508  1864 I PowerGroup: Powering off display group due to power_button (groupId= 0, uid= 1000, millisSinceLastUserActivity=2066, lastUserActivityEvent=touch)...
04-21 20:37:28.311  1508  1864 I PowerManagerService: Going to sleep due to power_button (uid 1000, screenOffTimeout=60000, activityTimeoutWM=-1, maxDimRatio=0.20000005, maxDimDur=7000)...
04-21 20:37:28.318  1508  2138 D BiometricUtils: isEncrypted: false isLockdown: false
04-21 20:37:28.319  1508  2316 D BackgroundInstallControlService: Package event received: 0
04-21 20:37:28.319  1508  2303 D BiometricScheduler: [Added] {[1180] com.android.server.biometrics.sensors.fingerprint.aidl.FingerprintAuthenticationClient, proto=3, owner=com.android.systemui, cookie=0, requestId=323, userId=0}, new queue size: 1
04-21 20:37:28.319  1508  2303 D BiometricScheduler: [Polled] {[1180] com.android.server.biometrics.sensors.fingerprint.aidl.FingerprintAuthenticationClient, proto=3, owner=com.android.systemui, cookie=0, requestId=323, userId=0}, State: 0
04-21 20:37:28.319  1508  2303 D GestureAvailabilityTracker: Notifying gesture availability, active=false
04-21 20:37:28.319  1508  2303 D BiometricScheduler: [Started] {[1180] com.android.server.biometrics.sensors.fingerprint.aidl.FingerprintAuthenticationClient, proto=3, owner=com.android.systemui, cookie=0, requestId=323, userId=0}
04-21 20:37:28.319  1508  2303 D BiometricStateCallback: State updated from 0 to 2, client {[1180] com.android.server.biometrics.sensors.fingerprint.aidl.FingerprintAuthenticationClient, proto=3, owner=com.android.systemui, cookie=0, requestId=323, userId=0}
04-21 20:37:28.320  1508  2303 D AuthenticationClient: Requesting auth for com.android.systemui
04-21 20:37:28.325  1508  2303 V ALSProbe: Enable ALS: 151485460
04-21 20:37:28.326  1508  2303 V BiometricSchedulerOperation: started: {[1180] com.android.server.biometrics.sensors.fingerprint.aidl.FingerprintAuthenticationClient, proto=3, owner=com.android.systemui, cookie=0, requestId=323, userId=0}, State: 2
04-21 20:37:28.350  1508  2303 D FingerprintProvider/default: setIgnoreDisplayTouches set to false
04-21 20:37:28.361  1508  2303 V ALSProbe: Disable ALS: 151485460
04-21 20:37:28.366  1508  1866 I DisplayDeviceRepository: Display device changed render timings: "Built-in Screen", renderFrameRate=120.00001, presentationDeadlineNanos=11500000, appVsyncOffsetNanos=6233332, frameRateOverrides=[]
04-21 20:37:28.368  1508  1864 D WindowManager: DeferredDisplayUpdater: partially applying DisplayInfo(960 x 2142) immediately
04-21 20:37:28.370  1508  1866 I DisplayDeviceRepository: Display device changed render timings: "Built-in Screen", renderFrameRate=120.00001, presentationDeadlineNanos=11500000, appVsyncOffsetNanos=6233332, frameRateOverrides=[{uid=10319 frameRateHz=120.00001}]
04-21 20:37:28.400  1508  1914 I DisplayPowerController[0]: BrightnessEvent: brt=0.0478249(65.0%), nits=99.83575, lux=51.399914, reason=automatic, strat=AutomaticBrightnessStrategy, state=ON, stateReason=DEFAULT_POLICY, policy=OFF, flags=, initBrt=0.0478249, rcmdBrt=0.0478249, preBrt=0.0461665, preLux=27.598434, lastReadLux=19.565706, wasShortTermModelActive=false, autoBrightness=true (default), unclampedBrt=0.0478249, hbmMax=0.2922917, hbmMode=off, thrmMax=1.0, rbcStrength=35, powerFactor=1.0, physDisp=Built-in Screen(local:4619827359057144832), logicalId=0, slowChange=true, rampSpeed=0.0
04-21 20:37:28.809  1508  1914 I DisplayPowerController[0]: Blocking screen off
04-21 20:37:28.809  1508  1914 D WindowManager: Add SleepToken: tag=Display-off, displayId=0
04-21 20:37:28.810  1508  1914 D ActivityTaskManager: Top Process State changed to PROCESS_STATE_TOP_SLEEPING
04-21 20:37:28.813  1508  1914 I DisplayPowerController[0]: Unblocked screen off after 4 ms
04-21 20:37:28.827  1508  2316 D BackgroundInstallControlService: Package event received: 0
04-21 20:37:28.833  1508  1866 I DisplayDeviceRepository: Display device changed render timings: "Built-in Screen", renderFrameRate=120.00001, presentationDeadlineNanos=11500000, appVsyncOffsetNanos=6233332, frameRateOverrides=[]
04-21 20:37:28.837  1508  1863 D HintManagerService: Sent cleanup message for uid 10319
04-21 20:37:28.842  1508  1914 I DisplayBrightnessStrategySelector: Changing the DisplayBrightnessStrategy from AutomaticBrightnessStrategy to ScreenOffBrightnessStrategy for display 0
04-21 20:37:28.843  1508  1914 V DisplayPowerController[0]: Brightness [0.0] reason changing to: 'screen_off', previous reason: 'automatic'.
04-21 20:37:28.843  1508  1914 I DisplayPowerController[0]: BrightnessEvent: brt=0.0(0.0%), nits=2.0, lux=-1.0, reason=screen_off, strat=ScreenOffBrightnessStrategy, state=OFF, stateReason=DEFAULT_POLICY, policy=OFF, flags=, initBrt=0.0478249, rcmdBrt=NaN, preBrt=NaN, preLux=0.0, wasShortTermModelActive=false, autoBrightness=true (default), unclampedBrt=-1.0, hbmMax=0.61, hbmMode=off, thrmMax=1.0, rbcStrength=35, powerFactor=1.0, physDisp=Built-in Screen(local:4619827359057144832), logicalId=0, slowChange=false, rampSpeed=0.0
04-21 20:37:28.845  1508  1866 I DisplayDeviceRepository: Display device changed state: "Built-in Screen", OFF
04-21 20:37:28.845  1508  1914 I PowerGroup: dreamManagerAttemptedDozing status changed to true for group 0
04-21 20:37:28.846  1508  1914 I DreamManagerService: Entering dreamland.
04-21 20:37:28.847  1508  1864 D WindowManager: DeferredDisplayUpdater: partially applying DisplayInfo(960 x 2142) immediately
04-21 20:37:28.847  1508  1914 I PowerManagerService: Dozing...
04-21 20:37:28.847  1508  1914 D BrightnessThermalClamper: Thermal status observer already started
04-21 20:37:28.848  1508  1864 I DisplayDevice: [0] Layerstack set to -1 for local:4619827359057144832
04-21 20:37:28.854  1508  1863 I DreamController: Starting dream: name=ComponentInfo{com.android.systemui/com.android.systemui.doze.DozeService}, isPreviewMode=false, canDoze=true, userId=0, reason='power manager request'
04-21 20:37:28.857  2379  2417 V ShellDesktopMode: DesktopDisplayModeController: canDesktopFirstModeBeEnabledOnDefaultDisplay: isDefaultDisplayDesktopEligible=false
04-21 20:37:28.860  1508  2316 D BackgroundInstallControlService: Package event received: 0
04-21 20:37:28.877  1508  2146 D ActivityManager: sync unfroze 8990 com.google.android.apps.photos for 6
04-21 20:37:28.892  2379  2379 D InsetsController: Setting requestedVisibleTypes to 501 (was 503)
04-21 20:37:28.893  1508  4938 D WindowManager: Add SleepToken: tag=keyguard, displayId=0
04-21 20:37:28.895  1508  2138 W ActivityManager: Background start not allowed: service Intent { xflg=0x4 cmp=com.google.android.apps.photos/com.google.android.libraries.social.mediamonitor.BackgroundThreadNotifierIntentService (has extras) } to com.google.android.apps.photos/com.google.android.libraries.social.mediamonitor.BackgroundThreadNotifierIntentService from pid=8990 uid=10213 pkg=com.google.android.apps.photos startFg?=false
04-21 20:37:28.898  2379  2379 V DreamService[DozeService]: UpdateDoze mDozeScreenState=1 mDozeScreenBrightness=0.0
04-21 20:37:28.898  1508  2482 D DreamManagerService: Dream requested to start dozing: android.os.Binder@13ced5e, screenState=OFF, reason=UNKNOWN, screenBrightness=0.0, useNormalBrightnessForDoze=false
04-21 20:37:28.899  1508  1914 I DisplayPowerController[0]: BrightnessEvent: brt=0.0(0.0%), nits=2.0, lux=-1.0, reason=screen_off, strat=ScreenOffBrightnessStrategy, state=OFF, stateReason=UNKNOWN, policy=DOZE, flags=, initBrt=0.0, rcmdBrt=NaN, preBrt=NaN, preLux=0.0, wasShortTermModelActive=false, autoBrightness=true (default), unclampedBrt=-1.0, hbmMax=0.61, hbmMode=off, thrmMax=1.0, rbcStrength=35, powerFactor=1.0, physDisp=Built-in Screen(local:4619827359057144832), logicalId=0, slowChange=false, rampSpeed=0.0
04-21 20:37:28.902  1508  4938 W ActivityManager: Background start not allowed: service Intent { xflg=0x4 cmp=com.google.android.apps.photos/com.google.android.libraries.social.mediamonitor.BackgroundThreadNotifierIntentService (has extras) } to com.google.android.apps.photos/com.google.android.libraries.social.mediamonitor.BackgroundThreadNotifierIntentService from pid=8990 uid=10213 pkg=com.google.android.apps.photos startFg?=false
04-21 20:37:28.904  1508  2482 W ActivityManager: Background start not allowed: service Intent { xflg=0x4 cmp=com.google.android.apps.photos/com.google.android.libraries.social.mediamonitor.BackgroundThreadNotifierIntentService (has extras) } to com.google.android.apps.photos/com.google.android.libraries.social.mediamonitor.BackgroundThreadNotifierIntentService from pid=8990 uid=10213 pkg=com.google.android.apps.photos startFg?=false
04-21 20:37:28.913  1508  2141 W ActivityManager: Background start not allowed: service Intent { xflg=0x4 cmp=com.google.android.apps.photos/com.google.android.libraries.social.mediamonitor.BackgroundThreadNotifierIntentService (has extras) } to com.google.android.apps.photos/com.google.android.libraries.social.mediamonitor.BackgroundThreadNotifierIntentService from pid=8990 uid=10213 pkg=com.google.android.apps.photos startFg?=false
04-21 20:37:28.916  1508  2501 W ActivityManager: Background start not allowed: service Intent { xflg=0x4 cmp=com.google.android.apps.photos/com.google.android.libraries.social.mediamonitor.BackgroundThreadNotifierIntentService (has extras) } to com.google.android.apps.photos/com.google.android.libraries.social.mediamonitor.BackgroundThreadNotifierIntentService from pid=8990 uid=10213 pkg=com.google.android.apps.photos startFg?=false
04-21 20:37:28.921  1508  2501 W ActivityManager: Background start not allowed: service Intent { xflg=0x4 cmp=com.google.android.apps.photos/com.google.android.libraries.social.mediamonitor.BackgroundThreadNotifierIntentService (has extras) } to com.google.android.apps.photos/com.google.android.libraries.social.mediamonitor.BackgroundThreadNotifierIntentService from pid=8990 uid=10213 pkg=com.google.android.apps.photos startFg?=false
04-21 20:37:28.927  1508  2501 W ActivityManager: Background start not allowed: service Intent { xflg=0x4 cmp=com.google.android.apps.photos/com.google.android.libraries.social.mediamonitor.BackgroundThreadNotifierIntentService (has extras) } to com.google.android.apps.photos/com.google.android.libraries.social.mediamonitor.BackgroundThreadNotifierIntentService from pid=8990 uid=10213 pkg=com.google.android.apps.photos startFg?=false
04-21 20:37:28.931  1508  2501 W ActivityManager: Background start not allowed: service Intent { xflg=0x4 cmp=com.google.android.apps.photos/com.google.android.libraries.social.mediamonitor.BackgroundThreadNotifierIntentService (has extras) } to com.google.android.apps.photos/com.google.android.libraries.social.mediamonitor.BackgroundThreadNotifierIntentService from pid=8990 uid=10213 pkg=com.google.android.apps.photos startFg?=false
04-21 20:37:28.931  1508  2501 W ActivityManager: Background start not allowed: service Intent { xflg=0x4 cmp=com.google.android.apps.photos/com.google.android.libraries.social.mediamonitor.BackgroundThreadNotifierIntentService (has extras) } to com.google.android.apps.photos/com.google.android.libraries.social.mediamonitor.BackgroundThreadNotifierIntentService from pid=8990 uid=10213 pkg=com.google.android.apps.photos startFg?=false
04-21 20:37:28.932  1508  4938 W ActivityManager: Background start not allowed: service Intent { xflg=0x4 cmp=com.google.android.apps.photos/com.google.android.libraries.social.mediamonitor.BackgroundThreadNotifierIntentService (has extras) } to com.google.android.apps.photos/com.google.android.libraries.social.mediamonitor.BackgroundThreadNotifierIntentService from pid=8990 uid=10213 pkg=com.google.android.apps.photos startFg?=false
04-21 20:37:28.932  1508  4938 W ActivityManager: Background start not allowed: service Intent { xflg=0x4 cmp=com.google.android.apps.photos/com.google.android.libraries.social.mediamonitor.BackgroundThreadNotifierIntentService (has extras) } to com.google.android.apps.photos/com.google.android.libraries.social.mediamonitor.BackgroundThreadNotifierIntentService from pid=8990 uid=10213 pkg=com.google.android.apps.photos startFg?=false
04-21 20:37:28.935  1508  4938 W PresentationStatsEventLogger: Shouldn't be logging AutofillPresentationEventReported again for same event
04-21 20:37:28.949  1508  4938 W JobScheduler: Job didn't exist in JobStore: 2aad1b0 #u0a213/1034 com.google.android.apps.photos/com.google.android.libraries.social.mediamonitor.MediaMonitorJobSchedulerService
04-21 20:37:28.962  1508  2316 D BackgroundInstallControlService: Package event received: 0
04-21 20:37:28.967  1508  4938 D BiometricService: canAuthenticate: User=0, Caller=0, Authenticators=255
04-21 20:37:28.967  1508  4938 D BiometricService/PreAuthInfo: Package: com.android.systemui Sensor ID: 1 Modality: 8 User id: 0 Status: 1
04-21 20:37:28.968  1508  4938 D BiometricService/PreAuthInfo: Package: com.android.systemui Sensor ID: 37748992 Modality: 2 User id: 0 Status: 1
04-21 20:37:28.968  1508  4938 D BiometricService/PreAuthInfo: getCanAuthenticateInternal Modality: 10 AuthenticatorStatus: 1
04-21 20:37:28.968  1508  4938 D AuthService: canAuthenticate, userId: 0, callingUserId: 0, authenticators: 255, result: 0
04-21 20:37:28.968  1508  2501 W UriGrantsManagerService: No permission grants found for com.google.android.apps.photos
04-21 20:37:28.968  1508  2501 W UriGrantsManagerService: No permission grants found for com.google.android.apps.photos
04-21 20:37:28.980  1508  1866 I DisplayDeviceRepository: Display device changed render timings: "Built-in Screen", renderFrameRate=120.00001, presentationDeadlineNanos=11500000, appVsyncOffsetNanos=6233332, frameRateOverrides=[{uid=10277 frameRateHz=120.00001}]
04-21 20:37:28.985  1508  2340 I LocalDisplayAdapter: SF.setDisplayPowerMode took 140ms
04-21 20:37:28.987   933  2069 I Lyric   : face_authentication_controller.cc:69: FaceAuthPreAllocation Finished
04-21 20:37:28.988  1508  2482 D SystemServerTiming: getUserSwitchability-0
04-21 20:37:28.988  1508  2482 D SystemServerTiming: TM.isInCall
04-21 20:37:28.988  1508  2482 D SystemServerTiming: hasUserRestriction-DISALLOW_USER_SWITCH
04-21 20:37:28.988  1508  2482 D SystemServerTiming: getInt-ALLOW_USER_SWITCHING_WHEN_SYSTEM_USER_LOCKED
04-21 20:37:28.988  1508  2482 D SystemServerTiming: isUserUnlocked-USER_SYSTEM
04-21 20:37:28.989  1508  4938 D SystemServerTiming: getUserSwitchability-0
04-21 20:37:28.989  1508  4938 D SystemServerTiming: TM.isInCall
04-21 20:37:28.990  1508  4938 D SystemServerTiming: hasUserRestriction-DISALLOW_USER_SWITCH
04-21 20:37:28.990  1508  4938 D SystemServerTiming: getInt-ALLOW_USER_SWITCHING_WHEN_SYSTEM_USER_LOCKED
04-21 20:37:28.990  1508  4938 D SystemServerTiming: isUserUnlocked-USER_SYSTEM
04-21 20:37:28.992   933  2060 I Lyric   : spectral_driver.cc:204: Ambient light sampling has been disabled for session ID: 1708
04-21 20:37:28.997  2547  2547 D ContextualAwarenessService: Before dispatching ACTION_SCREEN_OFF onReceive work to background
04-21 20:37:28.997  2547  2547 D ContextualAwarenessService: After dispatching ACTION_SCREEN_OFF onReceive work to background
04-21 20:37:28.997  2547 24044 D ContextualAwarenessService: Before ACTION_SCREEN_OFF onReceive work
04-21 20:37:28.997  2547 24044 D ContextualAwarenessService: After ACTION_SCREEN_OFF onReceive work
04-21 20:37:29.000  1508  1508 I PowerManagerService: onFlip(): Face up.
04-21 20:37:29.001  1508  2316 D BackgroundInstallControlService: Package event received: 0
04-21 20:37:29.003   504  8294 I keystore2: system/security/keystore2/src/authorization.rs:151 - on_device_locked(AndroidUserId(0), unlocking_sids=[SecureUserId(-61295903388016546), SecureUserId(-1534232473)], weak_unlock_enabled=false)
04-21 20:37:29.015   504  8294 I keystore2: system/security/keystore2/src/super_key.rs:996 - UnlockedDeviceRequired super keys for AndroidUserId(0) are biometric-encrypted
04-21 20:37:29.022  2379  2549 D Bubbles : handleKeyguardOrDreamChange isUnlockedShade=false keyguardShowing=true dreamingOrInPreview=true
04-21 20:37:29.022  2379  2417 D Bubbles : BubbleController.onStatusBarStateChanged() isShade=false didChange=true mNotifEntryToExpandOnShadeUnlock=null
04-21 20:37:29.024  1508  2316 D BackgroundInstallControlService: Package event received: 0
04-21 20:37:29.025  1508  2128 D SystemServerTiming: getUserSwitchability-0
04-21 20:37:29.025  1508  2128 D SystemServerTiming: TM.isInCall
04-21 20:37:29.026  1508  2128 D SystemServerTiming: hasUserRestriction-DISALLOW_USER_SWITCH
04-21 20:37:29.026  1508  2128 D SystemServerTiming: getInt-ALLOW_USER_SWITCHING_WHEN_SYSTEM_USER_LOCKED
04-21 20:37:29.026  1508  2128 D SystemServerTiming: isUserUnlocked-USER_SYSTEM
04-21 20:37:29.052  1508  2302 I MR2ServiceImpl: Updating composite discovery preference | preference: RouteDiscoveryRequest{ preferredFeatures={}, activeScan=false }, active routers: []
04-21 20:37:29.056  1508  2316 D BackgroundInstallControlService: Package event received: 0
04-21 20:37:29.059  1508  2316 D BackgroundInstallControlService: Package event received: 0
04-21 20:37:29.072  1508  3628 W UriGrantsManagerService: No permission grants found for com.google.android.apps.photos
04-21 20:37:29.072  1508  3628 W UriGrantsManagerService: No permission grants found for com.google.android.apps.photos
04-21 20:37:29.080  1508  1888 D ActivityManager: sync unfroze 13026 com.google.android.crossdeviceaccessservice for 3
04-21 20:37:29.093     0     0 I trusty  : INFO: system/keymint/ta/src/lib.rs:1001 add 64 bytes of entropy
04-21 20:37:29.092  1508  2316 D BackgroundInstallControlService: Package event received: 0
04-21 20:37:29.122  1508  2128 W UriGrantsManagerService: No permission grants found for com.google.android.apps.photos
04-21 20:37:29.122  1508  2128 W UriGrantsManagerService: No permission grants found for com.google.android.apps.photos
04-21 20:37:29.814  2379  2417 V WindowManagerShell: Transition requested (#3091): android.os.BinderProxy@6cd4ff5 TransitionRequestInfo { type = SLEEP, triggerTask = null, pipChange = null, remoteTransitionInfo = null, displayChange = null, requestedLocation = null, userChange = null, windowingLayerChange = null, fullscreenRequestChange = null, flags = 0, debugId = 3091 }
04-21 20:37:29.814  2379  3267 V WindowManagerShell: onTransitionReady(transaction=6476811147388)
