04-21 20:40:12.817   933  4149 I Lyric   : sensor_generic_driver.cc:2066: TAOTIEFRONT GetModeIndex requirement {size = {width: 1600, height: 1200}, frame_rate_range = [30, 30], request_binning_mode = false, request_pd_stream = false, only_config_logical_cam_stream = false, camera_id = [<recursive>], require_full_fov = true, is_high_frame_rate = false, crop_margin = 0, is_sibling_camera_participating = false, sub_image_count = 1, is_face_auth = true, is_video_mode = false, is_high_resolution_mode = false, is_arkaroo_enabled = false, is_roshi_enabled = false, is_specific_aspect_ratio_video = false, require_exact_size = false, force_sensor_mode_index = -1, is_multi_cam_usecase = false, raw_stream_usecase = 0, is_high_resolution_standalone_mode = false} required aspect ratio 1.40351 pick_transition_mode 0 require exact size 0
04-21 20:40:12.817   933  4149 I Lyric   : sensor_generic_driver.cc:2160: TAOTIEFRONT GetModeIndex requirement use_binning_mode 0
04-21 20:40:12.817   933  4149 I Lyric   : sensor_generic_driver.cc:2167: TAOTIEFRONT candidate mode index 0, size = {width: 3840, height: 2736}, pd = 1, frame rate range = [7.5, 30], is faceauth mode 0
04-21 20:40:12.817   933  4149 I Lyric   : sensor_generic_driver.cc:2167: TAOTIEFRONT candidate mode index 1, size = {width: 3840, height: 2160}, pd = 0, frame rate range = [15, 60], is faceauth mode 0
04-21 20:40:12.817   933  4149 I Lyric   : sensor_generic_driver.cc:2167: TAOTIEFRONT candidate mode index 2, size = {width: 3840, height: 2160}, pd = 1, frame rate range = [7.5, 30], is faceauth mode 0
04-21 20:40:12.817   933  4149 I Lyric   : sensor_generic_driver.cc:2167: TAOTIEFRONT candidate mode index 3, size = {width: 1920, height: 1368}, pd = 1, frame rate range = [15, 60], is faceauth mode 0
04-21 20:40:12.817   933  4149 I Lyric   : sensor_generic_driver.cc:2167: TAOTIEFRONT candidate mode index 4, size = {width: 1920, height: 1080}, pd = 1, frame rate range = [15, 60], is faceauth mode 0
04-21 20:40:12.817   933  4149 I Lyric   : sensor_generic_driver.cc:2167: TAOTIEFRONT candidate mode index 5, size = {width: 1656, height: 1240}, pd = 0, frame rate range = [15, 60], is faceauth mode 1
04-21 20:40:12.817   933  4149 I Lyric   : sensor_generic_driver.cc:2316: TAOTIEFRONT Matching sensor mode found, mode index: 5
04-21 20:40:12.817   933  4149 I Lyric   : sensor_generic_driver.cc:2498: TAOTIEFRONT Mode size {width: 1656, height: 1240} FPS [15, 60] requested FPS [30, 30] MIPI rate 1961.98Msps rss 3.896406ms
04-21 20:40:12.817   933  4149 I Lyric   : sensor_generic_driver.cc:2658: dpm: camera TAOTIEFRONT, line time: 2.84825us, pixel_rate_vt: 878180000, width: 1656, height: 1240, dual pd size: {width: 0, height: 0}, sparse pd size: {width: 0, height: 0}, emb height: 0, hblanking: 2076, mode.hblanking: 2076, vblanking: 10436(29.724337ms), mode.vblanking: 4586(13.0620745ms), frame lines: 5850, frame lines for required fps: 11700, line pixels: 2468, FPS: 60, requested FPS: 30, binning factor: {x: 2, y: 2}, analog_gain_range: [1.43, 32], digital_gain_range: [1, 16], mode index = 5, size = {width: 1656, height: 1240}, pd = 0, frame rate range = [15, 60]
04-21 20:40:12.817   933  4149 I Lyric   : multisensor_controller.cc:1181: TAOTIEFRONT signal set mode fence
04-21 20:40:12.818   933  4149 I Lyric   : sensor_node.cc:503: cam7_sensor: CPU affinity setting: Auto
04-21 20:40:12.818   933  4149 I Lyric   : sensor_generic_driver.cc:5536: TAOTIEFRONT apply qsc calibration data
04-21 20:40:12.818   933  4149 I Lyric   : generic_subgraph.cc:2208: minimum pipeline delay: 3, is_portrait_mode: 0 pipeline delay: 3
04-21 20:40:12.818   933  4149 I Lyric   : generic_subgraph.cc:2225: hal_touch_roi_tracking_enabled: ENABLED
04-21 20:40:12.818   933  4149 I Lyric   : generic_subgraph.cc:2358: enable_eis_blur_refinement_mask_data_flow=0 camera=7
04-21 20:40:12.818  1508  1864 D WindowManager: powerPress: eventTime=96574297 interactive=true count=1 mShortPressOnPowerBehavior=7
04-21 20:40:12.818  1508  1864 V WindowManager: Ignoring short press of power button because the device is not interactive. interactive=true, beganFromNonInteractive=true
04-21 20:40:12.818   933  4149 I Lyric   : generic_subgraph.cc:3183: Attempt to obtain pd dma output format from sensor mode
04-21 20:40:12.818   933  4149 I Lyric   : isp_subgraph_utils.cc:532: Semantic GU is disabled
04-21 20:40:12.818   933  4149 I Lyric   : zuma_isp_subgraph.cc:864: DSNR is disabled and Skin Texture is disabled in Lyric for camera Front
04-21 20:40:12.818   933  4149 I Lyric   : zuma_isp_subgraph.cc:528: all backend pipelines for nodes: 
04-21 20:40:12.818   933  4149 I Lyric   : zuma_isp_subgraph.cc:529: scaled_streams_raw_to_yuv: Pipeline (ID: (instance_id: 130505), IPs: [ RawToYuv ], Max Outputs: 1, IPConnections: [ ], Usecase: Realtime)
04-21 20:40:12.818   933  4149 I Lyric   : zuma_isp_subgraph.cc:532: raw_to_yuv_for_snapshot_exceeding_video: Pipeline (ID: (instance_id: 130506), IPs: [ RawToYuv ], Max Outputs: 1, IPConnections: [ ], Usecase: Snapshot)
04-21 20:40:12.818   933  4149 I Lyric   : zuma_isp_subgraph.cc:535: tnr_merge: Pipeline (ID: (instance_id: 130507), IPs: [ TnrMerge ], Max Outputs: 1, IPConnections: [ ], Usecase: Realtime)
04-21 20:40:12.818   933  4149 I Lyric   : zuma_isp_subgraph.cc:537: preview_mesh_warp: Pipeline (ID: (instance_id: 130508), IPs: [ MeshWarp ], Max Outputs: 1, IPConnections: [ ], Usecase: Realtime)
04-21 20:40:12.818   933  4149 I Lyric   : zuma_isp_subgraph.cc:539: video_mesh_warp: Pipeline (ID: (instance_id: 130509), IPs: [ MeshWarp ], Max Outputs: 1, IPConnections: [ ], Usecase: Video)
04-21 20:40:12.818   933  4149 I Lyric   : zuma_isp_subgraph.cc:541: mesh_warp_for_snapshot_exceeding_video: Pipeline (ID: (instance_id: 130510), IPs: [ MeshWarp ], Max Outputs: 1, IPConnections: [ ], Usecase: Snapshot)
04-21 20:40:12.818   933  4149 I Lyric   : zuma_isp_subgraph.cc:544: pipeline_info_for_dsnr_snapshot_mesh_warp: Pipeline (ID: (instance_id: 130511), IPs: [ MeshWarp ], Max Outputs: 1, IPConnections: [ ], Usecase: SnapshotForDsnr)
04-21 20:40:12.818   933  4149 I Lyric   : zuma_isp_subgraph.cc:547: post_itsc_scaler: Pipeline (ID: (instance_id: 130512), IPs: [ Scaler ], Max Outputs: 0, IPConnections: [ ], Usecase: PostItsc)
04-21 20:40:12.818   933  4149 I Lyric   : zuma_isp_subgraph.cc:549: preview_scaler: Pipeline (ID: (instance_id: 130513), IPs: [ Scaler ], Max Outputs: 0, IPConnections: [ ], Usecase: Realtime)
04-21 20:40:12.818   933  4149 I Lyric   : zuma_isp_subgraph.cc:551: video_scaler: Pipeline (ID: (instance_id: 130514), IPs: [ Scaler ], Max Outputs: 0, IPConnections: [ ], Usecase: Video)
04-21 20:40:12.818   933  4149 I Lyric   : zuma_isp_subgraph.cc:553: scaler_for_snapshot_exceeding_video: Pipeline (ID: (instance_id: 130515), IPs: [ Scaler ], Max Outputs: 0, IPConnections: [ ], Usecase: Snapshot)
04-21 20:40:12.818   933  4149 I Lyric   : zuma_isp_subgraph.cc:556: recomp_scaler: Pipeline (ID: (instance_id: 130516), IPs: [ Scaler ], Max Outputs: 0, IPConnections: [ ], Usecase: Recomposition)
04-21 20:40:12.818   933  4149 I Lyric   : zuma_isp_subgraph.cc:558: pipeline_info_for_dsnr_snapshot_scaler: Pipeline (ID: (instance_id: 130517), IPs: [ Scaler ], Max Outputs: 0, IPConnections: [ ], Usecase: SnapshotForDsnr)
04-21 20:40:12.818   933  4149 I Lyric   : zuma_isp_subgraph.cc:562: pipeline_info_for_throttled_scaled_streams_raw_to_yuv: Pipeline (ID: (instance_id: 130518), IPs: [ RawToYuv ], Max Outputs: 1, IPConnections: [ ], Usecase: Realtime)
04-21 20:40:12.818   933  4149 I Lyric   : zuma_isp_subgraph.cc:565: pipeline_info_for_throttled_recomposition_scaler: Pipeline (ID: (instance_id: 130519), IPs: [ Scaler ], Max Outputs: 0, IPConnections: [ ], Usecase: Recomposition)
04-21 20:40:12.818   933  4149 I Lyric   : zuma_isp_subgraph.cc:568: pipeline_info_for_throttled_preview_scaler: Pipeline (ID: (instance_id: 130520), IPs: [ Scaler ], Max Outputs: 0, IPConnections: [ ], Usecase: Realtime)
04-21 20:40:12.818   933  4149 E Lyric   : quota_allocator.cc:91: 1 calls in 608 sec(s): Quota allocator resource exausted:  - lifetime allocations: 1398, deallocations: 1395, outstanding: 3, peak outstanding: 3
04-21 20:40:12.818   933  4149 E Lyric   :  - current bytes allocated: 13570560, peak bytes allocated: 13570560 (framework buffers not tracked)
04-21 20:40:12.818   933  4149 E Lyric   :  -  3 instances of {type: AllocationSpec, image: {type: ImageFormat, HalImageFormat: HalImageFormat{ pixel_format = RAW16_BAYER_SBWC, stride_alignment = 64, num_buffers = 1, header_stride_alignment = 16 }, Width: 1656, Height: 1240}, flags: 16} allocated at recycling_allocator.cc:223
04-21 20:40:12.818   933  4149 I Lyric   : zuma_like_isp_front_end_subgraph.cc:188: FrontEndNode PoolAllocator(raw_allocator) took 34.301us to initialize
04-21 20:40:12.818   933  4149 I Lyric   : front_end_node.cc:650: cam7_frontend enabling setting_effective_frame_override output
04-21 20:40:12.818   933  4149 I Lyric   : zuma_front_end_controller.cc:1068: LMP DDS crop enabled: false, AutoCal crop enabled: false, YUV to framework enabled: false
04-21 20:40:12.818   933  4149 I Lyric   : whi_like_isp_backend_core_subgraph.cc:826: RawToYuvNode is configured to output consumer type 3 fmt: HalImageFormat{ pixel_format = YCBCR_420_888, stride_alignment = 16, num_buffers = 1 } for Front
04-21 20:40:12.818   933  4149 I Lyric   : whi_like_isp_backend_core_subgraph.cc:931: RawToYuvNode for snapshot exceeding video is configured to output consumer type 2 fmt: HalImageFormat{ pixel_format = YCBCR_420_SPN_10B, stride_alignment = 64, num_buffers = 1 } for Front
04-21 20:40:12.818   933  4149 I Lyric   : whi_like_isp_backend_core_subgraph.cc:1758: Align map output not enabled!
04-21 20:40:12.818   933  4149 I Lyric   : camera_device_session_manager_base.cc:1676: Stream 0 limited to 3 inflight requests
04-21 20:40:12.818   933  4149 I Lyric   : camera_device_session_manager_base.cc:1686: Front frontend limited to 3 inflight requests
04-21 20:40:12.818   933  4149 I Lyric   : generic_subgraph.cc:3756: camera_id = 7; is_front_camera = 1; is_1p_camera_app = 1; video_call = 0
04-21 20:40:12.818   933  1447 I G3ACoordinator: front_als_manager.cc:184: Front ALS sensor enabled
04-21 20:40:12.818   933  4149 I Lyric   : auto_exposure_node.cc:659: cam7_ae: CPU affinity setting: Medium Core : Priority: Realtime
04-21 20:40:12.820   933  2177 I Lyric   : multicam_graph.cc:1353: AE is connected to multicam routing node for camera Front(7)
04-21 20:40:12.820   933  2177 I Lyric   : multicam_graph.cc:1357: AF is connected to multicam routing node for camera Front(7)
04-21 20:40:12.820   933  2177 I Lyric   : multicam_graph.cc:1361: AWB is connected to multicam routing node for camera Front(7)
04-21 20:40:12.820   933  2177 I Lyric   : multicam_graph.cc:1385: number of video bokeh nodes connected to multicam routing node = 0
04-21 20:40:12.820   933  2177 I Lyric   : multicam_graph.cc:1388: number of rectiface nodes connected to multicam routing node = 0
04-21 20:40:12.820   933  2177 I Lyric   : multicam_graph.cc:1391: number of EIS nodes connected to multicam routing node = 0
04-21 20:40:12.820   933  2177 I Lyric   : whi_like_isp_backend_core_subgraph.cc:197: RawToYuvNode(Front) output size: {width: 1600, height: 1200}
04-21 20:40:12.820   933  2177 I Lyric   : multicam_profiler.cc:92: Created multicam profiler with profiling mode: 1, latency threshold: 5ms
04-21 20:40:12.820   933  2177 I Lyric   : multicam_node.cc:2497: Multicam 3A voting interface enabled: 0
04-21 20:40:12.820   933  2177 I Lyric   : multicam_controller_base.cc:1338: FOV transition participant camera: Front (id: 7)
04-21 20:40:12.820   933  2177 I Lyric   : multicam_controller_base.cc:1657: There is only one camera Front participant, make a static vote for lead role
04-21 20:40:12.820   933  2177 W Lyric   : multicam_defs.h:551: Can't found CameraFov for 
04-21 20:40:12.820   933  2177 I Lyric   : multicam_controller_base.cc:1509: Lead camera is not locked. System property value: 
04-21 20:40:12.820   933  2177 I Lyric   : multicam_controller_base.cc:1469: Allocated context: 0xb40000764c06eed0 for logical camera: FrontMultiFov, enable 3a overwrite: 0, enable FTR: 0, enable device state transition: 0, enable tele in pip: 0, max active camera number: 1
04-21 20:40:12.820   933  2177 I Lyric   : multicam_node.cc:927: Max number of fe inflight request: 3
04-21 20:40:12.820   933  2177 I Lyric   : camera_device_session_manager_base.cc:706: Successfully constructed graph: top_graph_for_camera_FrontMultiFov, graph class: MulticamGraph, graph_configuration:
04-21 20:40:12.820   933  2177 I Lyric   : graph_configuration.cc:347: 
04-21 20:40:12.820   933  2177 I Lyric   : {type: StreamInfo, stream_id: 0, camera_id: Front, format: YCBCR_420_888, width: 1600, height: 1200, usage: [Protected], stream_type: Output, use_case: Default, data_space: DataSpace(Color)::(Standard: BT601_625, Transfer: SMPTE_170M, Range: Full), is_framework_physical_stream: 1, dynamic_range_profile: Standard, intended_for_max_resolution_mode: 0, group_id: -1, is_tunable: 1}
04-21 20:40:12.820   933  2177 I Lyric   : {type: StreamConfigurationMode, Front: Normal}
04-21 20:40:12.820   933  2177 I Lyric   : camera_performance_analyzer.cc:31: [CPA] CPA-Lite is enabled.
04-21 20:40:12.820   933  2177 I Lyric   : graph_runner_deferring_work_queue.cc:343: GraphRunner: Using GraphRunnerDeferringWorkQueue
04-21 20:40:12.820   933  2177 I Lyric   : graph_runner_deferring_work_queue.cc:345: Thread pool config , Input Priority: High, affinity: Auto, process group: CameraServicePerformance, # of threads: 3
04-21 20:40:12.820   933  2177 I Lyric   : graph_runner_deferring_work_queue.cc:345: Thread pool config , Input Priority: Realtime, affinity: Auto, process group: CameraServicePerformance, # of threads: 6
04-21 20:40:12.820   933  2177 I Lyric   : graph_runner_deferring_work_queue.cc:345: Thread pool config , Input Priority: Normal, affinity: Auto, process group: CameraServicePerformance, # of threads: 3
04-21 20:40:12.820   933  2177 I Lyric   : graph_runner_deferring_work_queue.cc:441: Initializing deferring work queue RunnerH:P+:A with: wake threshold: 0; minimum active threads: 1; soft maximum: 3; underlying queue: fifo
04-21 20:40:12.820   933  2177 I Lyric   : graph_runner_deferring_work_queue.cc:441: Initializing deferring work queue RunnerN:P+:A with: wake threshold: 0; minimum active threads: 1; soft maximum: 3; underlying queue: fifo
04-21 20:40:12.820   933  2177 I Lyric   : graph_runner_deferring_work_queue.cc:441: Initializing deferring work queue RunnerR:P+:A with: wake threshold: 0; minimum active threads: 1; soft maximum: 6; underlying queue: fifo
04-21 20:40:12.821   933  2177 I Lyric   : camera_device_session_manager_base.cc:822: CameraMode: 12
04-21 20:40:12.821   933  2177 W Lyric   : session_telemetry_controller.cc:109: Telemetry was not initialized dpm
04-21 20:40:12.821   933  2177 W Lyric   : session_telemetry_controller.cc:109: Telemetry was not initialized slc
04-21 20:40:12.821   933  2177 W Lyric   : session_telemetry_controller.cc:109: Telemetry was not initialized mcsc
04-21 20:40:12.821   933  2177 W Lyric   : session_telemetry_controller.cc:109: Telemetry was not initialized gse
04-21 20:40:12.821   933  2177 W Lyric   : session_telemetry_controller.cc:109: Telemetry was not initialized gse
04-21 20:40:12.821   933  2177 W Lyric   : session_telemetry_controller.cc:109: Telemetry was not initialized gdc1
04-21 20:40:12.821   933  2177 W Lyric   : session_telemetry_controller.cc:109: Telemetry was not initialized gdc0
04-21 20:40:12.821   933  2177 W Lyric   : session_telemetry_controller.cc:109: Telemetry was not initialized gtnr-merge
04-21 20:40:12.821   933  2177 W Lyric   : session_telemetry_controller.cc:109: Telemetry was not initialized be-core
04-21 20:40:12.821   933  2177 W Lyric   : session_telemetry_controller.cc:109: Telemetry was not initialized lme
04-21 20:40:12.821   933  2177 W Lyric   : session_telemetry_controller.cc:109: Telemetry was not initialized gtnr-align
04-21 20:40:12.821   933  2177 W Lyric   : session_telemetry_controller.cc:109: Telemetry was not initialized isp-fe
04-21 20:40:12.821   933  2177 W Lyric   : session_telemetry_controller.cc:109: Telemetry was not initialized isp-fe
04-21 20:40:12.821   933  2177 W Lyric   : session_telemetry_controller.cc:109: Telemetry was not initialized isp-fe
04-21 20:40:12.821   933  2177 W Lyric   : session_telemetry_controller.cc:109: Telemetry was not initialized isp-fe
04-21 20:40:12.821   933  2177 W Lyric   : session_telemetry_controller.cc:109: Telemetry was not initialized isp-fe
04-21 20:40:12.821   933  2177 W Lyric   : session_telemetry_controller.cc:109: Telemetry was not initialized isp-fe
04-21 20:40:12.821   933  2177 W Lyric   : session_telemetry_controller.cc:109: Telemetry was not initialized votf
04-21 20:40:12.821   933  2177 W Lyric   : session_telemetry_controller.cc:109: Telemetry was not initialized flash-lm3644
04-21 20:40:12.821   933  2177 W Lyric   : session_telemetry_controller.cc:109: Telemetry was not initialized ois-djinn
04-21 20:40:12.821   933  2177 W Lyric   : session_telemetry_controller.cc:109: Telemetry was not initialized ois-humbaba
04-21 20:40:12.821   933  2177 W Lyric   : session_telemetry_controller.cc:109: Telemetry was not initialized act-cornerfolk-taotie-uw
04-21 20:40:12.821   933  2177 W Lyric   : session_telemetry_controller.cc:109: Telemetry was not initialized ois-humbaba
04-21 20:40:12.821   933  2177 W Lyric   : session_telemetry_controller.cc:109: Telemetry was not initialized act-cornerfolk-taotie-front
04-21 20:40:12.821   933  2177 W Lyric   : session_telemetry_controller.cc:109: Telemetry was not initialized eeprom-djinn
04-21 20:40:12.821   933  2177 W Lyric   : session_telemetry_controller.cc:109: Telemetry was not initialized eeprom-smaug-taotie-uw
04-21 20:40:12.821   933  2177 W Lyric   : session_telemetry_controller.cc:109: Telemetry was not initialized eeprom-smaug-taotie-front
04-21 20:40:12.821   933  2177 W Lyric   : session_telemetry_controller.cc:109: Telemetry was not initialized eeprom-humbaba
04-21 20:40:12.821   933  2177 W Lyric   : session_telemetry_controller.cc:109: Telemetry was not initialized sensor-taotie-front
04-21 20:40:12.821   933  2177 W Lyric   : session_telemetry_controller.cc:109: Telemetry was not initialized sensor-taotie-front
04-21 20:40:12.821   933  2177 W Lyric   : session_telemetry_controller.cc:109: Telemetry was not initialized sensor-boitata
04-21 20:40:12.821   933  2177 W Lyric   : session_telemetry_controller.cc:109: Telemetry was not initialized sensor-taotie-tele
04-21 20:40:12.821   933  2177 W Lyric   : session_telemetry_controller.cc:109: Telemetry was not initialized sensor-taotie-tele
04-21 20:40:12.821   933  2177 W Lyric   : session_telemetry_controller.cc:109: Telemetry was not initialized sensor-taotie-uw
04-21 20:40:12.821   933  2177 W Lyric   : session_telemetry_controller.cc:109: Telemetry was not initialized sensor-taotie-uw
04-21 20:40:12.821   933  2177 W Lyric   : session_telemetry_controller.cc:109: Telemetry was not initialized top
04-21 20:40:12.821   933  2177 I Lyric   : camera_device_session_manager_base.cc:1102: Attempting to start graph:top_graph_for_camera_FrontMultiFov
04-21 20:40:12.821   933  2177 I Lyric   : camera_device_session_manager_base.cc:1106: Successfully started graph:top_graph_for_camera_FrontMultiFov
04-21 20:40:12.821   933  2177 I Lyric   : malloc_tracker.cc:34: Starting malloc tracker
04-21 20:40:12.821   933  1448 I Lyric   : sensor_node.cc:519: cam7_sensor SensorNode starting for sensor: TAOTIEFRONT, camera: Front
04-21 20:40:12.821   933  2210 I Lyric   : lyric_basic_capture_session.cc:95: LyricBasicCaptureSession created
04-21 20:40:12.821   933  1448 I Lyric   : zuma_front_end_controller.cc:1068: LMP DDS crop enabled: false, AutoCal crop enabled: false, YUV to framework enabled: false
04-21 20:40:12.821   933  1448 I Lyric   : zuma_front_end_controller.cc:1117: [CAM7] Ready to acquire driver context for sensor TAOTIEFRONT, mode_index 5, csi-ch 6, at (3840x2736). With a normal lens at front position.
04-21 20:40:12.821   933  1448 I Lyric   : zuma_fe_driver.cc:1025: Power Context acquired in FE driver.
04-21 20:40:12.821   933  1448 I Lyric   : zuma_fe_driver.cc:1178: [ISPFE] Enabling the device
04-21 20:40:12.822   933  1448 I Lyric   : zuma_fe_resetter.cc:157: FrontEnd: SW Reset begins.
04-21 20:40:12.824   933  1448 I Lyric   : zuma_fe_resetter.cc:168: FrontEnd: SW Reset done: rstctl_status = 0x0
04-21 20:40:12.824   933  1448 I Lyric   : zuma_lmp_driver.cc:356: Configuring global system CSRs
04-21 20:40:12.824   933  1448 I Lyric   : zuma_csis_core_driver.cc:197: CSIS Core: ebuf_free_byte_size: 0x75800, ebuf_fifo_intf0_ctl0: 0x967b5c2e
04-21 20:40:12.827   933  1447 I Lyric   : rgbp_driver.cc:449: Ip version: 0x1050001
04-21 20:40:12.827   933  2172 I Lyric   : graph_runner_deferring_work_queue.cc:182: Registering all threads took 351156 ns.
04-21 20:40:12.827   933  1447 I Lyric   : mcfp_driver.cc:804: Ip version: 0x10050000
04-21 20:40:12.827   933  1447 I Lyric   : yuvp_driver.cc:529: Ip version: 0x1050001
04-21 20:40:12.827   933  1447 I Lyric   : zuma_be_core_driver_impl.cc:541: Successfully powered up BeCore block.
04-21 20:40:12.828  1508  2302 I MR2ServiceImpl: Updating composite discovery preference | preference: RouteDiscoveryRequest{ preferredFeatures={}, activeScan=false }, active routers: []
04-21 20:40:12.831  1508  2901 D ActivityManager: sync unfroze 8281 com.google.android.gms for 4
04-21 20:40:12.831   933  1448 W Lyric   : auto_focus_node.cc:581: cam7_af failed to acquire eco context: UNAVAILABLE: Not able to create valid eco proxy client
04-21 20:40:12.831   933  1448 I Lyric   : auto_focus_node.cc:632: cam7_af dcc data type: Normal
04-21 20:40:12.831   933  1448 I Lyric   : auto_focus_node.cc:652: The isp_input_raw_image_size = {width: 1656, height: 1240}; camera_id = 7; camera_app_1p_enabled = 1; session id = 7204425703072695924
04-21 20:40:12.831   933  1448 I Lyric   : external_auto_focus_controller_proxy.cc:313: ExternalAutoFocusControllerProxy [3A Coordinator]: Creating context for camera 7; long query warning threshold 250us; long set focus warning threshold 500us
04-21 20:40:12.831   933  1448 I G3ACoordinator: af_engine.cc:318: InitializeAlgorithm
04-21 20:40:12.831   933  1448 I G3ACoordinator: af_engine.cc:326: [1, 7] AfEngine_1_7 initialized
04-21 20:40:12.831   933  1448 E GAF     : af_tuning_manager.cc:110: 3 calls in 608 sec(s): Tof tuning key not found:  Usecase: 0 Sensor mode: -1 Viridian value: -1 Camera position: 2 Camera lens_type: 0 Camera spectrum: -1 Partial Usecases: {}
04-21 20:40:12.831  1508  2901 D ActivityManager: sync unfroze 5457 com.google.android.adservices.api for 4
04-21 20:40:12.831   933  1448 I Lyric   : generic_actuator_controller.cc:490: AF LTC: act-front-normal is enabled with software LTC
04-21 20:40:12.831   933  1448 I G3ACoordinator: awb_session_config_parser_lyric.cc:245: sensor_mode ptr [0xb40000776c249040], sobek_enabled [false], post_process [0]
04-21 20:40:12.831   933  1448 I G3ACoordinator: awb_session_config_parser_lyric.cc:285: Map sensor mode property: sobek_enabled [false], hdr_mode [0]
04-21 20:40:12.831   933  1448 I G3ACoordinator: awb_session_config_parser_lyric.cc:210: Map sensor name [TAOTIEFRONT] binning_factor [2 2] mode_index [5] to GCam sensor ID [1]
04-21 20:40:12.831   933  1448 I G3ACoordinator: awb_session_config_parser_lyric.cc:145: Fail to read calibration data for camera[front normal]]. Use the default LED decision in tuning!
04-21 20:40:12.831   933  1448 I G3ACoordinator: awb_engine.cc:437: Use lut file ghawb_para_lut_front_normal.binarypb
04-21 20:40:12.831   933  1448 I G3ACoordinator: awb_engine.cc:489: Camera 7 Initial decision [2.2445812 1 1.0620248] CCT [7913] CCM[ccm=(1.5811 -0.3638 -0.2173 -0.1488 1.2821 -0.1333 0.0037 -0.7578 1.7541) offset=(0 0 0) color_space_type=(1 -> 1)]
04-21 20:40:12.832   933  1444 I Lyric   : sensor_generic_driver.cc:612: TAOTIEFRONT init success.
04-21 20:40:12.832  1508  2316 D BackgroundInstallControlService: Package event received: 0
04-21 20:40:12.832   933  1448 W G3ACoordinator: awb_engine.cc:520: Failed to register data types in data manager.
04-21 20:40:12.832   933  1448 I G3ACoordinator: awb_engine.cc:523: [2, 7] AwbEngine_2_7 initialized
04-21 20:40:12.833   933  1446 I Lyric   : direct_channel_motion_sensor_data_streamer.cc:591: gravity resource acquired.
04-21 20:40:12.833   933  1448 I G3ACoordinator: ae_session_config_parser_lyric.cc:207: ispfe_raw_input_resolution [width:1656, height:1240]
04-21 20:40:12.833   933  1448 I G3ACoordinator: ae_session_config_parser_lyric.cc:265: Map sensor mode property: sobek_enabled = false, g3a_session_info.hdr_mode = 0, sensor_mode_property 0
04-21 20:40:12.833   933  1448 I G3ACoordinator: ae_session_config_parser_lyric.cc:276: Map sensor name [TAOTIEFRONT], binning_factor [2, 2] and mode_index [5] to GCam sensor ID [1]
04-21 20:40:12.833   933  1448 I G3ACoordinator: ae_session_config_parser_lyric.cc:376: Pre-LSC AE stats status: disabled
04-21 20:40:12.833   933  1448 I G3ACoordinator: ae_engine.cc:379: session_type 2
04-21 20:40:12.833   933  1448 I G3ACoordinator: ae_engine.cc:3019: GABC fatp_enable_ = 0
04-21 20:40:12.833   933  1448 I G3ACoordinator: ae_engine.cc:453: [0, 7] AeEngine_0_7 initialized
04-21 20:40:12.833   933  1448 W Lyric   : auto_exposure_node.cc:1075: cam7_ae failed to acquire eco context: UNAVAILABLE: Not able to create valid eco proxy client
04-21 20:40:12.833   933  2061 I Lyric   : spectral_driver.cc:513: Flicker sampling has been enabled.
04-21 20:40:12.833   933  1448 I Lyric   : telemetry_node.cc:223: 4 calls in 269 sec(s): DmaMemoryAllocationCost size is set to 0 MiB.
04-21 20:40:12.833   933  1447 I Lyric   : secure_operation_controller.cc:24: SecureOperationController: Requested secure session for mcfp
04-21 20:40:12.834   933  1447 I Lyric   : secure_operation_controller.cc:24: SecureOperationController: Requested secure session for rgbp
04-21 20:40:12.834   933  1447 I Lyric   : secure_operation_controller.cc:24: SecureOperationController: Requested secure session for yuvp
04-21 20:40:12.834   933  1447 I Lyric   : raw_to_yuv_node.cc:757: Starting node cam7_raw_to_yuv with Pipeline (ID: (instance_id: 130505), IPs: [ RawToYuv ], Max Outputs: 1, IPConnections: [ ], Usecase: Realtime) on camera 7
04-21 20:40:12.839  1508  2316 D BackgroundInstallControlService: Package event received: 0
04-21 20:40:12.842   933  1978 I Lyric   : binder_sensor_vsync_reader.cc:41: Enabled BinderSensorVsyncReader, cam_vsync_id: 2
04-21 20:40:12.842   933  1978 W Lyric   : shutter_notification_manager.cc:138: Sensor with vsync id : 2 creating vsync sensor connection spent 24.339844ms
04-21 20:40:12.845  1508  2316 D BackgroundInstallControlService: Package event received: 0
04-21 20:40:12.846   933  1446 I Lyric   : direct_channel_motion_sensor_data_streamer.cc:591: accelerometer resource acquired.
04-21 20:40:12.848   933  2172 I Lyric   : multicam_controller_base.cc:2360: 9 calls in 608 sec(s): Lead camera is locked, skip PIP processing
04-21 20:40:12.848   933  2172 I Lyric   : multicam_node.cc:2794: ********************dpm: put camera: 7 on NORMAL, frame number: 0, zoom ratio: 1.00 ********************
04-21 20:40:12.848   933  2172 I Lyric   : multicam_node.cc:2974: ******************** new lead: camera: 7(Front), frame number: 0, zoom ratio: 1.00 *******************
04-21 20:40:12.848   933  2172 I Lyric   : camera_powerhal_impl.cc:189: SetPowerBoost Trigger CAMERA_LAUNCH_EXTENDED for 2000ms
04-21 20:40:12.848   933  2172 I Lyric   : multicam_node.cc:1736: ====== Multicam status update ======
04-21 20:40:12.848   933  2172 I Lyric   : multicam_node.cc:1737: Frame number: 0, Lead cam: 7, Zoom ratio: 1.00, APP requested streams:  [0(GCH/Lyric), 7]
04-21 20:40:12.848   933  2172 I Lyric   : multicam_node.cc:1744: cam: 7, dpm_mode: Normal, activation_flags: None
04-21 20:40:12.848   933  2172 I Lyric   : retiming_node.cc:1409: ******** dpm: Front(hal id: 7) change DPM mode from Undefined to Normal, is virtual transition: 0, framework request id 0, frame number: 0
04-21 20:40:12.849   933  2172 W Lyric   : actuator_node.cc:420: 4 calls in 269 sec(s): cam7_actuator: Update lens dac readout failed with status INTERNAL: cam7_actuator: shutter notification frame is dropped at frame: -4
04-21 20:40:12.849   933  2172 W Lyric   : actuator_node.cc:430: 19 calls in 269 sec(s): cam7_actuator: Update lens temperature failed with status ABORTED: No temperature read
04-21 20:40:12.849   933  2168 I Lyric   : three_a_request_node.cc:651: cam7_three_a_request: updating 3A max FPS to 30
04-21 20:40:12.849   933  2172 W Lyric   : external_auto_focus_controller_proxy.cc:449: 3 calls in 269 sec(s): ExternalAutoFocusControllerProxy: camera_id = 7; The total number of frames missing CDAF, HW PDAF, SW PDAF and Sparse PDAF statistics is 1
04-21 20:40:12.849   933  4148 I Lyric   : multicam_node.cc:1736: ====== Multicam status update ======
04-21 20:40:12.849   933  2172 W Lyric   : external_auto_focus_controller_proxy.cc:791: 3 calls in 269 sec(s): Not able to get shutter notification timestamp
04-21 20:40:12.849   933  4148 I Lyric   : multicam_node.cc:1737: Frame number: 1, Lead cam: 7, Zoom ratio: 1.00, APP requested streams:  [0(GCH/Lyric), 7]
04-21 20:40:12.849   933  4148 I Lyric   : multicam_node.cc:1744: cam: 7, dpm_mode: Undefined, activation_flags: None
04-21 20:40:12.849   933  2168 W Lyric   : motion_sensor_controller_proxy.cc:287: 1 calls in 608 sec(s): device orientation: Attempting to query before the resource is ready.
04-21 20:40:12.849   933  2168 I G3ACoordinator: ae_input_parser_lyric.cc:2138: Starter frame: rel_frame_num [-3]
04-21 20:40:12.849   933  2172 W G3ACoordinator: data_manager.cc:154: [5, 28, 9001] can't be found
04-21 20:40:12.849   933  2168 I G3ACoordinator: ae_engine.cc:548: Starter Frames
04-21 20:40:12.849   933  2172 I G3ACoordinator: af_engine.cc:1105: Starter Frames
04-21 20:40:12.849   933  2172 W G3ACoordinator: af_engine.cc:594: camera_name=FrontNormal: Retain last focus states. Overwriting af_mode Off->Auto af_state Inactive->Inactive
04-21 20:40:12.849   933  2168 W G3ACoordinator: data_manager.cc:160: [1, 18, 7] failed to read
04-21 20:40:12.849   933  2172 I GAF     : gaf_data_manager_impl.cc:797: 1 calls in 269 sec(s): FrontNormalMode Lens Range: 0 36
04-21 20:40:12.849   933  2172 I GAF     : gaf_mod_hw_controller_impl.cc:371: 22 calls in 269 sec(s): FrontNormalfv Config: algo kMain type: kGAfFocusTypeNormal (Coarse)
04-21 20:40:12.849   933  2172 I G3ACoordinator: af_engine.cc:670: camera_name=FrontNormal: Starter Frames. request_id=0 first_starter_frame_request_id=0 is_cam_sensor_mode_switch=false
04-21 20:40:12.849   933  2172 W GAF     : gaf_stats_roi_impl.cc:688: 4 calls in 269 sec(s): FrontNormalfull frame hwpd stats is invalid.
04-21 20:40:12.849   933  2172 W GAF     : gaf_stats_roi_impl.cc:778: 4 calls in 269 sec(s): FrontNormalinvalid segmentation masks.
04-21 20:40:12.849   933  2172 W GAF     : gaf_stats_aec.cc:208: 4 calls in 269 sec(s): FrontNormalInvalid raw ae luma
04-21 20:40:12.849   933  2172 W GAF     : elp_util.cc:61: 3 calls in 608 sec(s): FrontNormalInvalid region_top + region_height. Sum: 87, ELP table size: 62
04-21 20:40:12.849   933  2172 E GAF     : elp_util.cc:504: 3 calls in 608 sec(s): FrontNormalELP couldn't be calculated from the ELP table history. Using final_Fallback_position 17
04-21 20:40:12.849   933  2172 W GAF     : gaf_motion_stats_estimator.cc:187: 4 calls in 269 sec(s): FrontNormalInvalid raw ae luma.
04-21 20:40:12.849   933  2172 I GAF     : gaf_mod_data_analyzer_impl.cc:165: 1 calls in 269 sec(s): FrontNormalReset Triggers due to focus mode change, new focus mode: kManualLensControl
04-21 20:40:12.849   933  2172 I GAF     : gaf_data_manager_impl.cc:809: 2 calls in 269 sec(s): FrontNormalNew focus command: CANCEL_SEARCH
04-21 20:40:12.849   933  2172 I GAF     : gaf_data_manager_impl.cc:765: 1 calls in 269 sec(s): FrontNormalSetting OpMode: 0 -> 1
04-21 20:40:12.849   933  2172 I GAF     : gaf_mod_data_analyzer_impl.cc:268: 1 calls in 269 sec(s): FrontNormalReset Triggers due to Opmode change
04-21 20:40:12.849   933  2172 W GAF     : gaf_metric_algos_pd_impl.cc:562: 4 calls in 269 sec(s): FrontNormalThe effective lens position used for PD tPos is not reliable: effective_lens_pos(0,kUnspecified)
04-21 20:40:12.849   933  2172 W GAF     : gaf_face_processing_utils.cc:433: 1 calls in 269 sec(s): FrontNormalUninitialized ref frame size.
04-21 20:40:12.849   933  2172 I GAF     : gaf_mod_data_analyzer_impl.cc:535: 9 calls in 608 sec(s): FrontNormaloverride: lock[false], passive[false,false,false], MAF[true], pd_suppression[false]
04-21 20:40:12.849   933  2172 I GAF     : gaf_mod_data_analyzer_impl.cc:487: 19 calls in 269 sec(s): FrontNormalbTrigger false, mbROIup false, ORoiup true, trigger_delay 0, input_roi: kInvalid       , face_roi_update: false
04-21 20:40:12.849   933  2172 I GAF     : roi_tracking_config_generator.cc:202: 19 calls in 269 sec(s): GAfRoiTrackingConfigRoi tracking is disabled as roi type is not saliency.
04-21 20:40:12.849   933  2172 I GAF     : gaf_core_impl.cc:914: 19 calls in 269 sec(s): FrontNormalframework ReqId[ 0]: sensor_soe_timestamp_ns 0 cPos-->nextPos[ 20--> 17] maxPos  36 vcm_dac    0 status kUnknown    state kInactive     fMode kManualLensControl opMode kPreview      searchType kMain         ROI kDefault       | id[0]( 696, 521, 264, 198), attribute: 0, is_boh:0 eye_roi 0 crop_window (   0,   0,1656,1240) inFaceCnt 0 ScType kGAfFocusTypeNormal    depth_metric_type kInvalid      pd_tPos   0 pd_conf    0.00 PdSourceType(pdIn,pdOut,cnt) (kLow ,kLow ,0) tof_tPos  -1 tof_confLvl 0.00 tof_isConf 0 tof_GD 0 gyro -1.00 roi_motion kUnknown ledAssist 0 aecSettled 0 luxI 0.00 expI 0.00 g 0.00 et 0.00 bv 0.00 light kGAfTLightBright  exposureValue 0.00 TF 0 SC 1 ST 0 [roi(1,1) depth(0,0) motion(0,0) 3a(0,0) fv(0,1) peer(0,1)] fv 0.00 bUpRoi 1 bUpBAF 1 bUpPD 1 FVCmpEn 0 FVCmpRe 0 zPlusCropWin(   0,   0,1656,1240) zPlusRatios(1.00, 1.00)
04-21 20:40:12.849   933  2172 I G3ACoordinator: multicamsync_manager.cc:1453: AF voting changed (pos:CAMERA_POSITION_REAR,lens:LENS_TYPE_NORMAL),(pos:CAMERA_POSITION_REAR,lens:LENS_TYPE_VIRTUAL) severity 3 need_follower false ->  severity 3 need_follower false preferred_followers 
04-21 20:40:12.849   933  2172 I G3ACoordinator: multicamsync_manager.cc:1464: Lead: has_value true request_id 0, current_lens_type LENS_TYPE_NORMAL, input_roi_type kDefault, focus_status FOCUS_STATUS_INVALID, tof_is_confident false, tof_target_position -1, pd_main_is_confident false, pd_main_target_position 0, current_position 17, next_position 17,tuning_macro_thres_object_lens_pos 100, tuning_near_thres_object_lens_pos 272, logical_zoom_ratio 1, tuning_thres_logical_zoom_level 4.84, macro_mode_switch Enabled,is_mapped_roi_existing_out_of_fov false, is_concurrent_streaming false, is_manual_focus true, target_lenses {CAMERA_POSITION_FRONT, LENS_TYPE_NORMAL},  Follower: has_value false request_id -1, current_lens_type LENS_TYPE_NORMAL, input_roi_type kInvalid, focus_status FOCUS_STATUS_UNKNOWN, tof_is_confident false, tof_target_position 0, pd_main_is_confident false, pd_main_target_position 0, current_position 0, next_position 0,tuning_macro_thres_object_lens_pos 0, tuning_near_thres_object_lens_pos 0, logical_zoom_ratio 0, tuning_thres_logical_zoom_level -1, macro_mode_switch Disabled,is_mapped_roi_existing_out_of_fov false, is_concurrent_streaming false, is_manual_focus false, target_lenses  request 0
04-21 20:40:12.850   933  2168 I Lyric   : focus_lens_actuator_driver_impl_base.cc:701: act-front-normal saves 1894 to pending raw af position
04-21 20:40:12.850   933  2168 E Lyric   : actuator_node.cc:288: SetFocus fail. FAILED_PRECONDITION: act-front-normal is not in active mode. Current mode: Powered-up
04-21 20:40:12.850   933  2171 I G3ACoordinator: awb_input_parser_lyric.cc:1204: Starter frame: rel_frame_num [-3]
04-21 20:40:12.850   933  2173 W GAF     : search_stats_metric_aggregator.cc:99: 1 calls in 269 sec(s): Monitoring search_statsInvalid raw data
04-21 20:40:12.850   933  2173 W GAF     : multicam_stats_metric_aggregator.cc:85: 1 calls in 269 sec(s): Monitoring multicam_statsInvalid raw data
04-21 20:40:12.850   933  2171 I G3ACoordinator: awb_engine.cc:1950: Load tuning with previous:Primary :  Usecase: 1 Sensor mode: -1 Viridian value: -1 Camera position: 2 Camera lens_type: 0 Camera spectrum: -1 Partial Usecases: {} current:Primary :  Usecase: 0 Sensor mode: -1 Viridian value: -1 Camera position: 2 Camera lens_type: 0 Camera spectrum: -1 Partial Usecases: {}
04-21 20:40:12.850   933  2173 W Lyric   : telemetry_node.cc:204: 1 calls in 269 sec(s): cam7_telemetry: auto_focus FN 0 Failure recording telemetry. Skip recording.
04-21 20:40:12.850   933  4149 I Lyric   : conditional_dpm_node.cc:70: cam7_conditional_dpm turn to dpm mode: Normal, framte number: 0
04-21 20:40:12.850   933  2172 I Lyric   : dpm_bandwidth_controller_v2.cc:1044: Update minimum MIF clock to 1000000000 number of active sensor: 1
04-21 20:40:12.850   933  2172 I Lyric   : dpm_bandwidth_controller_v2.cc:1100: Update minimum INT clock to 200000000 number of active sensor: 1
04-21 20:40:12.850   933  2172 I Lyric   : multisensor_controller.cc:807: Front StartStreaming, waiting on barrier, request: 0
04-21 20:40:12.850   933  2172 I Lyric   : multisensor_controller.cc:845: camera Front start prepare spend : 10.131us
04-21 20:40:12.850   933  2172 I Lyric   : multisensor_controller.cc:870: camera Front does not wait for sensor start blocker, start will sync in kernel by lwis fence created by sensor driver.
04-21 20:40:12.851   933  2171 I G3ACoordinator: ae_input_parser_lyric.cc:2138: Starter frame: rel_frame_num [-2]
04-21 20:40:12.851   933  2175 I G3ACoordinator: af_engine.cc:1105: Starter Frames
04-21 20:40:12.851   933  2175 I G3ACoordinator: af_engine.cc:670: camera_name=FrontNormal: Starter Frames. request_id=1 first_starter_frame_request_id=0 is_cam_sensor_mode_switch=false
04-21 20:40:12.851   933  2171 I G3ACoordinator: ae_engine.cc:548: Starter Frames
04-21 20:40:12.852   933  2168 I G3ACoordinator: awb_input_parser_lyric.cc:1204: Starter frame: rel_frame_num [-2]
04-21 20:40:12.852  1508  2306 W FaceManager: Unknown authentication acquired message: 24, 0
04-21 20:40:12.852   933  2168 I G3ACoordinator: ae_input_parser_lyric.cc:2138: Starter frame: rel_frame_num [-1]
04-21 20:40:12.852   933  2168 I G3ACoordinator: ae_engine.cc:548: Starter Frames
04-21 20:40:12.852   933  2175 I G3ACoordinator: af_engine.cc:1105: Starter Frames
04-21 20:40:12.852   933  2175 I G3ACoordinator: af_engine.cc:670: camera_name=FrontNormal: Starter Frames. request_id=2 first_starter_frame_request_id=0 is_cam_sensor_mode_switch=false
04-21 20:40:12.853   933  2168 I G3ACoordinator: awb_input_parser_lyric.cc:1204: Starter frame: rel_frame_num [-1]
04-21 20:40:12.854  1508  2501 I SoundTriggerMiddlewareLogging: FORCE_RECOGNITION (2)
04-21 20:40:12.854   933  1446 I Lyric   : binder_environment_sensor_reader.cc:79: Enabled BinderEnvironmentSensorReader, type: device_orientation
04-21 20:40:12.854  1508  2316 D BackgroundInstallControlService: Package event received: 0
04-21 20:40:12.855  1508  4935 I SoundTriggerMiddlewareLogging: RECOGNITION (2, RecognitionEventSys{recognitionEvent: RecognitionEvent{status: 0, type: 1, captureAvailable: true, captureDelayMs: 0, capturePreambleMs: 0, triggerInData: false, audioConfig: AudioConfig{base: AudioConfigBase{sampleRate: 16000, channelMask: AudioChannelLayout.layoutMask(1), format: AudioFormatDescription{type: 1, pcm: 1, encoding: }}, offloadInfo: AudioOffloadInfo{base: AudioConfigBase{sampleRate: 0, channelMask: AudioChannelLayout.none(0), format: AudioFormatDescription{type: 0, pcm: 0, encoding: }}, streamType: -2, bitRatePerSecond: 0, durationUs: 0, hasVideo: false, isStreaming: false, bitWidth: 16, offloadBufferSize: 0, usage: -1, encapsulationMode: -1, contentId: 0, syncId: 0}, frameCount: 0}, data: [112, 111, 115, 95, 109, 117, 115, 105, 99, 44, 118, 97, 108, 58, 50, 51, 53, 48, 49], recognitionStillActive: false}, halEventReceivedMillis: 132713255751749, token: android.os.Binder@ab293d0}, 14113)
04-21 20:40:12.859  1508  2316 D BackgroundInstallControlService: Package event received: 0
04-21 20:40:12.868  1508  2340 I LocalDisplayAdapter: SF.setDisplayPowerMode took 155ms
04-21 20:40:12.869  1508  1914 W PowerManagerService: Screen on took 224 ms
04-21 20:40:12.869  1508  1914 I DreamManagerService: Gently waking up from dream.
04-21 20:40:12.872   933  1444 I Lyric   : sensor_generic_driver.cc:2796: TAOTIEFRONT set mode success.
04-21 20:40:12.872   933  1444 I Lyric   : sensor_generic_driver.cc:6171: TAOTIEFRONT load calibration data success.
04-21 20:40:12.872  2379  2379 W FaceManager: Unknown authentication acquired message: 24, 0
04-21 20:40:12.874  1508  4935 I DreamManagerService: Leaving dreamland.
04-21 20:40:12.878   933  2176 I Lyric   : focus_lens_actuator_driver_impl_base.cc:273: act-front-normal Actuator operation mode changed to: Active
04-21 20:40:12.879   933 11187 I Lyric   : focus_lens_actuator_driver_impl_base.cc:978: act-front-normal Event thread is enabled
04-21 20:40:12.879   933  2172 W Lyric   : focus_lens_actuator_driver_impl_base.cc:908: act-front-normal: Periodic IO is already started.
04-21 20:40:12.879   933  2172 I Lyric   : sensor_generic_driver.cc:1310:  event thread started.
04-21 20:40:12.879   933  2172 I Lyric   : sensor_generic_driver.cc:1500: TAOTIEFRONT stream on, size: {width: 1656, height: 1240}, frame rate range: [15, 60], sensor ispfe sync in kernel with sensor-side lwis fence request id: 0
04-21 20:40:12.879   933  2172 I Lyric   : per_camera_barrier_impl.cc:47: Blocker for MultiSensorController_Stop acquired
04-21 20:40:12.879   933  2172 I Lyric   : sensor_node.cc:1480: cam7_sensor Sensor start fence created at frame 0 request 0
04-21 20:40:12.879   933  2168 I Lyric   : zuma_front_end_controller.cc:742: [CAM7] Updating power mode from Standby to Normal on frame 0, and stream_off_fence: 0
04-21 20:40:12.879   933  2168 I Lyric   : zuma_fe_driver.cc:911: [ISPFE] Acquiring context. Sensor: TAOTIEFRONT
04-21 20:40:12.879   933  2168 I Lyric   : switchboard.cc:333: Booked resources: BookedResourceMap below:
04-21 20:40:12.879   933  2168 I Lyric   :   Resource type Bayer OTF at index 4,
04-21 20:40:12.879   933  2168 I Lyric   :   Resource type Image LoCH at index 0,
04-21 20:40:12.879   933  2168 I Lyric   : zuma_csis_core_context.cc:396: [CAM7] Created Zuma CSIS Core context for sensor TAOTIEFRONT with size: {width: 1656, height: 1240}
04-21 20:40:12.879   933  2168 I Lyric   : zuma_csis_phy_link_context.cc:171: Zuma CsisPhyLinkContext_6 sensor with image size: {width: 1656, height: 1240}, format: raw_10
04-21 20:40:12.879   933  2168 I Lyric   : zuma_csis_phy_link_context.cc:1339: Zuma CsisPhyLinkContext_6 Rx CTLE enable: 1, is CPHY: 1, mipi rate: 1961Msps
04-21 20:40:12.879   933  2168 I Lyric   : zuma_csis_phy_link_context.cc:204: Zuma CsisPhyLinkContext_6 Enable Rx CTLE enable settings NcCoef: 0x0, CntRout: 0x1, BiasCon: 0x3c, RselCnt: 0x3, CapCnt: 0xb
04-21 20:40:12.879   933  2168 I Lyric   : zuma_fc_bayer_context.cc:45: FC bayer context 4 for camera 7 created, sensor output size: {width: 1656, height: 1240} bayer output size: 1656 x 1240
04-21 20:40:12.880   933  2168 I Lyric   : zuma_lmp_line_buffer.h:50: For LMP bayer context index 4, requested width 1656 compared to last used width -1, after allocation, the available linebuffer size is 17032
04-21 20:40:12.880   933  2168 I Lyric   : zuma_lmp_bayer_context.cc:62: Created Zuma LMP context with bayer size: 1656 x 1240 for sensor output stream 1656 x 1240
04-21 20:40:12.880   933  1484 I Lyric   : zuma_fe_pdma_driver.cc:153: [FEIRQ] FE PDMA event 608 #1, timestamp: 132713281650878, name: IspFe.pdma_rstctl.Context0SwResetDone
04-21 20:40:12.880   933  2168 I Lyric   : test_pattern_calculator.h:75: TpgSync clock: 115000 KHz, fps: 60
04-21 20:40:12.880   933  2168 W Lyric   : test_pattern_calculator.h:116: Calculated hblank interval value of 0 is out of range, clamp to [384, 65535]
04-21 20:40:12.880   933  2168 I Lyric   : image_logical_channel.cc:119: CSIS Core: ImgLoch_0 size: {width: 1656, height: 1240} auto_rec hblanking: 384 auto_rec vblanking: 9603752
04-21 20:40:12.880   933  2168 I Lyric   : zuma_csis_phy_link_context.cc:249: Zuma CsisPhyLinkContext_6 Camera ID(7) Initialized
04-21 20:40:12.881   933  2168 I Lyric   : zuma_csis_phy_link_context.cc:961: Zuma CsisPhyLinkContext_6 IspConfigCh0 with virtual channel: 0, parallel mode: 0, size: {width: 1656, height: 1240}, format: raw_10
04-21 20:40:12.881   933  2168 I Lyric   : zuma_csis_phy_link_context.cc:257: Zuma CsisPhyLinkContext_6 enabled
04-21 20:40:12.881   933  2168 I Lyric   : frame_override_helper.cc:17: [CAM7][ISPFE] FrameOverrideHelper is calculating setting_effective_frame_override with a margin of 0
04-21 20:40:12.881   933  2168 I Lyric   : fe_programming_async.cc:93: Creating FeProgrammingAsync with context_info.indices: {bayer_context_index = [4], pdaf_context_index = nullopt, image_loch_indices = [0], pdaf_loch_indices = [], vc_loch_index = nullopt, rdma_indices = []}, context_info.acquired: {csis_phy_link = true, lmp_bayer = true, lmp_pdaf = false, fc_bayer = true, fc_pdaf = false, csis_image_wdmas = [], csis_pd_wdmas = [], csis_vc_wdma = false, csis_rdmas = []}, sof drift correction: 1, sof timeout detection: 1
04-21 20:40:12.881   933  2168 I Lyric   : zuma_fe_utils.cc:386: ISP-FE Bandwidth Formula V1.1
04-21 20:40:12.881   933  2168 I Lyric   : zuma_fe_utils.cc:409: ISP-FE Clock Formula V1.7
04-21 20:40:12.881   933  2168 I Lyric   : zuma_fe_driver.cc:1389: ISP-FE Qos Update: context(0), csi clock: 310000000, lmp clock: 157005360
04-21 20:40:12.882   933  2168 I Lyric   : zuma_fe_driver.cc:1444: ISP-FE Qos Update: clock frequency: 310000000, write bandwidth: 200369760, read bandwidth: 0
04-21 20:40:12.882   933  2168 I Lyric   : secure_operation_controller.cc:24: SecureOperationController: Requested secure session for fe
04-21 20:40:12.882   933  2168 I Lyric   : zuma_front_end_controller.cc:201: [CAM7] Acquired driver context for exposure 0.
04-21 20:40:12.882   933  2168 I Lyric   : per_camera_barrier_impl.cc:47: Blocker for FeControllerBlockCam7ToStop#0 acquired
04-21 20:40:12.882   933  2168 E Lyric   : software_fence.cc:40: Resetting unsignaled fence unnamed
04-21 20:40:12.882   933  2168 I Lyric   : front_end_node.cc:2713: cam7_frontend HalPixelFormat for FrontEndNode RAW16_BAYER_SBWC 1656 x 1240
04-21 20:40:12.882   933  2168 I Lyric   : zuma_front_end_controller.cc:309: [CAM7] The first sensor frame number is changed from -1 to 1 for exposure index 0.
04-21 20:40:12.883   933  2168 I Lyric   : fe_programming_async.cc:574: [CAM7][ISPFE] Submitting config for sensor frame # 1 (abs 0)) to execute immediately
04-21 20:40:12.883   933  2168 I Lyric   : register_sets.cc:171: ISPFE RegisterUpdate Expression events: IspFe.fc_bayer.Context4FcRegUpdated 
04-21 20:40:12.883   933  2168 I Lyric   : fe_programming_async.cc:684: Sensor start fence created by sensor for cam7 should be signaled by ISPFE in kernel at sensor frame # 1 (abs 0)
04-21 20:40:12.883   933  2168 I Lyric   : fe_programming_async.cc:712: [CAM7][ISPFE] Submitted SensorStartBlocker transaction id 33964
04-21 20:40:12.883   933  2168 I Lyric   : fe_programming_async.cc:651: [CAM7][ISPFE] Submitted config for sensor frame # 1 (abs 0) with transaction id 33965
04-21 20:40:12.884   933  1483 I Lyric   : fe_programming_async_event_handler.cc:113: [FEIRQ] Received event IspFe.fe_programming.Context0SubmitProgrammingSuccess. Count: 1. Timestamp: 132713284934936 ns.
04-21 20:40:12.884   933  1483 I Lyric   : fe_programming_async_event_handler.cc:113: [FEIRQ] Received event IspFe.fe_programming.Context0SensorStartBlockerSuccess. Count: 1. Timestamp: 132713285111734 ns.
04-21 20:40:12.884   933  1483 I Lyric   : image_logical_channel.cc:264: CSIS Core: Setting loch_en for ImgLoch_0
04-21 20:40:12.884   933 11191 I Lyric   : sensor_generic_driver.cc:1185: TAOTIEFRONT stream on success. Transaction delay: 4.763469ms
04-21 20:40:12.885  1508  1863 I DreamController: Stopping dream: name=ComponentInfo{com.android.systemui/com.android.systemui.doze.DozeService}, isPreviewMode=false, canDoze=true, userId=0, reason='finished self'(from 'power manager request')
04-21 20:40:12.902   933  1483 I Lyric   : fe_programming_async_event_handler.cc:113: [FEIRQ] Received event IspFe.fe_programming.Context0SofSyncSuccess. Count: 1. Timestamp: 132713303731526 ns.
04-21 20:40:12.902   933 11191 I Lyric   : sensor_generic_driver.cc:1017: TAOTIEFRONT 1st SOF arrived. Delay from stream on: 23.407511ms Delay from stream on transaction: 18.488769ms (Delay - exposure time): 2.4531215ms
04-21 20:40:12.902   933  1484 I Lyric   : zuma_csis_core_driver.cc:261: [FEIRQ] CSIS Core context 0: event IspFe.csis_core_cmn_ctl.Loch0 #1, category: 8, count: 1, timestamp: 132713303779052
04-21 20:40:12.904   933  1484 I Lyric   : zuma_lmp_driver.cc:455: [FEIRQ] Lmp bayer context 4, event 2305843009213694852, name: IspFe.lmp_bayer.Context4CdafPrimary, count: 1, timestamp: 132713305816609
04-21 20:40:12.904   933 11191 W Lyric   : shutter_notification_manager.cc:269: 1 calls in 269 sec(s): vsync timeout for frame 1
04-21 20:40:12.904   933 11191 I Lyric   : shutter_notification_manager.cc:311: 1 calls in 269 sec(s): vsync_timestamp unavailable. Apply previous vsync_sof_offset -75610
