04-21 20:37:29.814  1508  2410 W Transition: Transition already started id=3091 state=2
04-21 20:37:29.815  1508  1863 V WindowManager: Sent Transition (#3091) createdAt=04-21 20:37:29.812 via request=TransitionRequestInfo { type = SLEEP, triggerTask = null, pipChange = null, remoteTransitionInfo = null, displayChange = null, requestedLocation = null, userChange = null, windowingLayerChange = null, fullscreenRequestChange = null, flags = 0, debugId = 3091 }
04-21 20:37:29.815  1508  1863 V WindowManager:     startWCT=WindowContainerTransaction { changes= {} hops= [] flags= 0 errorCallbackToken=null taskFragmentOrganizer=null }
04-21 20:37:29.815  1508  1863 V WindowManager:     info={id=3091 t=SLEEP f=0x40 trk=0 r=[] c=[]}
04-21 20:37:29.815  2379  2417 V WindowManagerShell: onTransitionReady (#3091) android.os.BinderProxy@6cd4ff5: {id=3091 t=SLEEP f=0x40 trk=0 r=[] c=[]}
04-21 20:37:29.815  2379  2417 V WindowManagerShell: No transition roots in (#3091) android.os.BinderProxy@6cd4ff5@0 so abort
04-21 20:37:29.817  2379  2417 V WindowManagerShell: Transition animation finished (aborted=true), notifying core (#3091) android.os.BinderProxy@6cd4ff5@0
04-21 20:37:29.819  1508  1863 V WindowManager: Finish Transition (#3091): created at 04-21 20:37:29.812 collect-started=0.19ms request-sent=0.337ms started=0.832ms ready=0.81ms sent=1.179ms finished=6.088ms
04-21 20:37:29.820  2379  2417 V WindowManagerShell: Track 0 became idle
04-21 20:37:29.820  2379  2417 V WindowManagerShell: All active transition animations finished
04-21 20:37:29.840  1508  2190 D HintManagerService: Starts cleaning for 10319
04-21 20:37:30.027  2547  2547 V AdaptiveHaptics: Vice: received message MESSAGE_TYPE_CONTEXT_UPDATE
04-21 20:37:30.029  2547  2547 I AdaptiveHaptics: Skip for same intensity INTENSITY_MEDIUM
04-21 20:37:30.029  2547  2547 I AdaptiveHaptics: State updated : Intensity : INTENSITY_MEDIUM
04-21 20:37:30.029  2547  2547 I AdaptiveHaptics:     Vice: 
04-21 20:37:30.029  2547  2547 I AdaptiveHaptics:       Capo: IN_MOTION
04-21 20:37:30.029  2547  2547 I AdaptiveHaptics:       AmbientVolume: QUIET
04-21 20:37:30.029  2547  2547 I AdaptiveHaptics:       AmbientLight: BRIGHT
04-21 20:37:30.029  2547  2547 I AdaptiveHaptics:       Pocket: NOT_IN_POCKET
04-21 20:37:30.359  1508  2302 I MR2ServiceImpl: Updating composite discovery preference | preference: RouteDiscoveryRequest{ preferredFeatures={}, activeScan=false }, active routers: []
04-21 20:37:31.143  2547  2547 V AdaptiveHaptics: Vice: received message MESSAGE_TYPE_CONTEXT_UPDATE
04-21 20:37:31.145  2547  2547 I AdaptiveHaptics: Matched: IN_MOTION       LOUD            
04-21 20:37:31.146  2547  2547 I AdaptiveHaptics: Set scale to manager: 1.8 for types: 4
04-21 20:37:31.146  2547  2547 I AdaptiveHaptics: Set scale to manager: 1.8 for types: 1
04-21 20:37:31.146  2547  2547 I AdaptiveHaptics: Set scale to manager: 1.8 for types: 2
04-21 20:37:31.146  2547  2547 I AdaptiveHaptics: State updated : Intensity : INTENSITY_HIGH
04-21 20:37:31.146  2547  2547 I AdaptiveHaptics:     Vice: 
04-21 20:37:31.146  2547  2547 I AdaptiveHaptics:       Capo: IN_MOTION
04-21 20:37:31.146  2547  2547 I AdaptiveHaptics:       AmbientVolume: LOUD
04-21 20:37:31.146  2547  2547 I AdaptiveHaptics:       AmbientLight: BRIGHT
04-21 20:37:31.146  2547  2547 I AdaptiveHaptics:       Pocket: NOT_IN_POCKET
04-21 20:37:31.341  1508  2189 D ActivityManager: freezing 19997 com.google.android.webview:sandboxed_process0:org.chromium.content.app.SandboxedProcessService0:0
04-21 20:37:31.351  1508  2189 D ActivityManager: freezing 6446 com.android.chrome
04-21 20:37:31.356  1508  2189 D ActivityManager: freezing 28908 com.android.chrome:sandboxed_process0:org.chromium.content.app.SandboxedProcessService0:15
04-21 20:37:31.359  1508  2189 D ActivityManager: freezing 6585 com.android.chrome:sandboxed_process0:org.chromium.content.app.SandboxedProcessService0:0
04-21 20:37:31.362  1508  2189 D ActivityManager: freezing 14706 com.android.chrome:sandboxed_process0:org.chromium.content.app.SandboxedProcessService0:12
04-21 20:37:31.364  1508  2189 D ActivityManager: freezing 6512 com.android.chrome:privileged_process0
04-21 20:37:31.782  1508  1888 D ActivityManager: sync unfroze 6446 com.android.chrome for 3
04-21 20:37:31.792  1508  1888 D ActivityManager: sync unfroze 19997 com.google.android.webview:sandboxed_process0:org.chromium.content.app.SandboxedProcessService0:0 for 3
04-21 20:37:31.796  1508  1888 D ActivityManager: sync unfroze 6585 com.android.chrome:sandboxed_process0:org.chromium.content.app.SandboxedProcessService0:0 for 3
04-21 20:37:31.798  1508  1888 D ActivityManager: sync unfroze 28908 com.android.chrome:sandboxed_process0:org.chromium.content.app.SandboxedProcessService0:15 for 3
04-21 20:37:31.801  1508  1888 D ActivityManager: sync unfroze 6512 com.android.chrome:privileged_process0 for 3
04-21 20:37:31.803  1508  1888 D ActivityManager: sync unfroze 14706 com.android.chrome:sandboxed_process0:org.chromium.content.app.SandboxedProcessService0:12 for 3
04-21 20:37:31.829  1508  2316 D BackgroundInstallControlService: Package event received: 0
04-21 20:37:31.913  2547  2547 V AdaptiveHaptics: Vice: received message MESSAGE_TYPE_CONTEXT_UPDATE
04-21 20:37:31.916  2547  2547 I AdaptiveHaptics: Matched: STILLNESS       LOUD            
04-21 20:37:31.917  2547  2547 I AdaptiveHaptics: Skip for same intensity INTENSITY_HIGH
04-21 20:37:31.918  2547  2547 I AdaptiveHaptics: State updated : Intensity : INTENSITY_HIGH
04-21 20:37:31.918  2547  2547 I AdaptiveHaptics:     Vice: 
04-21 20:37:31.918  2547  2547 I AdaptiveHaptics:       Capo: STILLNESS
04-21 20:37:31.918  2547  2547 I AdaptiveHaptics:       AmbientVolume: LOUD
04-21 20:37:31.918  2547  2547 I AdaptiveHaptics:       AmbientLight: BRIGHT
04-21 20:37:31.918  2547  2547 I AdaptiveHaptics:       Pocket: NOT_IN_POCKET
04-21 20:37:31.941  1508  2316 D BackgroundInstallControlService: Package event received: 0
04-21 20:37:31.944  1508  2316 D BackgroundInstallControlService: Package event received: 0
04-21 20:37:31.992  1508  2189 D ActivityManager: freezing 13125 com.google.android.apps.privacy.wildlife
04-21 20:37:32.317  1508  1866 I DisplayDeviceRepository: Display device changed render timings: "Built-in Screen", renderFrameRate=120.00001, presentationDeadlineNanos=11500000, appVsyncOffsetNanos=6233332, frameRateOverrides=[]
04-21 20:37:34.091  1508  1508 I AS.AudioService: shouldNotificationSoundPlay false: muted stream:5 attr:AudioAttributes: usage=USAGE_NOTIFICATION content=CONTENT_TYPE_SONIFICATION flags=0x800(FLAG_MUTE_HAPTIC)  tags= bundle=null
04-21 20:37:34.120  1508  2268 D ActivityManager: sync unfroze 29640 android.process.acore for 7
04-21 20:37:34.122  1508  2316 D BackgroundInstallControlService: Package event received: 0
04-21 20:37:34.122  1508  2316 D BackgroundInstallControlService: Package event received: 0
04-21 20:37:34.122  1508  2316 D BackgroundInstallControlService: Package event received: 0
04-21 20:37:34.122  1508  2316 D BackgroundInstallControlService: Package event received: 0
04-21 20:37:34.133  1508  2316 D BackgroundInstallControlService: Package event received: 0
04-21 20:37:34.133  1508  1508 W LocaleConfig: The resource file pointed to by the given resource ID isn't found.
04-21 20:37:34.136  1508  1508 V NotificationHistory: Attempted to add notif for locked/gone/disabled user 0
04-21 20:37:34.376  2379  2379 W LocaleConfig: The resource file pointed to by the given resource ID isn't found.
04-21 20:37:34.391  2379  2969 W LocaleConfig: The resource file pointed to by the given resource ID isn't found.
04-21 20:37:34.392  2379  2969 W LocaleConfig: The resource file pointed to by the given resource ID isn't found.
04-21 20:37:34.409  2379  2969 W LocaleConfig: The resource file pointed to by the given resource ID isn't found.
04-21 20:37:34.597  2547  7767 I AdaptiveHaptics: Request params from server: typesMask=2, deadlineElapsedRealtimeMilli=50
04-21 20:37:34.995  1508  4694 W ActivityManager: Background start not allowed: service Intent { xflg=0x4 cmp=com.google.android.apps.photos/com.google.android.libraries.social.mediamonitor.BackgroundThreadNotifierIntentService (has extras) } to com.google.android.apps.photos/com.google.android.libraries.social.mediamonitor.BackgroundThreadNotifierIntentService from pid=8990 uid=10213 pkg=com.google.android.apps.photos startFg?=false
04-21 20:37:35.468  1508  4928 W ActivityManager: Background start not allowed: service Intent { xflg=0x4 cmp=com.google.android.apps.photos/com.google.android.libraries.social.mediamonitor.BackgroundThreadNotifierIntentService (has extras) } to com.google.android.apps.photos/com.google.android.libraries.social.mediamonitor.BackgroundThreadNotifierIntentService from pid=8990 uid=10213 pkg=com.google.android.apps.photos startFg?=false
04-21 20:37:35.630  1508  1888 D ActivityManager: sync unfroze 2764 com.android.settings for 10
04-21 20:37:35.633  1508  1888 D ActivityManager: sync unfroze 20634 system:ui for 10
04-21 20:37:35.635  1508  1888 D ActivityManager: sync unfroze 17460 com.android.DeviceAsWebcam for 10
04-21 20:37:35.637  1508  1888 D ActivityManager: sync unfroze 3731 com.google.android.apps.wellbeing for 10
04-21 20:37:38.969  1508  2189 D ActivityManager: freezing 8990 com.google.android.apps.photos
04-21 20:37:39.373  1508  2189 D ActivityManager: freezing 13026 com.google.android.crossdeviceaccessservice
04-21 20:37:39.543   504 10915 I keystore2: system/security/keystore2/watchdog/src/lib.rs:371 - Watchdog thread idle -> terminating. Have a great day.
04-21 20:37:43.961  1508  2189 D ActivityManager: freezing 19997 com.google.android.webview:sandboxed_process0:org.chromium.content.app.SandboxedProcessService0:0
04-21 20:37:43.967  1508  2189 D ActivityManager: freezing 6446 com.android.chrome
04-21 20:37:43.972  1508  2189 D ActivityManager: freezing 28908 com.android.chrome:sandboxed_process0:org.chromium.content.app.SandboxedProcessService0:15
04-21 20:37:43.974  1508  2189 D ActivityManager: freezing 6585 com.android.chrome:sandboxed_process0:org.chromium.content.app.SandboxedProcessService0:0
04-21 20:37:43.977  1508  2189 D ActivityManager: freezing 14706 com.android.chrome:sandboxed_process0:org.chromium.content.app.SandboxedProcessService0:12
04-21 20:37:43.980  1508  2189 D ActivityManager: freezing 6512 com.android.chrome:privileged_process0
04-21 20:37:44.156  1508  1895 W ProcessStats: Tracking association SourceState{a083eef system/1000 ImpBg #324642} whose proc state 6 is better than process ProcessState{a2c4c8 com.google.android.apps.pixel.dcservice/10256 pkg=com.google.android.apps.pixel.dcservice} proc state 14 (23 skipped)
04-21 20:37:49.199  1508  2316 D BackgroundInstallControlService: Package event received: 0
04-21 20:37:49.242  8281  3500 E ActivityThread: Failed to find provider info for gmail-ofls
04-21 20:37:49.999  1508  2316 D BackgroundInstallControlService: Package event received: 0
04-21 20:37:50.007  1508  2316 D BackgroundInstallControlService: Package event received: 0
04-21 20:37:51.817  1508  2189 D ActivityManager: freezing 19776 com.google.android.gm
04-21 20:37:54.319   987  1090 I vendor.google.wifi_ext-service-vendor: Wifi: Resetting SAR Scenario to default
04-21 20:37:55.669  1508  2189 D ActivityManager: freezing 2764 com.android.settings
04-21 20:37:55.678  1508  2189 D ActivityManager: freezing 20634 system:ui
04-21 20:37:55.681  1508  2189 D ActivityManager: freezing 17460 com.android.DeviceAsWebcam
04-21 20:37:55.683  1508  2189 D ActivityManager: freezing 3731 com.google.android.apps.wellbeing
04-21 20:37:58.002  1508  2189 D ActivityManager: freezing 5414 com.google.android.apps.messaging
04-21 20:38:00.770  1508  2189 D ActivityManager: freezing 8281 com.google.android.gms
04-21 20:38:00.785  1508  2189 D ActivityManager: freezing 5457 com.google.android.adservices.api
04-21 20:38:01.145  2547  2547 V AdaptiveHaptics: Vice: received message MESSAGE_TYPE_CONTEXT_UPDATE
04-21 20:38:01.149  2547  2547 I AdaptiveHaptics: Matched: STILLNESS       QUIET           
04-21 20:38:01.149  2547  2547 I AdaptiveHaptics: Set scale to manager: 0.6 for types: 4
04-21 20:38:01.149  2547  2547 I AdaptiveHaptics: Set scale to manager: -1.0 for types: 1
04-21 20:38:01.149  2547  2547 I AdaptiveHaptics: Set scale to manager: 0.6 for types: 2
04-21 20:38:01.150  2547  2547 I AdaptiveHaptics: State updated : Intensity : INTENSITY_LOW
04-21 20:38:01.150  2547  2547 I AdaptiveHaptics:     Vice: 
04-21 20:38:01.150  2547  2547 I AdaptiveHaptics:       Capo: STILLNESS
04-21 20:38:01.150  2547  2547 I AdaptiveHaptics:       AmbientVolume: QUIET
04-21 20:38:01.150  2547  2547 I AdaptiveHaptics:       AmbientLight: BRIGHT
04-21 20:38:01.150  2547  2547 I AdaptiveHaptics:       Pocket: NOT_IN_POCKET
04-21 20:38:09.013  1508  1902 D AppOpHistoryHelper: MetricHandler reporting 12 records.
04-21 20:38:10.258  1508  2189 D ActivityManager: freezing 29640 android.process.acore
04-21 20:38:12.248 29791 10986 E ActivityThread: Failed to find provider info for com.facebook.stella.assistant.deviceconnectionstate
04-21 20:38:12.251 29791 10986 E ActivityThread: Failed to find provider info for com.facebook.stella_debug.assistant.deviceconnectionstate
04-21 20:38:12.409  1508  2128 D ActivityManager: sync unfroze 8281 com.google.android.gms for 6
04-21 20:38:12.412  1508  2128 D ActivityManager: sync unfroze 5457 com.google.android.adservices.api for 6
04-21 20:38:12.425  1508  3022 W ProcessStats: Tracking association SourceState{d4839a0 com.google.android.gms.persistent/10136 ImpBg #324670} whose proc state 6 is better than process ProcessState{b3ed55e com.google.android.gms/10136 pkg=com.google.android.gms} proc state 14 (1 skipped)
04-21 20:38:22.494  1508  2189 D ActivityManager: freezing 8281 com.google.android.gms
04-21 20:38:22.510  1508  2189 D ActivityManager: freezing 5457 com.google.android.adservices.api
04-21 20:38:28.821  1508  1888 W ActivityManager: Stopping service due to app idle: u0a319 -3m15s272ms com.whatsapp/.messageservice.messaging.MessageService
04-21 20:38:32.401  1508  4935 D ActivityManager: sync unfroze 8281 com.google.android.gms for 6
04-21 20:38:32.403  1508  4935 D ActivityManager: sync unfroze 5457 com.google.android.adservices.api for 6
04-21 20:38:32.880  1508  2189 D ActivityManager: freezing 10158 com.google.android.googlequicksearchbox:search
04-21 20:38:32.940 29791 10997 E ActivityThread: Failed to find provider info for com.facebook.stella.assistant.deviceconnectionstate
04-21 20:38:32.943 29791 10997 E ActivityThread: Failed to find provider info for com.facebook.stella_debug.assistant.deviceconnectionstate
04-21 20:38:33.441 29791  7310 W NotificationManager: Shedding cancel (dupe) of NotificationKey[user=UserHandle{0}, pkg=com.whatsapp, tag=SpVyuMr5iCI8xCSCJnNKy+QV/8RYvedFwj1wGLfiHGM=
04-21 20:38:33.441 29791  7310 W NotificationManager: , id=118], rate limit (5.0) exceeded: input 9.04302, output would be 6.2983146
04-21 20:38:33.554  1508  2316 D BackgroundInstallControlService: Package event received: 0
04-21 20:38:33.790  1508  1895 W ProcessStats: Tracking association SourceState{a083eef system/1000 ImpBg #324684} whose proc state 6 is better than process ProcessState{a2c4c8 com.google.android.apps.pixel.dcservice/10256 pkg=com.google.android.apps.pixel.dcservice} proc state 14 (2 skipped)
04-21 20:38:33.938  1508  2268 D ActivityManager: sync unfroze 29640 android.process.acore for 7
04-21 20:38:33.939  1508  2316 D BackgroundInstallControlService: Package event received: 0
04-21 20:38:33.939  1508  2316 D BackgroundInstallControlService: Package event received: 0
04-21 20:38:33.939  1508  2316 D BackgroundInstallControlService: Package event received: 0
04-21 20:38:33.939  1508  2316 D BackgroundInstallControlService: Package event received: 0
04-21 20:38:33.945  1508  1508 V NotificationHistory: Attempted to add notif for locked/gone/disabled user 0
04-21 20:38:33.949  1508  2316 D BackgroundInstallControlService: Package event received: 0
04-21 20:38:33.949  1508  1508 I AS.AudioService: shouldNotificationSoundPlay false: muted stream:5 attr:AudioAttributes: usage=USAGE_NOTIFICATION content=CONTENT_TYPE_SONIFICATION flags=0x800(FLAG_MUTE_HAPTIC)  tags= bundle=null
04-21 20:38:33.992  2379  2379 D InsetsController: hide(ime())
04-21 20:38:33.994  2379  2379 D InsetsController: hide(ime())
04-21 20:38:33.996  2379  2379 D InsetsController: hide(ime())
04-21 20:38:33.999  2379  2379 D InsetsController: hide(ime())
04-21 20:38:34.342  2379  2379 D InsetsController: hide(ime())
04-21 20:38:34.455  2547  7767 I AdaptiveHaptics: Request params from server: typesMask=2, deadlineElapsedRealtimeMilli=50
04-21 20:38:34.717   987   987 I vendor.google.wifi_ext-service-vendor: Wifi: Setting SAR Scenario to 3
04-21 20:38:40.089  1508  2316 D BackgroundInstallControlService: Package event received: 0
04-21 20:38:40.092  1508  2316 D BackgroundInstallControlService: Package event received: 0
04-21 20:38:40.131  1508  2146 W JobServiceContext: Sending onNetworkChanged for a job that isn't started. JobStatus{ec48478 #u0a295/25 com.google.android.adservices.api/com.android.adservices.service.measurement.reporting.DebugReportingFallbackJobService u=0 s=10295 TIME=-32s371ms:+59m27s629ms NET PERIODIC PERSISTED READY}
04-21 20:38:40.131  1508  2146 W JobServiceContext: Sending onNetworkChanged for a job that isn't started. JobStatus{ea66146 #u0a295/24 com.google.android.adservices.api/com.android.adservices.service.measurement.reporting.VerboseDebugReportingFallbackJobService u=0 s=10295 TIME=-32s376ms:+59m27s624ms NET PERIODIC PERSISTED READY}
04-21 20:38:40.131  1508  2146 W JobServiceContext: Sending onNetworkChanged for a job that isn't started. JobStatus{144565d #u0a295/19 com.google.android.adservices.api/com.android.adservices.spe.AdServicesJobService u=0 s=10295 TIME=-32s372ms:+59m27s628ms NET BATNOTLOW PERIODIC PERSISTED READY}
04-21 20:38:40.132  1508  2146 W JobServiceContext: Sending onNetworkChanged for a job that isn't started. JobStatus{40ed03 #u0a295/7 com.google.android.adservices.api/com.android.adservices.service.measurement.reporting.AggregateReportingJobService u=0 s=10295 TIME=-32s422ms:+59m27s578ms NET BATNOTLOW PERIODIC PERSISTED READY}
04-21 20:38:40.273  1508  2901 D ActivityManager: sync unfroze 17857 com.google.android.as.oss:learning_bg for 6
04-21 20:38:40.300  1508  4935 W JobScheduler: Job didn't exist in JobStore: ed5e0e3 #u0a167/-1679289975 com.google.android.as.oss/com.google.android.gms.learning.internal.training.InAppJobService
04-21 20:38:40.317  1508  4935 W JobScheduler: Job didn't exist in JobStore: 9f8b8e4 #u0a167/-280572046 com.google.android.as.oss/com.google.android.gms.learning.internal.training.InAppJobService
04-21 20:38:43.986  1508  1895 W ProcessStats: Tracking association SourceState{a083eef system/1000 ImpBg #324718} whose proc state 6 is better than process ProcessState{a2c4c8 com.google.android.apps.pixel.dcservice/10256 pkg=com.google.android.apps.pixel.dcservice} proc state 14 (3 skipped)
04-21 20:38:45.686  1508  1888 D ActivityManager: sync unfroze 19776 com.google.android.gm for 3
04-21 20:38:45.691  1508  1888 D ActivityManager: sync unfroze 6446 com.android.chrome for 3
04-21 20:38:45.693  1508  1888 D ActivityManager: sync unfroze 19997 com.google.android.webview:sandboxed_process0:org.chromium.content.app.SandboxedProcessService0:0 for 3
04-21 20:38:45.697  1508  1888 D ActivityManager: sync unfroze 6585 com.android.chrome:sandboxed_process0:org.chromium.content.app.SandboxedProcessService0:0 for 3
04-21 20:38:45.698  1508  1888 D ActivityManager: sync unfroze 28908 com.android.chrome:sandboxed_process0:org.chromium.content.app.SandboxedProcessService0:15 for 3
04-21 20:38:45.702  1508  1888 D ActivityManager: sync unfroze 6512 com.android.chrome:privileged_process0 for 3
04-21 20:38:45.703  1508  1888 D ActivityManager: sync unfroze 14706 com.android.chrome:sandboxed_process0:org.chromium.content.app.SandboxedProcessService0:12 for 3
04-21 20:38:45.815  1508  2316 D BackgroundInstallControlService: Package event received: 0
04-21 20:38:46.013  8281  3500 E ActivityThread: Failed to find provider info for gmail-ofls
04-21 20:38:46.064  1508  2316 D BackgroundInstallControlService: Package event received: 0
04-21 20:38:46.102  1508  2316 D BackgroundInstallControlService: Package event received: 0
04-21 20:38:47.970  1508  1508 I AS.AudioService: shouldNotificationSoundPlay false: muted stream:5 attr:AudioAttributes: usage=USAGE_NOTIFICATION content=CONTENT_TYPE_SONIFICATION flags=0x800(FLAG_MUTE_HAPTIC)  tags= bundle=null
04-21 20:38:48.073  1508  2316 D BackgroundInstallControlService: Package event received: 0
04-21 20:38:48.073  1508  1508 W LocaleConfig: The resource file pointed to by the given resource ID isn't found.
04-21 20:38:48.077  1508  1508 V NotificationHistory: Attempted to add notif for locked/gone/disabled user 0
04-21 20:38:48.334  2379  2379 W LocaleConfig: The resource file pointed to by the given resource ID isn't found.
04-21 20:38:48.350  2379  2969 W LocaleConfig: The resource file pointed to by the given resource ID isn't found.
04-21 20:38:48.477  2547  7767 I AdaptiveHaptics: Request params from server: typesMask=2, deadlineElapsedRealtimeMilli=50
04-21 20:38:48.485  8281  3500 E ActivityThread: Failed to find provider info for gmail-ofls
04-21 20:38:50.345  1508  2189 D ActivityManager: freezing 17857 com.google.android.as.oss:learning_bg
04-21 20:38:50.386  8281  1739 E ActivityThread: Failed to find provider info for gmail-ofls
04-21 20:38:50.391  8281  1739 E ActivityThread: Failed to find provider info for gmail-ofls
04-21 20:38:51.507  8281  3500 E ActivityThread: Failed to find provider info for gmail-ofls
04-21 20:38:55.244  1508  4938 W ProcessStats: Tracking association SourceState{cb75046 com.whatsapp/10319 Top #324838} whose proc state 1 is better than process ProcessState{8901570 com.google.android.gms.persistent/10136 pkg=com.google.android.gms} proc state 2 (49 skipped)
04-21 20:39:05.471  1508  3022 W ProcessStats: Tracking association SourceState{cb75046 com.whatsapp/10319 Top #324848} whose proc state 1 is better than process ProcessState{8901570 com.google.android.gms.persistent/10136 pkg=com.google.android.gms} proc state 2 (10 skipped)
04-21 20:39:07.322  1508  2316 D BackgroundInstallControlService: Package event received: 0
04-21 20:39:07.322  1508  2316 D BackgroundInstallControlService: Package event received: 0
04-21 20:39:09.571  1508  2316 D BackgroundInstallControlService: Package event received: 0
04-21 20:39:10.028  1508  2189 D ActivityManager: freezing 29640 android.process.acore
04-21 20:39:12.606  1508  1899 D KernelCpuUidUserSysTimeReader: Removing uids 99087-99087
04-21 20:39:12.608  1508  1899 D KernelCpuUidUserSysTimeReader: Removing uids 99088-99088
04-21 20:39:12.609  1508  1899 D KernelCpuUidUserSysTimeReader: Removing uids 99089-99089
04-21 20:39:12.609  1508  1899 D KernelCpuUidUserSysTimeReader: Removing uids 99090-99090
04-21 20:39:12.609  1508  1899 D KernelCpuUidUserSysTimeReader: Removing uids 99091-99091
04-21 20:39:12.610  1508  1899 D KernelCpuUidUserSysTimeReader: Removing uids 99092-99092
04-21 20:39:14.003   987  1090 I vendor.google.wifi_ext-service-vendor: Wifi: Resetting SAR Scenario to default
04-21 20:39:15.763  1508  2189 D ActivityManager: freezing 19776 com.google.android.gm
04-21 20:39:15.784  1508  2189 D ActivityManager: freezing 19997 com.google.android.webview:sandboxed_process0:org.chromium.content.app.SandboxedProcessService0:0
04-21 20:39:15.787  1508  2189 D ActivityManager: freezing 6446 com.android.chrome
04-21 20:39:15.791  1508  2189 D ActivityManager: freezing 28908 com.android.chrome:sandboxed_process0:org.chromium.content.app.SandboxedProcessService0:15
04-21 20:39:15.794  1508  2189 D ActivityManager: freezing 6585 com.android.chrome:sandboxed_process0:org.chromium.content.app.SandboxedProcessService0:0
04-21 20:39:15.796  1508  2189 D ActivityManager: freezing 14706 com.android.chrome:sandboxed_process0:org.chromium.content.app.SandboxedProcessService0:12
04-21 20:39:15.799  1508  2189 D ActivityManager: freezing 6512 com.android.chrome:privileged_process0
04-21 20:39:16.612  1508  2128 W ProcessStats: Tracking association SourceState{cb75046 com.whatsapp/10319 Top #324885} whose proc state 1 is better than process ProcessState{8901570 com.google.android.gms.persistent/10136 pkg=com.google.android.gms} proc state 2 (36 skipped)
04-21 20:39:20.157  1508  2189 D ActivityManager: freezing 19732 com.google.android.apps.turbo
04-21 20:39:22.377  1508  2189 D ActivityManager: freezing 8281 com.google.android.gms
04-21 20:39:22.389  1508  2189 D ActivityManager: freezing 5457 com.google.android.adservices.api
04-21 20:39:29.130  1508  2501 W ProcessStats: Tracking association SourceState{cb75046 com.whatsapp/10319 Top #324889} whose proc state 1 is better than process ProcessState{8901570 com.google.android.gms.persistent/10136 pkg=com.google.android.gms} proc state 2 (3 skipped)
04-21 20:39:30.134  1508  2316 D BackgroundInstallControlService: Package event received: 0
04-21 20:39:30.141  1508  2501 D ActivityManager: sync unfroze 19732 com.google.android.apps.turbo for 6
04-21 20:39:30.142  1508  2316 D BackgroundInstallControlService: Package event received: 0
04-21 20:39:43.553  1508  1903 D AppOpHistoryHelper: MetricHandler reporting 89 records.
04-21 20:39:45.288  1508  4928 W ProcessStats: Tracking association SourceState{cb75046 com.whatsapp/10319 Top #324892} whose proc state 1 is better than process ProcessState{8901570 com.google.android.gms.persistent/10136 pkg=com.google.android.gms} proc state 2 (3 skipped)
04-21 20:39:48.256  1508  4928 I SoundTriggerMiddlewareLogging: RECOGNITION (2, RecognitionEventSys{recognitionEvent: RecognitionEvent{status: 0, type: 1, captureAvailable: true, captureDelayMs: 0, capturePreambleMs: 0, triggerInData: false, audioConfig: AudioConfig{base: AudioConfigBase{sampleRate: 16000, channelMask: AudioChannelLayout.layoutMask(1), format: AudioFormatDescription{type: 1, pcm: 1, encoding: }}, offloadInfo: AudioOffloadInfo{base: AudioConfigBase{sampleRate: 0, channelMask: AudioChannelLayout.none(0), format: AudioFormatDescription{type: 0, pcm: 0, encoding: }}, streamType: -2, bitRatePerSecond: 0, durationUs: 0, hasVideo: false, isStreaming: false, bitWidth: 16, offloadBufferSize: 0, usage: -1, encapsulationMode: -1, contentId: 0, syncId: 0}, frameCount: 0}, data: [112, 111, 115, 95, 109, 117, 115, 105, 99, 44, 118, 97, 108, 58, 50, 51, 53, 48, 49], recognitionStillActive: false}, halEventReceivedMillis: 132688652739041, token: android.os.Binder@364f31f}, 13977)
04-21 20:39:48.262  1508  2316 D BackgroundInstallControlService: Package event received: 0
04-21 20:39:48.264  1508  2316 D BackgroundInstallControlService: Package event received: 0
04-21 20:39:48.264  1508  2316 D BackgroundInstallControlService: Package event received: 0
04-21 20:39:48.266  1508  2316 D BackgroundInstallControlService: Package event received: 0
04-21 20:39:51.391  1508  2501 I SoundTriggerMiddlewareLogging: UNLOAD_MODEL (2)
04-21 20:39:51.395  1508  2501 W SoundTriggerHelper: Unload error: Attempting unload invalid generic model with id:9f6ad62a-1f0b-11e7-87c5-40a8f03d3f15
04-21 20:39:51.399  1508  2501 V SoundTriggerHelper: startRecognition
04-21 20:39:51.399  1508  2501 V SoundTriggerHelper: isRecognitionAllowed
04-21 20:39:51.399  1508  2501 V SoundTriggerHelper: deviceState: ENABLE
04-21 20:39:51.399  1508  2501 V SoundTriggerHelper: updateRecognitionLocked
04-21 20:39:51.399  1508  2501 V SoundTriggerHelper: isRecognitionAllowed
04-21 20:39:51.399  1508  2501 V SoundTriggerHelper: deviceState: ENABLE
04-21 20:39:51.399  1508  2501 V SoundTriggerHelper: prepareForRecognition
04-21 20:39:51.431  1508  2501 I SoundTriggerMiddlewareLogging: LOAD_MODEL ("9f6ad62a-1f0b-11e7-87c5-40a8f03d3f15") -> 2
04-21 20:39:51.431  1508  2501 V SoundTriggerHelper: startRecognitionLocked
04-21 20:39:51.431  1508  2501 V SoundTriggerHelper: isRecognitionAllowed
04-21 20:39:51.431  1508  2501 V SoundTriggerHelper: deviceState: ENABLE
04-21 20:39:51.456  1508  2501 I SoundTriggerMiddlewareLogging: START_RECOGNITION (2, RecognitionConfig{captureRequested: true, phraseRecognitionExtras: [], audioCapabilities: 0, data: []}) -> android.os.Binder@ab293d0
04-21 20:39:51.456  1508  2501 I SoundTriggerHelper: startRecognition successful.
04-21 20:39:51.456  1508  2501 W SoundTriggerService: error onStart(): Model 9f6ad62a-1f0b-11e7-87c5-40a8f03d3f15 already started
04-21 20:39:51.457  1508  2501 W SoundTriggerHelper: Unload error: Attempting unload invalid generic model with id:12caddb1-acdb-4dce-8cb0-2e95a2313aee
04-21 20:39:51.457  1508  2501 I SoundTriggerService: error onStop(): Model 12caddb1-acdb-4dce-8cb0-2e95a2313aee has no stats available
04-21 20:39:55.707  1508  2145 V Configuration: Updating configuration, locales updated from [] to [en_US_#u-mu-celsius,es_PE_#u-mu-celsius]
04-21 20:39:55.712  1508  2145 V Configuration: Updating configuration, locales updated from [] to [en_US_#u-mu-celsius,es_PE_#u-mu-celsius]
04-21 20:39:55.720  1508  2145 V Configuration: Updating configuration, locales updated from [] to [en_US_#u-mu-celsius,es_PE_#u-mu-celsius]
04-21 20:39:55.742  1508  2145 D IntervalStats: Unable to parse usage stats packages: [420]
04-21 20:40:00.173  1508  2901 W ProcessStats: Tracking association SourceState{cb75046 com.whatsapp/10319 Top #324898} whose proc state 1 is better than process ProcessState{8901570 com.google.android.gms.persistent/10136 pkg=com.google.android.gms} proc state 2 (1 skipped)
04-21 20:40:00.180  1508  2316 D BackgroundInstallControlService: Package event received: 0
04-21 20:40:00.180  1508  2316 D BackgroundInstallControlService: Package event received: 0
04-21 20:40:12.206  1508  2292 W ProcessStats: Tracking association SourceState{cb75046 com.whatsapp/10319 Top #324902} whose proc state 1 is better than process ProcessState{8901570 com.google.android.gms.persistent/10136 pkg=com.google.android.gms} proc state 2 (3 skipped)
04-21 20:40:12.212   987  1090 I vendor.google.wifi_ext-service-vendor: Wifi: Setting SAR Scenario to 3
04-21 20:40:12.655  1508  2206 I PowerGroup: Waking up power group from Dozing (groupId=0, uid=1000, reason=WAKE_REASON_POWER_BUTTON, details=android.policy:POWER)...
04-21 20:40:12.655  1508  2206 I PowerGroup: dreamManagerAttemptedDozing status changed to false for group 0
04-21 20:40:12.658  1508  2206 I PowerManagerService: Waking up from Dozing (uid=1000, reason=WAKE_REASON_POWER_BUTTON, details=android.policy:POWER)...
04-21 20:40:12.661  1508  2316 D BackgroundInstallControlService: Package event received: 0
04-21 20:40:12.667  1508  2501 D CoreBackPreview: Window{e6febeb u0 NotificationShade}: Setting back callback OnBackInvokedCallbackInfo{mCallback=android.window.IOnBackInvokedCallback$Stub$Proxy@e7e06bf, mPriority=0, mIsAnimationCallback=false, mOverrideBehavior=0}
04-21 20:40:12.668  1508  1914 I DisplayPowerController[0]: Blocking screen on until initial contents have been drawn.
04-21 20:40:12.669  1508  1914 D WindowManager: Remove SleepToken: tag=Display-off, displayId=0
04-21 20:40:12.669  1508  1914 I DisplayPowerController: Window Manager Policy screenTurningOn complete
04-21 20:40:12.685  1508  2316 D BackgroundInstallControlService: Package event received: 0
04-21 20:40:12.686  1508  2316 D BackgroundInstallControlService: Package event received: 0
04-21 20:40:12.686  1508  2316 D BackgroundInstallControlService: Package event received: 0
04-21 20:40:12.686  1508  2316 D BackgroundInstallControlService: Package event received: 0
04-21 20:40:12.686  1508  2316 D BackgroundInstallControlService: Package event received: 0
04-21 20:40:12.686  1508  2316 D BackgroundInstallControlService: Package event received: 0
04-21 20:40:12.686  1508  2316 D BackgroundInstallControlService: Package event received: 0
04-21 20:40:12.686  1508  2316 D BackgroundInstallControlService: Package event received: 0
04-21 20:40:12.686  1508  2316 D BackgroundInstallControlService: Package event received: 0
04-21 20:40:12.686  1508  2316 D BackgroundInstallControlService: Package event received: 0
04-21 20:40:12.686  1508  2302 I MR2ServiceImpl: Updating composite discovery preference | preference: RouteDiscoveryRequest{ preferredFeatures={}, activeScan=false }, active routers: []
04-21 20:40:12.696  2379  2379 D InsetsController: Setting requestedVisibleTypes to 503 (was 501)
04-21 20:40:12.700  2547  2547 D ContextualAwarenessService: Before dispatching ACTION_SCREEN_ON onReceive work to background
04-21 20:40:12.701  2547  2547 D ContextualAwarenessService: After dispatching ACTION_SCREEN_ON onReceive work to background
04-21 20:40:12.701  2547 15167 D ContextualAwarenessService: Before ACTION_SCREEN_ON onReceive work
04-21 20:40:12.701  2547 15167 D ContextualAwarenessService: After ACTION_SCREEN_ON onReceive work
04-21 20:40:12.707  1508  1914 I DisplayBrightnessStrategySelector: Changing the DisplayBrightnessStrategy from ScreenOffBrightnessStrategy to AutoBrightnessFallbackStrategy for display 0
04-21 20:40:12.710  1508  1914 V DisplayPowerController[0]: Brightness [0.01635674] reason changing to: 'screen_off_brightness_sensor', previous reason: 'screen_off'.
04-21 20:40:12.710  1508  1914 I DisplayPowerController[0]: BrightnessEvent: brt=0.01635674(41.0%), nits=35.46313, lux=-1.0, reason=screen_off_brightness_sensor, strat=AutoBrightnessFallbackStrategy, state=ON, stateReason=KEY, policy=BRIGHT, flags=, initBrt=0.0, rcmdBrt=NaN, preBrt=NaN, preLux=0.0, wasShortTermModelActive=false, autoBrightness=true (default), unclampedBrt=0.01635674, hbmMax=0.2922917, hbmMode=off, thrmMax=1.0, rbcStrength=35, powerFactor=1.0, physDisp=Built-in Screen(local:4619827359057144832), logicalId=0, slowChange=false, rampSpeed=0.0
04-21 20:40:12.711  2379  2417 D ShellSplitScreen: onStartedWakingUp
04-21 20:40:12.716  1508  1866 I DisplayDeviceRepository: Display device changed state: "Built-in Screen", ON
04-21 20:40:12.717  1508  1866 I BrightnessSynchronizer: [3600] New Update 0.01635674(f) set brightness values:  5(i)
04-21 20:40:12.717  1508  1866 I BrightnessSynchronizer: New PendingUpdate: {[3601] 0.01635674(f), mUpdatedTypes=0, mConfirmedTypes=0, mTimeUpdated=0}, prev=null
04-21 20:40:12.720  1508  1914 D BrightnessThermalClamper: Thermal status observer already started
04-21 20:40:12.724  1508  1864 D WindowManager: DeferredDisplayUpdater: partially applying DisplayInfo(960 x 2142) immediately
04-21 20:40:12.726  1508  2306 D BiometricScheduler: [Added] {[1181] com.android.server.biometrics.sensors.face.aidl.FaceAuthenticationClient, proto=3, owner=com.android.systemui, cookie=0, requestId=461, userId=0}, new queue size: 1
04-21 20:40:12.726  1508  2306 D BiometricScheduler: [Polled] {[1181] com.android.server.biometrics.sensors.face.aidl.FaceAuthenticationClient, proto=3, owner=com.android.systemui, cookie=0, requestId=461, userId=0}, State: 0
04-21 20:40:12.728  1508  1864 I DisplayDevice: [0] Layerstack set to 0 for local:4619827359057144832
04-21 20:40:12.738  1508  1866 I BrightnessSynchronizer: Swallowing update of 5(i) by update: {[3600] 0.01635674(f), mUpdatedTypes=1, mConfirmedTypes=1, mTimeUpdated=96574369}
04-21 20:40:12.738  1508  1866 I BrightnessSynchronizer: Completed Update: {[3600] 0.01635674(f), mUpdatedTypes=1, mConfirmedTypes=1, mTimeUpdated=96574369}
04-21 20:40:12.754  1508  2306 V ALSProbe: Enable ALS: 95172132
04-21 20:40:12.755  1508  2306 D BiometricScheduler: [Started] {[1181] com.android.server.biometrics.sensors.face.aidl.FaceAuthenticationClient, proto=3, owner=com.android.systemui, cookie=0, requestId=461, userId=0}
04-21 20:40:12.755  1508  2306 D AuthenticationClient: Requesting auth for com.android.systemui
04-21 20:40:12.755  1508  2303 V ALSProbe: Enable ALS: 151485460
04-21 20:40:12.758  1508  2306 V BiometricSchedulerOperation: started: {[1181] com.android.server.biometrics.sensors.face.aidl.FaceAuthenticationClient, proto=3, owner=com.android.systemui, cookie=0, requestId=461, userId=0}, State: 2
04-21 20:40:12.763  1508  2901 E AppOps  : package client.pid<1223> not found, can't check for attributionTag null
04-21 20:40:12.763  1508  2901 E AppOps  : Bad call made by uid 1047. Package "client.pid<1223>" does not belong to uid 1000.
04-21 20:40:12.763  1508  2901 E AppOps  : Cannot getAppOpMode: non-application UID 1000
04-21 20:40:12.764   933  2121 I Lyric   : smart_read_ahead_controller.cc:256: [SMRA] Waking up!
04-21 20:40:12.764   933  2121 I Lyric   : camera_powerhal_impl.cc:189: SetPowerBoost Trigger CAMERA_LAUNCH for 1000ms
04-21 20:40:12.765   933  2156 I Lyric   : smart_read_ahead_controller.cc:63: [SMRA] Processing request
04-21 20:40:12.765   933  2156 I Lyric   : smart_read_ahead_controller.cc:246: [SMRA] UpdateModeAndConfig, config: from 0 to 0, mode: from 0 to 0
04-21 20:40:12.765   933  2172 W Lyric   : device_context.cc:373: NotifyCaptureSessionOpen: No OisController found for physical camera FrontVirtual. Status: NOT_FOUND: Failed to find controller by type and camera id(FrontVirtual); Controller with ID: optical image stabilization controller for camera: FrontVirtual not present in device_context
04-21 20:40:12.765   933  2172 W Lyric   : device_context.cc:373: NotifyCaptureSessionOpen: No OisController found for physical camera Front. Status: NOT_FOUND: Failed to find controller by type and camera id(Front); Controller with ID: optical image stabilization controller for camera: Front not present in device_context
04-21 20:40:12.766   933  2172 I G3ACoordinator: coordinator.cc:1082: Coordinator::AeNotifyCaptureSessionOpen called for camera: {position: front, lens_type: multi_fov, spectrum: visible, instance: real, capability: {default_mode: 1, in_sensor_hdr: 1, remosaic: 0, max_resolution: 0}}
04-21 20:40:12.766   933  2172 I G3ACoordinator: coordinator.cc:1106: Coordinator::AfNotifyCaptureSessionOpen called for camera: {position: front, lens_type: multi_fov, spectrum: visible, instance: real, capability: {default_mode: 1, in_sensor_hdr: 1, remosaic: 0, max_resolution: 0}}
04-21 20:40:12.766   933  2172 I G3ACoordinator: coordinator.cc:1131: Coordinator::AsdNotifyCaptureSessionOpen called for camera: {position: front, lens_type: multi_fov, spectrum: visible, instance: real, capability: {default_mode: 1, in_sensor_hdr: 1, remosaic: 0, max_resolution: 0}}
04-21 20:40:12.766   933  2172 I G3ACoordinator: coordinator.cc:1148: Coordinator::AwbNotifyCaptureSessionOpen called for camera: {position: front, lens_type: multi_fov, spectrum: visible, instance: real, capability: {default_mode: 1, in_sensor_hdr: 1, remosaic: 0, max_resolution: 0}}
04-21 20:40:12.766   933  2172 I G3ACoordinator: coordinator.cc:1065: Coordinator::NotifyCaptureSessionOpen called for camera: {position: front, lens_type: multi_fov, spectrum: visible, instance: real, capability: {default_mode: 1, in_sensor_hdr: 1, remosaic: 0, max_resolution: 0}}
04-21 20:40:12.766   933  2172 I G3ACoordinator: coordinator.cc:1065: Coordinator::NotifyCaptureSessionOpen called for camera: {position: front, lens_type: multi_fov, spectrum: visible, instance: real, capability: {default_mode: 1, in_sensor_hdr: 1, remosaic: 0, max_resolution: 0}}
04-21 20:40:12.767   933  2121 I Lyric   : camera_device_session_manager_base.cc:486: CameraDeviceSessionManager for camera id(FrontMultiFov) is created.
04-21 20:40:12.767   933  2121 I Lyric   : camera_device_session_hwl_impl.cc:354: Created CameraDeviceSessionHwlImpl for camera 1
04-21 20:40:12.767  1508  1914 I DisplayPowerController[0]: Unblocked screen on after 99 ms
04-21 20:40:12.767   933  2121 I Lyric   : camera_device_manager_impl.cc:66: Pinning memory flag v2 is set to 0.
04-21 20:40:12.768   933  1446 I Lyric   : motion_sensor_controller_proxy.cc:477: Start to acquire all sensor readers.
04-21 20:40:12.771   933  2060 I Lyric   : spectral_driver.cc:182: Changed als mode from 0 to 1 for sensor: rear with new id: 1711
04-21 20:40:12.775  1508  1508 V WindowManager: WindowManager: Display id=0 is notified that Camera 1 is open for package client.pid<1223>
04-21 20:40:12.775  1508  1508 W WindowManager: WindowManager: Cannot find camera activity.
04-21 20:40:12.789   933 11138 I Lyric   : sensor_generic_driver.cc:5351: TAOTIEFRONT ReadSensorId success: 0x858 setting version: 1.7 setting type: 0
04-21 20:40:12.790     0     0 I trusty  : logging.cc: 91: ***"faceauth": :40: TZ-TPU Wakelock acquired.
04-21 20:40:12.790     0     0 I trusty  : logging.cc: 91: ***: :239: Command Received: AuthenticationCreate
04-21 20:40:12.790     0     0 I trusty  : logging.cc: 91: ***: :341: Faceauth product version 5.22
04-21 20:40:12.791  1508  1914 I DisplayBrightnessStrategySelector: Changing the DisplayBrightnessStrategy from AutoBrightnessFallbackStrategy to AutomaticBrightnessStrategy for display 0
04-21 20:40:12.792  1508  1914 V DisplayPowerController[0]: Brightness [0.047921166] reason changing to: 'automatic', previous reason: 'screen_off_brightness_sensor'.
04-21 20:40:12.792  1508  1914 I DisplayPowerController[0]: BrightnessEvent: brt=0.047921166(65.0%), nits=100.03267, lux=54.35301, reason=automatic, strat=AutomaticBrightnessStrategy, state=ON, stateReason=KEY, policy=BRIGHT, flags=, initBrt=0.01635674, rcmdBrt=0.047921166, preBrt=NaN, preLux=NaN, lastReadLux=54.35301, wasShortTermModelActive=false, autoBrightness=true (default), unclampedBrt=0.047921166, hbmMax=0.2922917, hbmMode=off, thrmMax=1.0, rbcStrength=35, powerFactor=1.0, physDisp=Built-in Screen(local:4619827359057144832), logicalId=0, slowChange=false, rampSpeed=0.7047244
04-21 20:40:12.793  1508  2141 D AmbientContextManagerService: Not all events types are wearable events.
04-21 20:40:12.793  1508  2141 D AmbientContextManagerService: getServiceForType with userid: 0 service type: DEFAULT
04-21 20:40:12.793  1508  2141 D AmbientContextManagerService: Services that are available: 1 number of services
04-21 20:40:12.793  1508  2141 D AmbientContextManagerService: Not all events types are wearable events.
04-21 20:40:12.793  1508  2141 D AmbientContextManagerPerUserService: Query event status of [3] for com.android.systemui
04-21 20:40:12.793  1508  1866 I BrightnessSynchronizer: [3602] New Update 0.047921166(f) set brightness values:  13(i)
04-21 20:40:12.793  1508  2141 I DefaultRemoteAmbientContextDetectionService: Query status for com.android.systemui
04-21 20:40:12.796  1508  2901 E AppOps  : attributionTag IWLAN not declared in manifest of com.google.android.iwlan
04-21 20:40:12.799  1508  4519 E AppOps  : attributionTag IWLAN not declared in manifest of com.google.android.iwlan
04-21 20:40:12.804  1508  4694 I AmbientContextManagerPerUserService: Got detection status of 2 for com.android.systemui
04-21 20:40:12.808     0     0 I trusty  : gxp_device_impl: 460: Loaded GXP library:
04-21 20:40:12.808     0     0 I trusty  : gxp_device_impl: 462:  - Name: tuscany_dsp_lib
04-21 20:40:12.808     0     0 I trusty  : gxp_device_impl: 463:  - Functions: ExtractThumbnailKernel,Yuv2RgbKernel
04-21 20:40:12.808     0     0 I trusty  : logging.cc: 91: ***: :100: Creating dsp pal.
04-21 20:40:12.810   933  1446 I Lyric   : direct_channel_motion_sensor_data_streamer.cc:591: gyroscope resource acquired.
04-21 20:40:12.810   933  1446 W Lyric   : direct_channel_motion_sensor_data_streamer.cc:570: gyroscope acquire resources spent {overall = 42.280477ms, get_service_manager = 16.764us, get_default_sensor = 417.073us, create_hardware_buffer = 2.076376ms, create_direct_channel = 32.491495ms, configure_direct_channel = 7.195312ms, lock_hardware_buffer = 45.085us}
04-21 20:40:12.811   933  1446 I Lyric   : time_triggered_task_pool.cc:66: Timer is created: TTTP[0,0]
04-21 20:40:12.811   933 11160 I Lyric   : time_triggered_task_pool.cc:112: TTTP[0,0] worker is running the loop
04-21 20:40:12.814   933  2210 I Lyric   : camera_device_session_hwl_impl.cc:1332: CameraDeviceSessionHwlImpl::IsStreamConfigurationSupported 1
04-21 20:40:12.814   933  2210 I Lyric   : lyric_basic_capture_session.cc:66: LyricBasicCaptureSession supports the stream config
04-21 20:40:12.815   933  2210 I Lyric   : camera_powerhal_impl.cc:265: SetPowerStreamingMode CAMERA_STREAMING_STANDARD mode
04-21 20:40:12.815   933  2210 I Lyric   : camera_powerhal_impl.cc:265: SetPowerStreamingMode CAMERA_GPU_STANDARD mode
04-21 20:40:12.815  1508  1866 I BrightnessSynchronizer: Swallowing update of 13(i) by update: {[3602] 0.047921166(f), mUpdatedTypes=1, mConfirmedTypes=1, mTimeUpdated=96574445}
04-21 20:40:12.815  1508  1866 I BrightnessSynchronizer: Completed Update: {[3602] 0.047921166(f), mUpdatedTypes=1, mConfirmedTypes=1, mTimeUpdated=96574445}
04-21 20:40:12.816   933  2210 I Lyric   : camera_device_session_manager_impl.cc:392: ==========Classified streams for camera 1==========
04-21 20:40:12.816   933  2210 I Lyric   : camera_device_session_manager_impl.cc:396: Physical camera id 7 stream id 0 width 1600 height 1200 format: YCBCR_420_888 usage: 32 type Output
04-21 20:40:12.816   933  2210 I Lyric   : camera_device_session_manager_impl.cc:403: Dump lyric internal stream:
04-21 20:40:12.816   933  2177 I Lyric   : camera_device_session_hwl_impl.cc:879: BuildPipelines entered, camera_id: 1
04-21 20:40:12.816   933  2177 I Lyric   : active_camera_device_tracker.cc:53: Adding camera: 1, is_logical_camera: 1, is_front_camera: 1, is_1p_camera_app: 1, active devices: 0, is_tele_camera_participant: 0
04-21 20:40:12.816   933  2177 I Lyric   : active_camera_device_tracker.cc:199: No specific graph requested, allowing lyric to select based on stream configuration.
04-21 20:40:12.816   933  2177 I Lyric   : camera_device_session_manager_base.cc:693: Attempting to build a processing graph
04-21 20:40:12.816   933  2177 I Lyric   : choose_and_make.h:48: Not making GenericGraph due to: FAILED_PRECONDITION: GenericGraph can't support stream configuration with logical camera
04-21 20:40:12.816   933  2177 I Lyric   : multicam_graph.cc:504: SW denoise supports logical stream only
04-21 20:40:12.816   933  2177 I Lyric   : multicam_node.cc:889: Create Multicam node for logical camera 1, default camera id 8, roi transformation type 1, enable metadata validation 0, enable zoom ratio recalculation 1, enable multicam two stage processing 1
04-21 20:40:12.816   933  2177 W Lyric   : multicam_graph.cc:427: Force LTMPostProcessingNode to be disabled because is not supported by current device or LTM is disabled.
04-21 20:40:12.816   933  2177 I Lyric   : top_level_graph_utils.cc:27: Sobek system property (from enable_sobek): 0
04-21 20:40:12.816   933  2177 I Lyric   : top_level_graph_utils.cc:41: Sobek session enabled (from GCA) : 0 for camera Front
04-21 20:40:12.817   933  2177 I Lyric   : top_level_graph_utils.cc:50: Sobek sensor enabled (from sensor properties): 0 for camera Front
04-21 20:40:12.817   933  2177 I Lyric   : multicam_subgraph_config.cc:17: Attempting to configure MulticamGraph for computer vision mode: secure
04-21 20:40:12.817   933  2177 I Lyric   : guess_camera_mode.cc:345: GetAppInfo: vendor tags  camera 1p: 1 camera extension: 0 face auth mode: 2
04-21 20:40:12.817   933  2177 I Lyric   : stream_info_parser.cc:139: Project11 enabled: 0
04-21 20:40:12.817   933  2177 W Lyric   : stream_info_parser.cc:408: Camera Front unknown stream: {type: StreamInfo, stream_id: 0, camera_id: Front, format: YCBCR_420_888, width: 1600, height: 1200, usage: [Protected], stream_type: Output, use_case: Default, data_space: DataSpace(Color)::(Standard: BT601_625, Transfer: SMPTE_170M, Range: Full), is_framework_physical_stream: 1, dynamic_range_profile: Standard, intended_for_max_resolution_mode: 0, group_id: -1, is_tunable: 1} does not fall in any known use case
04-21 20:40:12.817   933  2177 I Lyric   : generic_subgraph.cc:1014: camera 7, video_bokeh_rendering_hw_enabled = 0
04-21 20:40:12.817   933  2177 I Lyric   : strategy_list.cc:42: Strategy List created with clock voting strategies: [MaxClockPerRailStrategy] 
04-21 20:40:12.817   933  2177 I Lyric   :  and bandwidth voting strategies: [DefaultBandwidthVotingStrategy]
04-21 20:40:12.817   933  2177 I Lyric   : generic_subgraph.cc:1428: The aligner on camera Front is None
04-21 20:40:12.817   933  4149 I GAF     : actuator_utils.cc:174: [FATP][PROTO] POSITION 2 LENS 0 INF 1518, MACRO 2341
04-21 20:40:12.817   933  4149 I G3ACoordinator: actuator_engine.cc:50: [7, 7] ActuatorEngine_7_7 initialized
04-21 20:40:12.817   933  4149 W Lyric   : generic_subgraph.cc:1822: camera_id = 7, actuator_name = act-front-normal; actuator_sensitivity: 0.0291616, actuator_max_position_logical: 36
04-21 20:40:12.817   933  4149 I Lyric   : generic_subgraph.cc:2028: positive_offsets_enabled: ENABLED.; enable_positive_offset = 0
04-21 20:40:12.817   933  4149 I Lyric   : generic_subgraph.cc:2114: Roshi not supported in Front
04-21 20:40:12.817   933  4149 I Lyric   : generic_subgraph.cc:2134: Building graph with sobek disabled
04-21 20:40:12.817   933  1978 I Lyric   : binder_sensor_vsync_reader.cc:26: Created BinderSensorVsyncReader, cam_vsync_id: 2
04-21 20:40:12.817   933  4149 I Lyric   : multisensor_controller.cc:1144: Front RadioExt: preferred_mipi_rate size 1 preferred_dbr_rate size 0. API delay 177.572us
