npm.cmd : npm warn Unknown cli config "--watchAll". This will stop working in the next major version of npm.
En línea: 1 Carácter: 1
+ npm.cmd test src/core/services/queue/__tests__/PersistentQueue.test.t ...
+ ~~~~~~~~~~~~~~~~~~~~~~~~~~~~~~~~~~~~~~~~~~~~~~~~~~~~~~~~~~~~~~~~~~~~~
    + CategoryInfo          : NotSpecified: (npm warn Unknow...version of npm.:String) [], RemoteException
    + FullyQualifiedErrorId : NativeCommandError
 

> mi-inventario-app@1.0.0 test
> jest src/core/services/queue/__tests__/PersistentQueue.test.ts

FAIL src/core/services/queue/__tests__/PersistentQueue.test.ts
  PersistentQueue
    ÔêÜ enqueue creates a job with PENDING status (7 ms)
    ├ù dequeue fetches and updates a pending job (1 ms)
    ├ù markComplete updates status to COMPLETED (1 ms)
    ÔêÜ getStats returns counts for each status (2 ms)

  ÔùÅ PersistentQueue ÔÇ║ dequeue fetches and updates a pending job

    TypeError: _watermelondb.Q.oneOf is not a function

    [0m [90m 26 |[39m       [33m.[39mquery(
     [90m 27 |[39m         [33mQ[39m[33m.[39mand(
    [31m[1m>[22m[39m[90m 28 |[39m           [33mQ[39m[33m.[39mwhere([32m'status'[39m[33m,[39m 
[33mQ[39m[33m.[39moneOf([[32m'PENDING'[39m[33m,[39m [32m'FAILED'[39m]))[33m,[39m
     [90m    |[39m                               [31m[1m^[22m[39m
     [90m 29 |[39m           [33mQ[39m[33m.[39mor(
     [90m 30 |[39m             [33mQ[39m[33m.[39mwhere([32m'next_retry_at'[39m[33m,[39m 
[33mQ[39m[33m.[39meq([36mnull[39m))[33m,[39m
     [90m 31 |[39m             [33mQ[39m[33m.[39mwhere([32m'next_retry_at'[39m[33m,[39m 
[33mQ[39m[33m.[39mlt(now))[0m

      at PersistentQueue.oneOf (src/core/services/queue/PersistentQueue.ts:28:31)
      at asyncGeneratorStep (node_modules/@babel/runtime/helpers/asyncToGenerator.js:3:17)
      at _next (node_modules/@babel/runtime/helpers/asyncToGenerator.js:17:9)
      at node_modules/@babel/runtime/helpers/asyncToGenerator.js:22:7
      at PersistentQueue.<anonymous> (node_modules/@babel/runtime/helpers/asyncToGenerator.js:14:12)
      at PersistentQueue.apply [as dequeue] (src/core/services/queue/PersistentQueue.ts:23:16)
      at Object.dequeue (src/core/services/queue/__tests__/PersistentQueue.test.ts:29:29)
      at asyncGeneratorStep (node_modules/@babel/runtime/helpers/asyncToGenerator.js:3:17)
      at _next (node_modules/@babel/runtime/helpers/asyncToGenerator.js:17:9)
      at node_modules/@babel/runtime/helpers/asyncToGenerator.js:22:7
      at Object.<anonymous> (node_modules/@babel/runtime/helpers/asyncToGenerator.js:14:12)

  ÔùÅ PersistentQueue ÔÇ║ markComplete updates status to COMPLETED

    TypeError: Cannot read properties of undefined (reading 'mockResolvedValueOnce')

    [0m [90m 40 |[39m     }[33m;[39m
     [90m 41 |[39m
    [31m[1m>[22m[39m[90m 42 |[39m     (database[33m.[39m[36mget[39m([32m'outbox_jobs'[39m)[33m.[39mfind 
[36mas[39m jest[33m.[39m[33mMock[39m)[33m.[39mmockResolvedValueOnce(mockJob)[33m;[39m
     [90m    |[39m                                      [31m[1m^[22m[39m
     [90m 43 |[39m
     [90m 44 |[39m     [36mawait[39m queue[33m.[39mmarkComplete([32m'123'[39m)[33m;[39m
     [90m 45 |[39m[0m

      at Object.<anonymous> (src/core/services/queue/__tests__/PersistentQueue.test.ts:42:38)
      at asyncGeneratorStep (node_modules/@babel/runtime/helpers/asyncToGenerator.js:3:17)
      at _next (node_modules/@babel/runtime/helpers/asyncToGenerator.js:17:9)
      at node_modules/@babel/runtime/helpers/asyncToGenerator.js:22:7
      at Object.<anonymous> (node_modules/@babel/runtime/helpers/asyncToGenerator.js:14:12)

-------------------------------|---------|----------|---------|---------|-------------------
File                           | % Stmts | % Branch | % Funcs | % Lines | Uncovered Line #s 
-------------------------------|---------|----------|---------|---------|-------------------
All files                      |    1.79 |        0 |    2.37 |    1.96 |                   
 core/constants                |       0 |        0 |       0 |       0 |                   
  mensajes.ts                  |       0 |        0 |       0 |       0 | 3-47              
 core/database                 |      10 |        0 |       0 |      10 |                   
  schema.ts                    |     100 |      100 |     100 |     100 |                   
  supabase.ts                  |       0 |        0 |       0 |       0 | 4-18              
 core/database/models          |     100 |      100 |     100 |     100 |                   
  Envio.ts                     |     100 |      100 |     100 |     100 |                   
  Movimiento.ts                |     100 |      100 |     100 |     100 |                   
  OutboxJob.ts                 |     100 |      100 |     100 |     100 |                   
  Producto.ts                  |     100 |      100 |     100 |     100 |                   
 core/navigation               |       0 |      100 |       0 |       0 |                   
  AppNavigator.tsx             |       0 |      100 |       0 |       0 | 12-15             
 core/services/queue           |   10.52 |        0 |   16.66 |    11.2 |                   
  PersistentQueue.ts           |   33.33 |        0 |   31.57 |   34.14 | 39-93             
  QueueProcessor.ts            |       0 |        0 |       0 |       0 | 8-94              
  QueueRetryStrategy.ts        |       0 |        0 |       0 |       0 | 5-38              
  jobHandlers.ts               |       0 |        0 |       0 |       0 | 7-85              
  types.ts                     |       0 |        0 |       0 |       0 |                   
 core/ui                       |       0 |        0 |       0 |       0 |                   
  BottomBar.tsx                |       0 |        0 |       0 |       0 | 17-122            
  SkeletonCard.tsx             |       0 |      100 |       0 |       0 | 7-59              
  ThemeContext.tsx             |       0 |        0 |       0 |       0 | 16-55             
  colores.ts                   |       0 |      100 |     100 |       0 | 5                 
  shadows.ts                   |       0 |      100 |     100 |       0 | 6                 
  tokens.ts                    |       0 |      100 |     100 |       0 | 7                 
 core/ui/components            |       0 |        0 |       0 |       0 |                   
  Badge.tsx                    |       0 |        0 |       0 |       0 | 13-46             
  Button.tsx                   |       0 |        0 |       0 |       0 | 27-89             
  Input.tsx                    |       0 |        0 |       0 |       0 | 22-68             
  Surface.tsx                  |       0 |        0 |       0 |       0 | 14-49             
  Typography.tsx               |       0 |        0 |       0 |       0 | 14-46             
 core/utils                    |       0 |        0 |       0 |       0 |                   
  benchmark.ts                 |       0 |        0 |       0 |       0 | 15-45             
  exportaciones.ts             |       0 |      100 |       0 |       0 | 5-54              
  fecha.ts                     |       0 |        0 |       0 |       0 | 13-120            
  formato.ts                   |       0 |        0 |       0 |       0 | 3-8               
  sonidos.ts                   |       0 |        0 |       0 |       0 | 4-28              
  useDebounce.ts               |       0 |      100 |       0 |       0 | 5-17              
  useNetworkStatus.ts          |       0 |        0 |       0 |       0 | 11-48             
 features/analytics/hooks      |       0 |        0 |       0 |       0 |                   
  useAnalytics.ts              |       0 |        0 |       0 |       0 | 6-55              
 features/analytics/screens    |       0 |        0 |       0 |       0 |                   
  AnalyticsScreen.tsx          |       0 |        0 |       0 |       0 | 19-170            
 features/historial/hooks      |       0 |        0 |       0 |       0 |                   
  useHistorial.ts              |       0 |        0 |       0 |       0 | 16-55             
 features/historial/screens    |       0 |        0 |       0 |       0 |                   
  HistorialScreen.tsx          |       0 |        0 |       0 |       0 | 18-188            
 features/inventory/components |       0 |        0 |       0 |       0 |                   
  EditProductoModal.tsx        |       0 |        0 |       0 |       0 | 19-228            
  ProductoCard.tsx             |       0 |        0 |       0 |       0 | 19-100            
 features/inventory/hooks      |       0 |        0 |       0 |       0 |                   
  useFiltrosInventario.ts      |       0 |        0 |       0 |       0 | 16-47             
 features/inventory/repository |       0 |        0 |       0 |       0 |                   
  inventarioRepository.ts      |       0 |        0 |       0 |       0 | 16-132            
 features/inventory/screens    |       0 |        0 |       0 |       0 |                   
  InventarioListScreen.tsx     |       0 |        0 |       0 |       0 | 35-332            
 features/inventory/services   |       0 |        0 |       0 |       0 |                   
  syncService.ts               |       0 |        0 |       0 |       0 | 7-205             
 features/inventory/store      |       0 |        0 |       0 |       0 |                   
  useInventarioStore.ts        |       0 |        0 |       0 |       0 | 38-151            
 features/logistics/hooks      |       0 |        0 |       0 |       0 |                   
  useLogisticsSync.ts          |       0 |        0 |       0 |       0 | 16-64             
 features/logistics/repository |       0 |      100 |       0 |       0 |                   
  logisticsRepository.ts       |       0 |      100 |       0 |       0 | 4-21              
 features/logistics/screens    |       0 |        0 |       0 |       0 |                   
  PickingScreen.tsx            |       0 |        0 |       0 |       0 | 13-366            
  StorePanelScreen.tsx         |       0 |        0 |       0 |       0 | 35-494            
 features/scanner/hooks        |       0 |        0 |       0 |       0 |                   
  useScanner.ts                |       0 |        0 |       0 |       0 | 17-112            
 features/scanner/repository   |       0 |      100 |       0 |       0 |                   
  scannerRepository.ts         |       0 |      100 |       0 |       0 | 10-15             
 features/scanner/screens      |       0 |      100 |       0 |       0 |                   
  ScannerScreen.tsx            |       0 |      100 |       0 |       0 | 17-77             
-------------------------------|---------|----------|---------|---------|-------------------
Jest: "global" coverage threshold for statements (90%) not met: 1.79%
Jest: "global" coverage threshold for branches (90%) not met: 0%
Jest: "global" coverage threshold for lines (90%) not met: 1.96%
Jest: "global" coverage threshold for functions (90%) not met: 2.37%
Test Suites: 1 failed, 1 total
Tests:       2 failed, 2 passed, 4 total
Snapshots:   0 total
Time:        4.503 s
Ran all test suites matching src/core/services/queue/__tests__/PersistentQueue.test.ts.
